--------- beginning of system
04-19 23:20:59.957 D/local_opengl(    0): Starting local_opengl
--------- beginning of main
04-19 23:20:53.396 W/auditd  (  468): type=2000 audit(0.0:1): initialized
04-19 23:20:59.957 D/local_opengl(    0): Getting player version
04-19 23:20:59.963 I/iptables(  119): iptables: No chain/target/match by that name.
04-19 23:20:59.963 I/iptables(  119): iptables terminated by exit(1)
04-19 23:20:59.963 E/BandwidthController(  119): runIptablesCmd(): res=1 status=256 failed /system/bin/iptables -A bw_INPUT -m owner --socket-exists
04-19 23:20:59.966 I/lowmemorykiller(  470): Using in-kernel low memory killer interface
04-19 23:20:59.966 I/ip6tables(  119): ip6tables: No chain/target/match by that name.
04-19 23:20:59.967 I/ip6tables(  119): ip6tables terminated by exit(1)
04-19 23:20:59.967 E/BandwidthController(  119): runIptablesCmd(): res=1 status=256 failed /system/bin/ip6tables -A bw_INPUT -m owner --socket-exists
04-19 23:20:59.969 D/vinput  (  473): Starting Vinput Daemon
04-19 23:20:59.970 D/baseband-redis(  492): Redis baseband read thread is starting ...
04-19 23:20:59.971 D/vinput  (  473): send_status_async
04-19 23:20:59.971 D/vinput  (  473): send_status
04-19 23:20:59.971 W/vinput  (  473): Empty command, we ignore it
04-19 23:20:59.971 W/vinput  (  473): Vinput: Publish command vinput status ready configured:0 has no receiver
04-19 23:20:59.972 E/network_profile_handler(  480): init_all_network_profile_state: wlan: eth1 phone:rmnet0
04-19 23:20:59.972 I/network_profile(  480): Redis connect
04-19 23:20:59.973 I/network_profile(  480): Redis PUB: network_profile status ready
04-19 23:20:59.973 I/network_profile(  480): Redis read thread
04-19 23:20:59.973 I/network_profile(  480): Redis read wait
04-19 23:20:59.973 W/baseband-redis(  492): Redis message not properly formated
04-19 23:20:59.973 W/network_profile(  480): message not properly formated
04-19 23:20:59.980 E/Netd    (  119): Unable to create netlink socket: Protocol not supported
04-19 23:20:59.980 E/Netd    (  119): Unable to open quota2 logging socket
04-19 23:20:59.980 D/MDnsDS  (  119): MDnsSdListener::Hander starting up
04-19 23:20:59.981 D/MDnsDS  (  119): MDnsSdListener starting to monitor
04-19 23:20:59.981 D/MDnsDS  (  119): Going to poll with pollCount 1
04-19 23:20:59.986 I/Vold    (  472): Vold 2.1 (the revenge) firing up
04-19 23:21:00.090 I/mediaserver(  123): ServiceManager: 0xf6216d40
04-19 23:21:00.092 I/AudioFlinger(  123): Using default 3000 mSec as standby time.
04-19 23:21:00.094 I/ServiceManager(  123): Waiting for service batterystats...
04-19 23:21:00.361 E/memtrack(  128): Couldn't load memtrack module (No such file or directory)
04-19 23:21:00.361 E/android.os.Debug(  128): failed to load memtrack module: -2
04-19 23:21:00.402 I/SamplingProfilerIntegration(  128): Profiling disabled.
04-19 23:21:00.408 D/Zygote  (  128): begin preload
04-19 23:21:00.467 I/Zygote  (  128): Preloading classes...
04-19 23:21:00.484 I/art     (  128): Explicit concurrent mark sweep GC freed 992(55KB) AllocSpace objects, 0(0B) LOS objects, 93% free, 69KB/1093KB, paused 43us total 16.856ms
04-19 23:21:00.507 I/art     (  128): Counter: 1
04-19 23:21:00.523 I/art     (  128): Explicit concurrent mark sweep GC freed 548(33KB) AllocSpace objects, 0(0B) LOS objects, 91% free, 89KB/1113KB, paused 154us total 4.029ms
04-19 23:21:00.561 I/art     (  128): Explicit concurrent mark sweep GC freed 638(41KB) AllocSpace objects, 0(0B) LOS objects, 91% free, 97KB/1121KB, paused 58us total 4.635ms
04-19 23:21:00.663 I/art     (  128): Explicit concurrent mark sweep GC freed 397(25KB) AllocSpace objects, 0(0B) LOS objects, 89% free, 120KB/1144KB, paused 379us total 1.206ms
04-19 23:21:00.795 E/Minikin (  128): addFont failed to create font /system/fonts/NotoSansGujarati-Regular.ttf
04-19 23:21:00.795 E/Minikin (  128): addFont failed to create font /system/fonts/NotoSansGujarati-Bold.ttf
04-19 23:21:00.795 E/Minikin (  128): addFont failed to create font /system/fonts/NotoSansGujaratiUI-Regular.ttf
04-19 23:21:00.795 E/Minikin (  128): addFont failed to create font /system/fonts/NotoSansGujaratiUI-Bold.ttf
04-19 23:21:00.795 E/Minikin (  128): addFont failed to create font /system/fonts/NotoSansGurmukhi-Regular.ttf
04-19 23:21:00.795 E/Minikin (  128): addFont failed to create font /system/fonts/NotoSansGurmukhi-Bold.ttf
04-19 23:21:00.795 E/Minikin (  128): addFont failed to create font /system/fonts/NotoSansGurmukhiUI-Regular.ttf
04-19 23:21:00.795 E/Minikin (  128): addFont failed to create font /system/fonts/NotoSansGurmukhiUI-Bold.ttf
04-19 23:21:00.830 E/Minikin (  128): addFont failed to create font /system/fonts/NotoSansSinhala-Regular.ttf
04-19 23:21:00.830 E/Minikin (  128): addFont failed to create font /system/fonts/NotoSansSinhala-Bold.ttf
04-19 23:21:00.850 E/Minikin (  128): addFont failed to create font /system/fonts/NotoSansCherokee-Regular.ttf
04-19 23:21:00.850 E/Minikin (  128): addFont failed to create font /system/fonts/NotoSansCanadianAboriginal-Regular.ttf
04-19 23:21:00.850 E/Minikin (  128): addFont failed to create font /system/fonts/NotoSansYi-Regular.ttf
04-19 23:21:00.850 E/Minikin (  128): addFont failed to create font /system/fonts/NotoSansHans-Regular.otf
04-19 23:21:00.850 E/Minikin (  128): addFont failed to create font /system/fonts/NotoSansHant-Regular.otf
04-19 23:21:00.850 E/Minikin (  128): addFont failed to create font /system/fonts/NotoSansJP-Regular.otf
04-19 23:21:00.850 E/Minikin (  128): addFont failed to create font /system/fonts/NotoSansKR-Regular.otf
04-19 23:21:00.975 I/art     (  128): Explicit concurrent mark sweep GC freed 1471(107KB) AllocSpace objects, 0(0B) LOS objects, 88% free, 130KB/1154KB, paused 131us total 2.446ms
04-19 23:21:01.017 I/art     (  128): Explicit concurrent mark sweep GC freed 1954(93KB) AllocSpace objects, 0(0B) LOS objects, 85% free, 175KB/1199KB, paused 82us total 3.280ms
04-19 23:21:01.029 I/art     (  128): Explicit concurrent mark sweep GC freed 1982(88KB) AllocSpace objects, 0(0B) LOS objects, 82% free, 212KB/1236KB, paused 92us total 4.005ms
04-19 23:21:01.040 I/art     (  128): Explicit concurrent mark sweep GC freed 410(29KB) AllocSpace objects, 0(0B) LOS objects, 80% free, 248KB/1272KB, paused 76us total 5.099ms
04-19 23:21:01.098 I/ServiceManager(  123): Waiting for service batterystats...
04-19 23:21:01.146 I/art     (  128): Thread[1,tid=128,WaitingForJniOnLoad,Thread*=0xf4306800,peer=0x12c330e0,"main"] recursive attempt to load library "/system/lib/libmedia_jni.so"
04-19 23:21:01.146 D/MtpDeviceJNI(  128): register_android_mtp_MtpDevice
04-19 23:21:01.146 I/art     (  128): Thread[1,tid=128,WaitingForJniOnLoad,Thread*=0xf4306800,peer=0x12c330e0,"main"] recursive attempt to load library "/system/lib/libmedia_jni.so"
04-19 23:21:01.148 I/art     (  128): Thread[1,tid=128,WaitingForJniOnLoad,Thread*=0xf4306800,peer=0x12c330e0,"main"] recursive attempt to load library "/system/lib/libmedia_jni.so"
04-19 23:21:01.185 W/linker  (  128): libswresample.so has text relocations. This is wasting memory and prevents security hardening. Please fix.
04-19 23:21:01.191 W/linker  (  128): libavcodec.so has text relocations. This is wasting memory and prevents security hardening. Please fix.
04-19 23:21:01.231 I/art     (  128): Explicit concurrent mark sweep GC freed 668(38KB) AllocSpace objects, 0(0B) LOS objects, 79% free, 259KB/1283KB, paused 188us total 3.257ms
04-19 23:21:01.265 I/art     (  128): Explicit concurrent mark sweep GC freed 520(26KB) AllocSpace objects, 0(0B) LOS objects, 78% free, 287KB/1311KB, paused 92us total 2.848ms
04-19 23:21:01.297 I/art     (  128): Explicit concurrent mark sweep GC freed 554(31KB) AllocSpace objects, 0(0B) LOS objects, 76% free, 314KB/1338KB, paused 127us total 10.168ms
04-19 23:21:01.343 I/art     (  128): Explicit concurrent mark sweep GC freed 1858(109KB) AllocSpace objects, 0(0B) LOS objects, 68% free, 480KB/1504KB, paused 182us total 11.567ms
04-19 23:21:01.359 E/EmojiFactory_jni(  128): Failed to load libemoji.so: dlopen failed: library "libemoji.so" not found
04-19 23:21:01.396 I/art     (  128): Explicit concurrent mark sweep GC freed 361(46KB) AllocSpace objects, 0(0B) LOS objects, 56% free, 778KB/1802KB, paused 155us total 3.263ms
04-19 23:21:01.415 I/art     (  128): Explicit concurrent mark sweep GC freed 440(30KB) AllocSpace objects, 0(0B) LOS objects, 56% free, 797KB/1821KB, paused 98us total 2.428ms
04-19 23:21:01.436 I/art     (  128): Explicit concurrent mark sweep GC freed 778(49KB) AllocSpace objects, 0(0B) LOS objects, 56% free, 797KB/1821KB, paused 163us total 2.676ms
04-19 23:21:01.478 I/art     (  128): Explicit concurrent mark sweep GC freed 875(101KB) AllocSpace objects, 0(0B) LOS objects, 55% free, 825KB/1849KB, paused 69us total 8.393ms
04-19 23:21:01.495 I/art     (  128): Explicit concurrent mark sweep GC freed 623(44KB) AllocSpace objects, 0(0B) LOS objects, 55% free, 829KB/1853KB, paused 56us total 1.627ms
04-19 23:21:01.512 I/art     (  128): Explicit concurrent mark sweep GC freed 259(20KB) AllocSpace objects, 0(0B) LOS objects, 54% free, 858KB/1882KB, paused 58us total 1.322ms
04-19 23:21:01.558 I/art     (  128): Explicit concurrent mark sweep GC freed 28(1136B) AllocSpace objects, 0(0B) LOS objects, 45% free, 1242KB/2MB, paused 95us total 6.667ms
04-19 23:21:01.563 I/SurfaceFlinger(  528): SurfaceFlinger is starting
04-19 23:21:01.563 I/SurfaceFlinger(  528): SurfaceFlinger's main thread ready to run. Initializing graphics H/W...
04-19 23:21:01.563 I/art     (  128): Explicit concurrent mark sweep GC freed 586(34KB) AllocSpace objects, 0(0B) LOS objects, 44% free, 1257KB/2MB, paused 62us total 2.702ms
04-19 23:21:01.577 I/art     (  128): Explicit concurrent mark sweep GC freed 744(44KB) AllocSpace objects, 0(0B) LOS objects, 44% free, 1262KB/2MB, paused 197us total 10.522ms
04-19 23:21:01.579 D/libEGL  (  528): loaded /system/lib/egl/libEGL_emulation.so
04-19 23:21:01.580 D/libEGL  (  528): loaded /system/lib/egl/libGLESv1_CM_emulation.so
04-19 23:21:01.595 D/libEGL  (  528): loaded /system/lib/egl/libGLESv2_emulation.so
04-19 23:21:01.601 D/        (  528): HostConnection::get() New Host Connection established 0xf701a1d0, tid 528
04-19 23:21:01.664 I/System  (  128): Loaded time zone names for "" in 70ms (69ms in ICU)
04-19 23:21:01.679 E/SurfaceFlinger(  528): hwcomposer module not found
04-19 23:21:01.680 I/SurfaceFlinger(  528): EGL information:
04-19 23:21:01.680 I/SurfaceFlinger(  528): vendor    : Android
04-19 23:21:01.680 I/SurfaceFlinger(  528): version   : 1.4 Android META-EGL
04-19 23:21:01.680 I/SurfaceFlinger(  528): extensions: EGL_KHR_get_all_proc_addresses EGL_ANDROID_presentation_time EGL_KHR_image_base EGL_KHR_fence_sync EGL_ANDROID_image_native_buffer 
04-19 23:21:01.680 I/SurfaceFlinger(  528): Client API: OpenGL_ES
04-19 23:21:01.680 I/SurfaceFlinger(  528): EGLSurface: 8-8-8-8, config=0x2
04-19 23:21:01.694 I/System  (  128): Loaded time zone names for "en_US" in 29ms (28ms in ICU)
04-19 23:21:01.699 I/art     (  128): Explicit concurrent mark sweep GC freed 2400(181KB) AllocSpace objects, 0(0B) LOS objects, 41% free, 1420KB/2MB, paused 186us total 4.782ms
04-19 23:21:01.714 I/art     (  128): Explicit concurrent mark sweep GC freed 136(12KB) AllocSpace objects, 0(0B) LOS objects, 40% free, 1485KB/2MB, paused 76us total 2.590ms
04-19 23:21:01.731 I/art     (  128): Explicit concurrent mark sweep GC freed 289(24KB) AllocSpace objects, 0(0B) LOS objects, 39% free, 1537KB/2MB, paused 88us total 3.444ms
04-19 23:21:01.746 I/art     (  128): Explicit concurrent mark sweep GC freed 678(47KB) AllocSpace objects, 0(0B) LOS objects, 39% free, 1539KB/2MB, paused 59us total 3.649ms
04-19 23:21:01.747 I/Zygote  (  128): ...preloaded 3005 classes in 1280ms.
04-19 23:21:01.747 I/art     (  128): VMRuntime.preloadDexCaches starting
04-19 23:21:01.784 I/art     (  128): VMRuntime.preloadDexCaches strings total=211396 before=38222 after=38222
04-19 23:21:01.784 I/art     (  128): VMRuntime.preloadDexCaches types total=18189 before=6353 after=6387
04-19 23:21:01.784 I/art     (  128): VMRuntime.preloadDexCaches fields total=84633 before=32015 after=32340
04-19 23:21:01.785 I/art     (  128): VMRuntime.preloadDexCaches methods total=149739 before=65971 after=66848
04-19 23:21:01.785 I/art     (  128): VMRuntime.preloadDexCaches finished
04-19 23:21:01.785 I/art     (  128): Counter: 0
04-19 23:21:01.785 I/art     (  128): Counter: 1
04-19 23:21:01.797 I/art     (  128): Explicit concurrent mark sweep GC freed 71(16KB) AllocSpace objects, 0(0B) LOS objects, 40% free, 1524KB/2MB, paused 76us total 12.047ms
04-19 23:21:01.805 D/idmap   (  534): error: no read access to /vendor/overlay: No such file or directory
04-19 23:21:01.864 I/Zygote  (  128): Preloading resources...
04-19 23:21:01.900 W/Resources(  128): Preloaded drawable resource #0x1080096 (android:drawable/toast_frame) that varies with configuration!!
04-19 23:21:01.910 I/art     (  128): Explicit concurrent mark sweep GC freed 61(2688B) AllocSpace objects, 0(0B) LOS objects, 39% free, 1683KB/2MB, paused 560us total 9.870ms
04-19 23:21:01.914 W/Resources(  128): Preloaded drawable resource #0x1080111 (android:drawable/btn_check_on_pressed_holo_light) that varies with configuration!!
04-19 23:21:01.917 I/art     (  128): Explicit concurrent mark sweep GC freed 38(209KB) AllocSpace objects, 0(0B) LOS objects, 39% free, 1540KB/2MB, paused 86us total 2.910ms
04-19 23:21:01.918 W/Resources(  128): Preloaded drawable resource #0x1080110 (android:drawable/btn_check_on_pressed_holo_dark) that varies with configuration!!
04-19 23:21:01.926 I/art     (  128): Explicit concurrent mark sweep GC freed 32(65KB) AllocSpace objects, 0(0B) LOS objects, 39% free, 1540KB/2MB, paused 438us total 7.812ms
04-19 23:21:01.927 W/Resources(  128): Preloaded drawable resource #0x108010d (android:drawable/btn_check_on_holo_light) that varies with configuration!!
04-19 23:21:01.930 I/art     (  128): Explicit concurrent mark sweep GC freed 32(65KB) AllocSpace objects, 0(0B) LOS objects, 39% free, 1540KB/2MB, paused 61us total 3.033ms
04-19 23:21:01.931 W/Resources(  128): Preloaded drawable resource #0x108010c (android:drawable/btn_check_on_holo_dark) that varies with configuration!!
04-19 23:21:01.934 I/art     (  128): Explicit concurrent mark sweep GC freed 32(65KB) AllocSpace objects, 0(0B) LOS objects, 39% free, 1540KB/2MB, paused 81us total 2.775ms
04-19 23:21:01.934 W/Resources(  128): Preloaded drawable resource #0x108010a (android:drawable/btn_check_on_focused_holo_light) that varies with configuration!!
04-19 23:21:01.942 I/art     (  128): Explicit concurrent mark sweep GC freed 32(65KB) AllocSpace objects, 0(0B) LOS objects, 40% free, 1540KB/2MB, paused 162us total 7.434ms
04-19 23:21:01.944 W/Resources(  128): Preloaded drawable resource #0x1080109 (android:drawable/btn_check_on_focused_holo_dark) that varies with configuration!!
04-19 23:21:01.947 I/art     (  128): Explicit concurrent mark sweep GC freed 32(65KB) AllocSpace objects, 0(0B) LOS objects, 39% free, 1540KB/2MB, paused 61us total 2.468ms
04-19 23:21:01.948 W/Resources(  128): Preloaded drawable resource #0x1080108 (android:drawable/btn_check_on_disabled_holo_light) that varies with configuration!!
04-19 23:21:01.950 I/art     (  128): Explicit concurrent mark sweep GC freed 32(65KB) AllocSpace objects, 0(0B) LOS objects, 40% free, 1541KB/2MB, paused 82us total 2.700ms
04-19 23:21:01.951 W/Resources(  128): Preloaded drawable resource #0x1080107 (android:drawable/btn_check_on_disabled_holo_dark) that varies with configuration!!
04-19 23:21:01.960 I/art     (  128): Explicit concurrent mark sweep GC freed 32(65KB) AllocSpace objects, 0(0B) LOS objects, 39% free, 1541KB/2MB, paused 134us total 8.955ms
04-19 23:21:01.961 W/Resources(  128): Preloaded drawable resource #0x1080106 (android:drawable/btn_check_on_disabled_focused_holo_light) that varies with configuration!!
04-19 23:21:01.965 I/art     (  128): Explicit concurrent mark sweep GC freed 32(65KB) AllocSpace objects, 0(0B) LOS objects, 39% free, 1541KB/2MB, paused 59us total 2.914ms
04-19 23:21:01.965 W/Resources(  128): Preloaded drawable resource #0x1080105 (android:drawable/btn_check_on_disabled_focused_holo_dark) that varies with configuration!!
04-19 23:21:01.970 I/art     (  128): Explicit concurrent mark sweep GC freed 32(65KB) AllocSpace objects, 0(0B) LOS objects, 40% free, 1541KB/2MB, paused 108us total 3.952ms
04-19 23:21:01.973 W/Resources(  128): Preloaded drawable resource #0x10800fd (android:drawable/btn_check_off_pressed_holo_light) that varies with configuration!!
04-19 23:21:01.981 I/art     (  128): Explicit concurrent mark sweep GC freed 32(65KB) AllocSpace objects, 0(0B) LOS objects, 39% free, 1541KB/2MB, paused 119us total 7.777ms
04-19 23:21:01.983 W/Resources(  128): Preloaded drawable resource #0x10800fc (android:drawable/btn_check_off_pressed_holo_dark) that varies with configuration!!
04-19 23:21:01.993 I/art     (  128): Explicit concurrent mark sweep GC freed 32(65KB) AllocSpace objects, 0(0B) LOS objects, 40% free, 1541KB/2MB, paused 320us total 8.897ms
04-19 23:21:01.994 W/Resources(  128): Preloaded drawable resource #0x10800f7 (android:drawable/btn_check_off_holo_light) that varies with configuration!!
04-19 23:21:01.997 I/art     (  128): Explicit concurrent mark sweep GC freed 34(65KB) AllocSpace objects, 0(0B) LOS objects, 40% free, 1542KB/2MB, paused 74us total 2.855ms
04-19 23:21:01.998 W/Resources(  128): Preloaded drawable resource #0x10800f6 (android:drawable/btn_check_off_holo_dark) that varies with configuration!!
04-19 23:21:02.002 I/art     (  128): Explicit concurrent mark sweep GC freed 32(65KB) AllocSpace objects, 0(0B) LOS objects, 40% free, 1542KB/2MB, paused 137us total 3.823ms
04-19 23:21:02.007 W/Resources(  128): Preloaded drawable resource #0x10800f4 (android:drawable/btn_check_off_focused_holo_light) that varies with configuration!!
04-19 23:21:02.013 I/art     (  128): Explicit concurrent mark sweep GC freed 32(65KB) AllocSpace objects, 0(0B) LOS objects, 39% free, 1542KB/2MB, paused 178us total 5.289ms
04-19 23:21:02.014 W/Resources(  128): Preloaded drawable resource #0x10800f3 (android:drawable/btn_check_off_focused_holo_dark) that varies with configuration!!
04-19 23:21:02.017 I/art     (  128): Explicit concurrent mark sweep GC freed 32(65KB) AllocSpace objects, 0(0B) LOS objects, 40% free, 1542KB/2MB, paused 79us total 3.545ms
04-19 23:21:02.018 W/Resources(  128): Preloaded drawable resource #0x10800f2 (android:drawable/btn_check_off_disabled_holo_light) that varies with configuration!!
04-19 23:21:02.026 I/art     (  128): Explicit concurrent mark sweep GC freed 32(65KB) AllocSpace objects, 0(0B) LOS objects, 39% free, 1542KB/2MB, paused 334us total 7.569ms
04-19 23:21:02.027 W/Resources(  128): Preloaded drawable resource #0x10800f1 (android:drawable/btn_check_off_disabled_holo_dark) that varies with configuration!!
04-19 23:21:02.030 I/art     (  128): Explicit concurrent mark sweep GC freed 32(65KB) AllocSpace objects, 0(0B) LOS objects, 39% free, 1542KB/2MB, paused 70us total 2.750ms
04-19 23:21:02.031 W/Resources(  128): Preloaded drawable resource #0x10800f0 (android:drawable/btn_check_off_disabled_focused_holo_light) that varies with configuration!!
04-19 23:21:02.034 I/art     (  128): Explicit concurrent mark sweep GC freed 32(65KB) AllocSpace objects, 0(0B) LOS objects, 39% free, 1543KB/2MB, paused 94us total 2.402ms
04-19 23:21:02.034 W/Resources(  128): Preloaded drawable resource #0x10800ef (android:drawable/btn_check_off_disabled_focused_holo_dark) that varies with configuration!!
04-19 23:21:02.043 I/art     (  128): Explicit concurrent mark sweep GC freed 32(65KB) AllocSpace objects, 0(0B) LOS objects, 39% free, 1543KB/2MB, paused 251us total 8.035ms
04-19 23:21:02.050 W/Resources(  128): Preloaded drawable resource #0x108010d (android:drawable/btn_check_on_holo_light) that varies with configuration!!
04-19 23:21:02.051 W/Resources(  128): Preloaded drawable resource #0x10800f7 (android:drawable/btn_check_off_holo_light) that varies with configuration!!
04-19 23:21:02.051 W/Resources(  128): Preloaded drawable resource #0x1080111 (android:drawable/btn_check_on_pressed_holo_light) that varies with configuration!!
04-19 23:21:02.062 W/Resources(  128): Preloaded drawable resource #0x10800fd (android:drawable/btn_check_off_pressed_holo_light) that varies with configuration!!
04-19 23:21:02.064 W/Resources(  128): Preloaded drawable resource #0x108010a (android:drawable/btn_check_on_focused_holo_light) that varies with configuration!!
04-19 23:21:02.064 W/Resources(  128): Preloaded drawable resource #0x10800f4 (android:drawable/btn_check_off_focused_holo_light) that varies with configuration!!
04-19 23:21:02.065 W/Resources(  128): Preloaded drawable resource #0x10800f7 (android:drawable/btn_check_off_holo_light) that varies with configuration!!
04-19 23:21:02.065 W/Resources(  128): Preloaded drawable resource #0x108010d (android:drawable/btn_check_on_holo_light) that varies with configuration!!
04-19 23:21:02.078 W/Resources(  128): Preloaded drawable resource #0x1080108 (android:drawable/btn_check_on_disabled_holo_light) that varies with configuration!!
04-19 23:21:02.079 W/Resources(  128): Preloaded drawable resource #0x10800f2 (android:drawable/btn_check_off_disabled_holo_light) that varies with configuration!!
04-19 23:21:02.080 W/Resources(  128): Preloaded drawable resource #0x1080106 (android:drawable/btn_check_on_disabled_focused_holo_light) that varies with configuration!!
04-19 23:21:02.081 W/Resources(  128): Preloaded drawable resource #0x10800f0 (android:drawable/btn_check_off_disabled_focused_holo_light) that varies with configuration!!
04-19 23:21:02.081 W/Resources(  128): Preloaded drawable resource #0x10800f2 (android:drawable/btn_check_off_disabled_holo_light) that varies with configuration!!
04-19 23:21:02.082 W/Resources(  128): Preloaded drawable resource #0x1080108 (android:drawable/btn_check_on_disabled_holo_light) that varies with configuration!!
04-19 23:21:02.082 W/Resources(  128): Preloaded drawable resource #0x10800e5 (android:drawable/btn_check_holo_light) that varies with configuration!!
04-19 23:21:02.091 I/art     (  128): Explicit concurrent mark sweep GC freed 124(901KB) AllocSpace objects, 0(0B) LOS objects, 40% free, 1546KB/2MB, paused 175us total 7.661ms
04-19 23:21:02.093 W/Resources(  128): Preloaded drawable resource #0x108010c (android:drawable/btn_check_on_holo_dark) that varies with configuration!!
04-19 23:21:02.093 W/Resources(  128): Preloaded drawable resource #0x10800f6 (android:drawable/btn_check_off_holo_dark) that varies with configuration!!
04-19 23:21:02.093 W/Resources(  128): Preloaded drawable resource #0x1080110 (android:drawable/btn_check_on_pressed_holo_dark) that varies with configuration!!
04-19 23:21:02.094 W/Resources(  128): Preloaded drawable resource #0x10800fc (android:drawable/btn_check_off_pressed_holo_dark) that varies with configuration!!
04-19 23:21:02.095 W/Resources(  128): Preloaded drawable resource #0x1080109 (android:drawable/btn_check_on_focused_holo_dark) that varies with configuration!!
04-19 23:21:02.095 W/Resources(  128): Preloaded drawable resource #0x10800f3 (android:drawable/btn_check_off_focused_holo_dark) that varies with configuration!!
04-19 23:21:02.095 W/Resources(  128): Preloaded drawable resource #0x10800f6 (android:drawable/btn_check_off_holo_dark) that varies with configuration!!
04-19 23:21:02.096 W/Resources(  128): Preloaded drawable resource #0x108010c (android:drawable/btn_check_on_holo_dark) that varies with configuration!!
04-19 23:21:02.097 W/Resources(  128): Preloaded drawable resource #0x1080107 (android:drawable/btn_check_on_disabled_holo_dark) that varies with configuration!!
04-19 23:21:02.097 W/Resources(  128): Preloaded drawable resource #0x10800f1 (android:drawable/btn_check_off_disabled_holo_dark) that varies with configuration!!
04-19 23:21:02.098 W/Resources(  128): Preloaded drawable resource #0x1080105 (android:drawable/btn_check_on_disabled_focused_holo_dark) that varies with configuration!!
04-19 23:21:02.098 W/Resources(  128): Preloaded drawable resource #0x10800ef (android:drawable/btn_check_off_disabled_focused_holo_dark) that varies with configuration!!
04-19 23:21:02.098 I/ServiceManager(  123): Waiting for service batterystats...
04-19 23:21:02.098 W/Resources(  128): Preloaded drawable resource #0x10800f1 (android:drawable/btn_check_off_disabled_holo_dark) that varies with configuration!!
04-19 23:21:02.099 W/Resources(  128): Preloaded drawable resource #0x1080107 (android:drawable/btn_check_on_disabled_holo_dark) that varies with configuration!!
04-19 23:21:02.099 W/Resources(  128): Preloaded drawable resource #0x10800e4 (android:drawable/btn_check_holo_dark) that varies with configuration!!
04-19 23:21:02.112 I/art     (  128): Explicit concurrent mark sweep GC freed 120(901KB) AllocSpace objects, 0(0B) LOS objects, 39% free, 1547KB/2MB, paused 94us total 9.280ms
04-19 23:21:02.115 W/Resources(  128): Preloaded drawable resource #0x10801c3 (android:drawable/btn_radio_on_pressed_holo_light) that varies with configuration!!
04-19 23:21:02.118 I/art     (  128): Explicit concurrent mark sweep GC freed 86(68KB) AllocSpace objects, 0(0B) LOS objects, 39% free, 1544KB/2MB, paused 98us total 3.141ms
04-19 23:21:02.119 W/Resources(  128): Preloaded drawable resource #0x10801c2 (android:drawable/btn_radio_on_pressed_holo_dark) that varies with configuration!!
04-19 23:21:02.128 I/art     (  128): Explicit concurrent mark sweep GC freed 32(65KB) AllocSpace objects, 0(0B) LOS objects, 39% free, 1544KB/2MB, paused 79us total 8.729ms
04-19 23:21:02.129 W/Resources(  128): Preloaded drawable resource #0x10801bf (android:drawable/btn_radio_on_holo_light) that varies with configuration!!
04-19 23:21:02.132 I/art     (  128): Explicit concurrent mark sweep GC freed 32(65KB) AllocSpace objects, 0(0B) LOS objects, 39% free, 1545KB/2MB, paused 105us total 2.767ms
04-19 23:21:02.133 W/Resources(  128): Preloaded drawable resource #0x10801be (android:drawable/btn_radio_on_holo_dark) that varies with configuration!!
04-19 23:21:02.138 I/art     (  128): Explicit concurrent mark sweep GC freed 32(65KB) AllocSpace objects, 0(0B) LOS objects, 39% free, 1545KB/2MB, paused 224us total 4.452ms
04-19 23:21:02.142 W/Resources(  128): Preloaded drawable resource #0x10801bc (android:drawable/btn_radio_on_focused_holo_light) that varies with configuration!!
04-19 23:21:02.144 I/art     (  128): Explicit concurrent mark sweep GC freed 32(65KB) AllocSpace objects, 0(0B) LOS objects, 40% free, 1545KB/2MB, paused 105us total 2.073ms
04-19 23:21:02.145 W/Resources(  128): Preloaded drawable resource #0x10801bb (android:drawable/btn_radio_on_focused_holo_dark) that varies with configuration!!
04-19 23:21:02.147 I/art     (  128): Explicit concurrent mark sweep GC freed 32(65KB) AllocSpace objects, 0(0B) LOS objects, 39% free, 1545KB/2MB, paused 79us total 2.232ms
04-19 23:21:02.148 W/Resources(  128): Preloaded drawable resource #0x10801ba (android:drawable/btn_radio_on_disabled_holo_light) that varies with configuration!!
04-19 23:21:02.150 I/art     (  128): Explicit concurrent mark sweep GC freed 34(66KB) AllocSpace objects, 0(0B) LOS objects, 39% free, 1545KB/2MB, paused 122us total 2.045ms
04-19 23:21:02.151 W/Resources(  128): Preloaded drawable resource #0x10801b9 (android:drawable/btn_radio_on_disabled_holo_dark) that varies with configuration!!
04-19 23:21:02.161 I/art     (  128): Explicit concurrent mark sweep GC freed 32(65KB) AllocSpace objects, 0(0B) LOS objects, 39% free, 1546KB/2MB, paused 264us total 10.485ms
04-19 23:21:02.163 W/Resources(  128): Preloaded drawable resource #0x10801b8 (android:drawable/btn_radio_on_disabled_focused_holo_light) that varies with configuration!!
04-19 23:21:02.165 I/art     (  128): Explicit concurrent mark sweep GC freed 32(65KB) AllocSpace objects, 0(0B) LOS objects, 39% free, 1546KB/2MB, paused 123us total 2.414ms
04-19 23:21:02.166 W/Resources(  128): Preloaded drawable resource #0x10801b7 (android:drawable/btn_radio_on_disabled_focused_holo_dark) that varies with configuration!!
04-19 23:21:02.173 I/art     (  128): Explicit concurrent mark sweep GC freed 32(65KB) AllocSpace objects, 0(0B) LOS objects, 39% free, 1546KB/2MB, paused 238us total 5.590ms
04-19 23:21:02.174 W/Resources(  128): Preloaded drawable resource #0x10801b3 (android:drawable/btn_radio_off_pressed_holo_light) that varies with configuration!!
04-19 23:21:02.178 I/art     (  128): Explicit concurrent mark sweep GC freed 32(65KB) AllocSpace objects, 0(0B) LOS objects, 40% free, 1546KB/2MB, paused 114us total 3.569ms
04-19 23:21:02.179 W/Resources(  128): Preloaded drawable resource #0x10801b2 (android:drawable/btn_radio_off_pressed_holo_dark) that varies with configuration!!
04-19 23:21:02.182 I/art     (  128): Explicit concurrent mark sweep GC freed 32(65KB) AllocSpace objects, 0(0B) LOS objects, 39% free, 1546KB/2MB, paused 61us total 2.876ms
04-19 23:21:02.183 W/Resources(  128): Preloaded drawable resource #0x10801af (android:drawable/btn_radio_off_holo_light) that varies with configuration!!
04-19 23:21:02.186 I/art     (  128): Explicit concurrent mark sweep GC freed 32(65KB) AllocSpace objects, 0(0B) LOS objects, 39% free, 1546KB/2MB, paused 194us total 2.803ms
04-19 23:21:02.190 W/Resources(  128): Preloaded drawable resource #0x10801ae (android:drawable/btn_radio_off_holo_dark) that varies with configuration!!
04-19 23:21:02.195 I/art     (  128): Explicit concurrent mark sweep GC freed 32(65KB) AllocSpace objects, 0(0B) LOS objects, 39% free, 1547KB/2MB, paused 82us total 3.322ms
04-19 23:21:02.195 W/Resources(  128): Preloaded drawable resource #0x10801ac (android:drawable/btn_radio_off_focused_holo_light) that varies with configuration!!
04-19 23:21:02.198 I/art     (  128): Explicit concurrent mark sweep GC freed 32(65KB) AllocSpace objects, 0(0B) LOS objects, 39% free, 1547KB/2MB, paused 86us total 2.903ms
04-19 23:21:02.199 W/Resources(  128): Preloaded drawable resource #0x10801ab (android:drawable/btn_radio_off_focused_holo_dark) that varies with configuration!!
04-19 23:21:02.203 I/art     (  128): Explicit concurrent mark sweep GC freed 32(65KB) AllocSpace objects, 0(0B) LOS objects, 39% free, 1547KB/2MB, paused 93us total 3.374ms
04-19 23:21:02.207 W/Resources(  128): Preloaded drawable resource #0x10801aa (android:drawable/btn_radio_off_disabled_holo_light) that varies with configuration!!
04-19 23:21:02.212 I/art     (  128): Explicit concurrent mark sweep GC freed 32(65KB) AllocSpace objects, 0(0B) LOS objects, 39% free, 1547KB/2MB, paused 148us total 5.427ms
04-19 23:21:02.214 W/Resources(  128): Preloaded drawable resource #0x10801a9 (android:drawable/btn_radio_off_disabled_holo_dark) that varies with configuration!!
04-19 23:21:02.230 I/art     (  128): Explicit concurrent mark sweep GC freed 32(65KB) AllocSpace objects, 0(0B) LOS objects, 40% free, 1547KB/2MB, paused 176us total 15.263ms
04-19 23:21:02.231 W/Resources(  128): Preloaded drawable resource #0x10801a8 (android:drawable/btn_radio_off_disabled_focused_holo_light) that varies with configuration!!
04-19 23:21:02.233 I/art     (  128): Explicit concurrent mark sweep GC freed 32(65KB) AllocSpace objects, 0(0B) LOS objects, 40% free, 1547KB/2MB, paused 84us total 2.579ms
04-19 23:21:02.234 W/Resources(  128): Preloaded drawable resource #0x10801a7 (android:drawable/btn_radio_off_disabled_focused_holo_dark) that varies with configuration!!
04-19 23:21:02.244 I/art     (  128): Explicit concurrent mark sweep GC freed 32(65KB) AllocSpace objects, 0(0B) LOS objects, 40% free, 1548KB/2MB, paused 98us total 9.203ms
04-19 23:21:02.245 W/Resources(  128): Preloaded drawable resource #0x1080152 (android:drawable/btn_default_pressed_holo_light) that varies with configuration!!
04-19 23:21:02.248 I/art     (  128): Explicit concurrent mark sweep GC freed 31(1856B) AllocSpace objects, 0(0B) LOS objects, 39% free, 1600KB/2MB, paused 111us total 3.364ms
04-19 23:21:02.249 W/Resources(  128): Preloaded drawable resource #0x1080151 (android:drawable/btn_default_pressed_holo_dark) that varies with configuration!!
04-19 23:21:02.251 I/art     (  128): Explicit concurrent mark sweep GC freed 37(54KB) AllocSpace objects, 0(0B) LOS objects, 40% free, 1600KB/2MB, paused 86us total 2.277ms
04-19 23:21:02.252 W/Resources(  128): Preloaded drawable resource #0x108014e (android:drawable/btn_default_normal_holo_light) that varies with configuration!!
04-19 23:21:02.261 I/art     (  128): Explicit concurrent mark sweep GC freed 37(54KB) AllocSpace objects, 0(0B) LOS objects, 39% free, 1600KB/2MB, paused 174us total 8.670ms
04-19 23:21:02.262 W/Resources(  128): Preloaded drawable resource #0x108014d (android:drawable/btn_default_normal_holo_dark) that varies with configuration!!
04-19 23:21:02.265 I/art     (  128): Explicit concurrent mark sweep GC freed 37(54KB) AllocSpace objects, 0(0B) LOS objects, 39% free, 1601KB/2MB, paused 88us total 2.929ms
04-19 23:21:02.266 W/Resources(  128): Preloaded drawable resource #0x1080144 (android:drawable/btn_default_focused_holo_light) that varies with configuration!!
04-19 23:21:02.275 I/art     (  128): Explicit concurrent mark sweep GC freed 37(54KB) AllocSpace objects, 0(0B) LOS objects, 39% free, 1601KB/2MB, paused 400us total 7.994ms
04-19 23:21:02.279 W/Resources(  128): Preloaded drawable resource #0x1080143 (android:drawable/btn_default_focused_holo_dark) that varies with configuration!!
04-19 23:21:02.282 I/art     (  128): Explicit concurrent mark sweep GC freed 37(54KB) AllocSpace objects, 0(0B) LOS objects, 39% free, 1601KB/2MB, paused 98us total 2.776ms
04-19 23:21:02.283 W/Resources(  128): Preloaded drawable resource #0x1080141 (android:drawable/btn_default_disabled_holo_light) that varies with configuration!!
04-19 23:21:02.291 I/art     (  128): Explicit concurrent mark sweep GC freed 37(54KB) AllocSpace objects, 0(0B) LOS objects, 39% free, 1601KB/2MB, paused 1.838ms total 7.815ms
04-19 23:21:02.294 W/Resources(  128): Preloaded drawable resource #0x1080140 (android:drawable/btn_default_disabled_holo_dark) that varies with configuration!!
04-19 23:21:02.299 I/art     (  128): Explicit concurrent mark sweep GC freed 37(54KB) AllocSpace objects, 0(0B) LOS objects, 40% free, 1601KB/2MB, paused 523us total 4.052ms
04-19 23:21:02.300 W/Resources(  128): Preloaded drawable resource #0x108013e (android:drawable/btn_default_disabled_focused_holo_light) that varies with configuration!!
04-19 23:21:02.313 I/art     (  128): Explicit concurrent mark sweep GC freed 37(54KB) AllocSpace objects, 0(0B) LOS objects, 40% free, 1601KB/2MB, paused 114us total 13.054ms
04-19 23:21:02.314 W/Resources(  128): Preloaded drawable resource #0x108013d (android:drawable/btn_default_disabled_focused_holo_dark) that varies with configuration!!
04-19 23:21:02.327 I/art     (  128): Explicit concurrent mark sweep GC freed 37(54KB) AllocSpace objects, 0(0B) LOS objects, 40% free, 1602KB/2MB, paused 332us total 11.749ms
04-19 23:21:02.329 W/Resources(  128): Preloaded drawable resource #0x108014d (android:drawable/btn_default_normal_holo_dark) that varies with configuration!!
04-19 23:21:02.330 W/Resources(  128): Preloaded drawable resource #0x1080140 (android:drawable/btn_default_disabled_holo_dark) that varies with configuration!!
04-19 23:21:02.330 W/Resources(  128): Preloaded drawable resource #0x1080151 (android:drawable/btn_default_pressed_holo_dark) that varies with configuration!!
04-19 23:21:02.331 W/Resources(  128): Preloaded drawable resource #0x1080143 (android:drawable/btn_default_focused_holo_dark) that varies with configuration!!
04-19 23:21:02.331 W/Resources(  128): Preloaded drawable resource #0x108014d (android:drawable/btn_default_normal_holo_dark) that varies with configuration!!
04-19 23:21:02.332 W/Resources(  128): Preloaded drawable resource #0x108013d (android:drawable/btn_default_disabled_focused_holo_dark) that varies with configuration!!
04-19 23:21:02.333 W/Resources(  128): Preloaded drawable resource #0x1080140 (android:drawable/btn_default_disabled_holo_dark) that varies with configuration!!
04-19 23:21:02.333 W/Resources(  128): Preloaded drawable resource #0x1080145 (android:drawable/btn_default_holo_dark) that varies with configuration!!
04-19 23:21:02.340 I/art     (  128): Explicit concurrent mark sweep GC freed 197(64KB) AllocSpace objects, 0(0B) LOS objects, 40% free, 1917KB/3MB, paused 441us total 7.025ms
04-19 23:21:02.343 W/Resources(  128): Preloaded drawable resource #0x108014e (android:drawable/btn_default_normal_holo_light) that varies with configuration!!
04-19 23:21:02.343 W/Resources(  128): Preloaded drawable resource #0x1080141 (android:drawable/btn_default_disabled_holo_light) that varies with configuration!!
04-19 23:21:02.344 W/Resources(  128): Preloaded drawable resource #0x1080152 (android:drawable/btn_default_pressed_holo_light) that varies with configuration!!
04-19 23:21:02.345 W/Resources(  128): Preloaded drawable resource #0x1080144 (android:drawable/btn_default_focused_holo_light) that varies with configuration!!
04-19 23:21:02.346 W/Resources(  128): Preloaded drawable resource #0x108014e (android:drawable/btn_default_normal_holo_light) that varies with configuration!!
04-19 23:21:02.346 W/Resources(  128): Preloaded drawable resource #0x108013e (android:drawable/btn_default_disabled_focused_holo_light) that varies with configuration!!
04-19 23:21:02.347 W/Resources(  128): Preloaded drawable resource #0x1080141 (android:drawable/btn_default_disabled_holo_light) that varies with configuration!!
04-19 23:21:02.347 W/Resources(  128): Preloaded drawable resource #0x1080146 (android:drawable/btn_default_holo_light) that varies with configuration!!
04-19 23:21:02.350 I/art     (  128): Explicit concurrent mark sweep GC freed 273(379KB) AllocSpace objects, 0(0B) LOS objects, 39% free, 1918KB/3MB, paused 82us total 2.884ms
04-19 23:21:02.357 W/Resources(  128): Preloaded drawable resource #0x1080224 (android:drawable/btn_star_off_normal_holo_light) that varies with configuration!!
04-19 23:21:02.390 I/art     (  128): Explicit concurrent mark sweep GC freed 114(433KB) AllocSpace objects, 0(0B) LOS objects, 40% free, 1550KB/2MB, paused 368us total 23.916ms
04-19 23:21:02.395 W/Resources(  128): Preloaded drawable resource #0x108022e (android:drawable/btn_star_on_normal_holo_light) that varies with configuration!!
04-19 23:21:02.399 I/art     (  128): Explicit concurrent mark sweep GC freed 32(65KB) AllocSpace objects, 0(0B) LOS objects, 39% free, 1551KB/2MB, paused 105us total 3.700ms
04-19 23:21:02.400 W/Resources(  128): Preloaded drawable resource #0x108022a (android:drawable/btn_star_on_disabled_holo_light) that varies with configuration!!
04-19 23:21:02.407 I/art     (  128): Explicit concurrent mark sweep GC freed 32(65KB) AllocSpace objects, 0(0B) LOS objects, 39% free, 1551KB/2MB, paused 87us total 7.060ms
04-19 23:21:02.409 W/Resources(  128): Preloaded drawable resource #0x1080220 (android:drawable/btn_star_off_disabled_holo_light) that varies with configuration!!
04-19 23:21:02.414 I/art     (  128): Explicit concurrent mark sweep GC freed 32(65KB) AllocSpace objects, 0(0B) LOS objects, 39% free, 1551KB/2MB, paused 94us total 4.323ms
04-19 23:21:02.416 W/Resources(  128): Preloaded drawable resource #0x1080230 (android:drawable/btn_star_on_pressed_holo_light) that varies with configuration!!
04-19 23:21:02.424 I/art     (  128): Explicit concurrent mark sweep GC freed 32(65KB) AllocSpace objects, 0(0B) LOS objects, 39% free, 1551KB/2MB, paused 673us total 7.037ms
04-19 23:21:02.427 W/Resources(  128): Preloaded drawable resource #0x1080226 (android:drawable/btn_star_off_pressed_holo_light) that varies with configuration!!
04-19 23:21:02.431 I/SurfaceFlinger(  528): OpenGL ES informations:
04-19 23:21:02.431 I/SurfaceFlinger(  528): vendor    : Google (NVIDIA Corporation)
04-19 23:21:02.431 I/SurfaceFlinger(  528): renderer  : Android Emulator OpenGL ES Translator (GeForce GTX 1050 Ti/PCIe/SSE2)
04-19 23:21:02.431 I/SurfaceFlinger(  528): version   : OpenGL ES 2.0 (4.5.0 NVIDIA 441.20)
04-19 23:21:02.431 I/SurfaceFlinger(  528): extensions: GL_EXT_debug_marker GL_OES_EGL_image GL_OES_EGL_image_external GL_OES_depth24 GL_OES_depth32 GL_OES_element_index_uint GL_OES_texture_float GL_OES_texture_float_linear GL_OES_compressed_ETC1_RGB8_texture GL_OES_depth_texture GL_OES_texture_half_float GL_OES_texture_half_float_linear GL_OES_packed_depth_stencil GL_OES_texture_npot GL_OES_rgb8_rgba8 GL_OES_vertex_array_object ANDROID_EMU_gles_max_version_2 
04-19 23:21:02.431 I/SurfaceFlinger(  528): GL_MAX_TEXTURE_SIZE = 32768
04-19 23:21:02.431 I/SurfaceFlinger(  528): GL_MAX_VIEWPORT_DIMS = 32768
04-19 23:21:02.431 I/art     (  128): Explicit concurrent mark sweep GC freed 32(65KB) AllocSpace objects, 0(0B) LOS objects, 40% free, 1551KB/2MB, paused 112us total 3.873ms
04-19 23:21:02.433 W/Resources(  128): Preloaded drawable resource #0x108022c (android:drawable/btn_star_on_focused_holo_light) that varies with configuration!!
04-19 23:21:02.434 E/cutils-trace(  528): Error opening trace file: Permission denied (13)
04-19 23:21:02.440 I/art     (  128): Explicit concurrent mark sweep GC freed 34(66KB) AllocSpace objects, 0(0B) LOS objects, 40% free, 1552KB/2MB, paused 580us total 6.434ms
04-19 23:21:02.442 W/Resources(  128): Preloaded drawable resource #0x1080222 (android:drawable/btn_star_off_focused_holo_light) that varies with configuration!!
04-19 23:21:02.447 I/art     (  128): Explicit concurrent mark sweep GC freed 32(65KB) AllocSpace objects, 0(0B) LOS objects, 39% free, 1552KB/2MB, paused 91us total 3.801ms
04-19 23:21:02.448 W/Resources(  128): Preloaded drawable resource #0x1080228 (android:drawable/btn_star_on_disabled_focused_holo_light) that varies with configuration!!
04-19 23:21:02.459 I/art     (  128): Explicit concurrent mark sweep GC freed 32(65KB) AllocSpace objects, 0(0B) LOS objects, 40% free, 1552KB/2MB, paused 211us total 10.369ms
04-19 23:21:02.461 W/Resources(  128): Preloaded drawable resource #0x108021e (android:drawable/btn_star_off_disabled_focused_holo_light) that varies with configuration!!
04-19 23:21:02.465 I/art     (  128): Explicit concurrent mark sweep GC freed 32(65KB) AllocSpace objects, 0(0B) LOS objects, 40% free, 1552KB/2MB, paused 107us total 4.603ms
04-19 23:21:02.468 W/Resources(  128): Preloaded drawable resource #0x1080224 (android:drawable/btn_star_off_normal_holo_light) that varies with configuration!!
04-19 23:21:02.474 W/Resources(  128): Preloaded drawable resource #0x108022e (android:drawable/btn_star_on_normal_holo_light) that varies with configuration!!
04-19 23:21:02.475 W/Resources(  128): Preloaded drawable resource #0x108022a (android:drawable/btn_star_on_disabled_holo_light) that varies with configuration!!
04-19 23:21:02.477 W/Resources(  128): Preloaded drawable resource #0x1080220 (android:drawable/btn_star_off_disabled_holo_light) that varies with configuration!!
04-19 23:21:02.478 W/Resources(  128): Preloaded drawable resource #0x1080230 (android:drawable/btn_star_on_pressed_holo_light) that varies with configuration!!
04-19 23:21:02.480 W/Resources(  128): Preloaded drawable resource #0x1080226 (android:drawable/btn_star_off_pressed_holo_light) that varies with configuration!!
04-19 23:21:02.482 W/Resources(  128): Preloaded drawable resource #0x108022c (android:drawable/btn_star_on_focused_holo_light) that varies with configuration!!
04-19 23:21:02.484 W/Resources(  128): Preloaded drawable resource #0x1080222 (android:drawable/btn_star_off_focused_holo_light) that varies with configuration!!
04-19 23:21:02.485 W/Resources(  128): Preloaded drawable resource #0x1080228 (android:drawable/btn_star_on_disabled_focused_holo_light) that varies with configuration!!
04-19 23:21:02.488 W/Resources(  128): Preloaded drawable resource #0x108022a (android:drawable/btn_star_on_disabled_holo_light) that varies with configuration!!
04-19 23:21:02.492 W/Resources(  128): Preloaded drawable resource #0x108021e (android:drawable/btn_star_off_disabled_focused_holo_light) that varies with configuration!!
04-19 23:21:02.494 W/Resources(  128): Preloaded drawable resource #0x1080220 (android:drawable/btn_star_off_disabled_holo_light) that varies with configuration!!
04-19 23:21:02.495 W/Resources(  128): Preloaded drawable resource #0x1080224 (android:drawable/btn_star_off_normal_holo_light) that varies with configuration!!
04-19 23:21:02.496 W/Resources(  128): Preloaded drawable resource #0x108022e (android:drawable/btn_star_on_normal_holo_light) that varies with configuration!!
04-19 23:21:02.496 W/Resources(  128): Preloaded drawable resource #0x1080219 (android:drawable/btn_star_holo_light) that varies with configuration!!
04-19 23:21:02.498 D/SurfaceFlinger(  528): setOrientation, mFbdev=0xf70690c0, mFbDev->setOrientation=0x0, orientation=0
04-19 23:21:02.498 E/SurfaceFlinger(  528): setOrientation: can't set orientation
04-19 23:21:02.505 I/art     (  128): WaitForGcToComplete blocked for 8.481ms for cause Explicit
04-19 23:21:02.510 D/SurfaceFlinger(  528): Set power mode=2, type=0 flinger=0xf705e000
04-19 23:21:02.513 I/art     (  128): Explicit concurrent mark sweep GC freed 76(3KB) AllocSpace objects, 0(0B) LOS objects, 39% free, 1552KB/2MB, paused 110us total 7.324ms
04-19 23:21:02.514 W/Resources(  128): Preloaded drawable resource #0x1080223 (android:drawable/btn_star_off_normal_holo_dark) that varies with configuration!!
04-19 23:21:02.518 I/art     (  128): Explicit concurrent mark sweep GC freed 26(65KB) AllocSpace objects, 0(0B) LOS objects, 40% free, 1553KB/2MB, paused 90us total 3.911ms
04-19 23:21:02.520 W/Resources(  128): Preloaded drawable resource #0x108022d (android:drawable/btn_star_on_normal_holo_dark) that varies with configuration!!
04-19 23:21:02.533 I/art     (  128): Explicit concurrent mark sweep GC freed 32(65KB) AllocSpace objects, 0(0B) LOS objects, 39% free, 1553KB/2MB, paused 112us total 12.239ms
04-19 23:21:02.533 W/Resources(  128): Preloaded drawable resource #0x1080229 (android:drawable/btn_star_on_disabled_holo_dark) that varies with configuration!!
04-19 23:21:02.543 I/art     (  128): Explicit concurrent mark sweep GC freed 32(65KB) AllocSpace objects, 0(0B) LOS objects, 39% free, 1553KB/2MB, paused 2.318ms total 9.729ms
04-19 23:21:02.545 W/Resources(  128): Preloaded drawable resource #0x108021f (android:drawable/btn_star_off_disabled_holo_dark) that varies with configuration!!
04-19 23:21:02.549 I/art     (  128): Explicit concurrent mark sweep GC freed 32(65KB) AllocSpace objects, 0(0B) LOS objects, 40% free, 1553KB/2MB, paused 82us total 3.649ms
04-19 23:21:02.550 W/Resources(  128): Preloaded drawable resource #0x108022f (android:drawable/btn_star_on_pressed_holo_dark) that varies with configuration!!
04-19 23:21:02.559 I/art     (  128): Explicit concurrent mark sweep GC freed 32(65KB) AllocSpace objects, 0(0B) LOS objects, 39% free, 1553KB/2MB, paused 152us total 8.426ms
04-19 23:21:02.566 W/Resources(  128): Preloaded drawable resource #0x1080225 (android:drawable/btn_star_off_pressed_holo_dark) that varies with configuration!!
04-19 23:21:02.576 I/art     (  128): Explicit concurrent mark sweep GC freed 32(65KB) AllocSpace objects, 0(0B) LOS objects, 39% free, 1554KB/2MB, paused 120us total 9.506ms
04-19 23:21:02.580 W/Resources(  128): Preloaded drawable resource #0x108022b (android:drawable/btn_star_on_focused_holo_dark) that varies with configuration!!
04-19 23:21:02.585 I/art     (  128): Explicit concurrent mark sweep GC freed 32(65KB) AllocSpace objects, 0(0B) LOS objects, 40% free, 1554KB/2MB, paused 105us total 4.711ms
04-19 23:21:02.592 W/Resources(  128): Preloaded drawable resource #0x1080221 (android:drawable/btn_star_off_focused_holo_dark) that varies with configuration!!
04-19 23:21:02.596 I/art     (  128): Explicit concurrent mark sweep GC freed 32(65KB) AllocSpace objects, 0(0B) LOS objects, 39% free, 1554KB/2MB, paused 103us total 4.404ms
04-19 23:21:02.598 W/Resources(  128): Preloaded drawable resource #0x1080227 (android:drawable/btn_star_on_disabled_focused_holo_dark) that varies with configuration!!
04-19 23:21:02.606 I/art     (  128): Explicit concurrent mark sweep GC freed 32(65KB) AllocSpace objects, 0(0B) LOS objects, 40% free, 1554KB/2MB, paused 483us total 7.565ms
04-19 23:21:02.609 W/Resources(  128): Preloaded drawable resource #0x108021d (android:drawable/btn_star_off_disabled_focused_holo_dark) that varies with configuration!!
04-19 23:21:02.612 I/art     (  128): Explicit concurrent mark sweep GC freed 32(65KB) AllocSpace objects, 0(0B) LOS objects, 39% free, 1554KB/2MB, paused 85us total 2.745ms
04-19 23:21:02.613 W/Resources(  128): Preloaded drawable resource #0x1080223 (android:drawable/btn_star_off_normal_holo_dark) that varies with configuration!!
04-19 23:21:02.614 W/Resources(  128): Preloaded drawable resource #0x108022d (android:drawable/btn_star_on_normal_holo_dark) that varies with configuration!!
04-19 23:21:02.614 W/Resources(  128): Preloaded drawable resource #0x1080229 (android:drawable/btn_star_on_disabled_holo_dark) that varies with configuration!!
