04-19 23:21:36.521 D/PhoneStatusBar(  666): heads up is enabled
04-19 23:21:36.538 D/        (  666): HostConnection::get() New Host Connection established 0xe190bb30, tid 666
04-19 23:21:36.556 D/Tinker.DefaultAppLike( 1205): onConfigurationChanged:{1.0 ?mcc?mnc en_US ldltr sw360dp w360dp h615dp 640dpi nrml long port finger qwerty/v/v -nav/h s.6}
04-19 23:21:36.590 E/com.coloros.mcssdk---( 1205): MCS-->isExistPackage NameNotFoundException:com.coloros.mcs
04-19 23:21:36.663 E/BPushReportHelper( 1205): [main] register success, type: jiguang, token: 190e35f7e0dd497b1c8, userId: 0, teenagerMode: false, lessonsMode: false
04-19 23:21:36.674 D/AlertReceiver( 1391): onReceive: a=android.intent.action.PROVIDER_CHANGED Intent { act=android.intent.action.PROVIDER_CHANGED dat=content://com.android.calendar flg=0x10 cmp=com.android.calendar/.alerts.AlertReceiver }
04-19 23:21:36.703 D/AlertUtils( 1391): Flushing old alerts from shared prefs table
04-19 23:21:36.708 D/AlertService( 1391): 0 Action = android.intent.action.PROVIDER_CHANGED
04-19 23:21:36.851 I/ModResourceProvider( 1205): mod manager can be used for the attached process has been inited
04-19 23:21:37.026 W/Launcher.Model(  934): LoaderTask running with no launcher (loadAllApps)
--------- beginning of crash
04-19 23:21:37.042 F/libc    (  528): Fatal signal 13 (SIGPIPE), code 0 in tid 643 (Binder_4)
04-19 23:21:37.149 I/DEBUG   (  120): *** *** *** *** *** *** *** *** *** *** *** *** *** *** *** ***
04-19 23:21:37.149 I/DEBUG   (  120): Build fingerprint: 'generic/vbox86p/vbox86p:5.0/LRX21M/392:userdebug/test-keys'
04-19 23:21:37.149 I/DEBUG   (  120): Revision: '0'
04-19 23:21:37.149 I/DEBUG   (  120): ABI: 'x86'
04-19 23:21:37.149 I/DEBUG   (  120): pid: 528, tid: 643, name: Binder_4  >>> /system/bin/surfaceflinger <<<
04-19 23:21:37.149 I/DEBUG   (  120): signal 13 (SIGPIPE), code 0 (SI_USER), fault addr --------
04-19 23:21:37.151 W/NativeCrashListener(  546): Couldn't find ProcessRecord for pid 528
04-19 23:21:37.154 I/DEBUG   (  120):     eax ffffffe0  ebx 0000000b  ecx f53ff7e0  edx f3b00000
04-19 23:21:37.154 E/DEBUG   (  120): AM write failure (32 / Broken pipe)
04-19 23:21:37.154 I/DEBUG   (  120):     esi 0000000c  edi 0000000c
04-19 23:21:37.154 I/DEBUG   (  120):     xcs 00000023  xds 0000002b  xes 0000002b  xfs 00000003  xss 0000002b
04-19 23:21:37.154 I/DEBUG   (  120):     eip f76e4793  ebp f520e060  esp f53ff7d4  flags 00000292
04-19 23:21:37.154 I/DEBUG   (  120): 
04-19 23:21:37.154 I/DEBUG   (  120): backtrace:
04-19 23:21:37.154 I/DEBUG   (  120):     #00 pc 00073793  /system/lib/libc.so (sendto+19)
04-19 23:21:37.154 I/DEBUG   (  120):     #01 pc 000237c2  /system/lib/libc.so (send+66)
04-19 23:21:37.154 I/DEBUG   (  120):     #02 pc 00002bdc  /system/lib/libOpenglSystemCommon.so (SocketStream::writeFully(void const*, unsigned int)+92)
04-19 23:21:37.154 I/DEBUG   (  120):     #03 pc 000029ad  /system/lib/libOpenglSystemCommon.so (SocketStream::commitBuffer(unsigned int)+29)
04-19 23:21:37.154 I/DEBUG   (  120):     #04 pc 00002094  /system/lib/lib_renderControl_enc.so
04-19 23:21:37.154 I/DEBUG   (  120):     #05 pc 000027d9  /system/lib/hw/gralloc.vbox86.so
04-19 23:21:37.154 I/DEBUG   (  120):     #06 pc 00009540  /system/lib/libui.so (android::GraphicBufferAllocator::free(native_handle const*)+48)
04-19 23:21:37.154 I/DEBUG   (  120):     #07 pc 00007e70  /system/lib/libui.so (android::GraphicBuffer::free_handle()+112)
04-19 23:21:37.154 I/DEBUG   (  120):     #08 pc 00007efd  /system/lib/libui.so (android::GraphicBuffer::~GraphicBuffer()+45)
04-19 23:21:37.154 I/DEBUG   (  120):     #09 pc 00007f4b  /system/lib/libui.so (android::GraphicBuffer::~GraphicBuffer()+27)
04-19 23:21:37.154 I/DEBUG   (  120):     #10 pc 00012f4e  /system/lib/libutils.so (android::RefBase::decStrong(void const*) const+94)
04-19 23:21:37.154 I/DEBUG   (  120):     #11 pc 0003b3d6  /system/lib/libgui.so (android::BufferQueueCore::freeBufferLocked(int)+54)
04-19 23:21:37.154 I/DEBUG   (  120):     #12 pc 0003b4ce  /system/lib/libgui.so (android::BufferQueueCore::freeAllBuffersLocked()+46)
04-19 23:21:37.154 I/DEBUG   (  120):     #13 pc 0003d297  /system/lib/libgui.so (android::BufferQueueProducer::disconnect(int)+343)
04-19 23:21:37.154 I/DEBUG   (  120):     #14 pc 00049b82  /system/lib/libgui.so (android::BnGraphicBufferProducer::onTransact(unsigned int, android::Parcel const&, android::Parcel*, unsigned int)+1922)
04-19 23:21:37.154 I/DEBUG   (  120):     #15 pc 000214ad  /system/lib/libbinder.so (android::BBinder::transact(unsigned int, android::Parcel const&, android::Parcel*, unsigned int)+141)
04-19 23:21:37.154 I/DEBUG   (  120):     #16 pc 0002c434  /system/lib/libbinder.so (android::IPCThreadState::executeCommand(int)+932)
04-19 23:21:37.154 I/DEBUG   (  120):     #17 pc 0002c6ab  /system/lib/libbinder.so (android::IPCThreadState::getAndExecuteCommand()+91)
04-19 23:21:37.154 I/DEBUG   (  120):     #18 pc 0002c739  /system/lib/libbinder.so (android::IPCThreadState::joinThreadPool(bool)+105)
04-19 23:21:37.154 I/DEBUG   (  120):     #19 pc 000352b8  /system/lib/libbinder.so (android::PoolThread::threadLoop()+40)
04-19 23:21:37.154 I/DEBUG   (  120):     #20 pc 000169de  /system/lib/libutils.so (android::Thread::_threadLoop(void*)+398)
04-19 23:21:37.154 I/DEBUG   (  120):     #21 pc 000160fa  /system/lib/libutils.so (thread_data_t::trampoline(thread_data_t const*)+122)
04-19 23:21:37.154 I/DEBUG   (  120):     #22 pc 00020b78  /system/lib/libc.so (__pthread_start(void*)+56)
04-19 23:21:37.154 I/DEBUG   (  120):     #23 pc 0001bfd9  /system/lib/libc.so (__start_thread+25)
04-19 23:21:37.155 I/DEBUG   (  120):     #24 pc 00012bc6  /system/lib/libc.so (__bionic_clone+70)
04-19 23:21:37.174 I/webkit_app( 1205):  onViewInitFinished has Finished
04-19 23:21:37.174 I/webkit_app( 1205):  onViewInitFinished is false
04-19 23:21:37.190 I/DEBUG   (  120): 
04-19 23:21:37.190 I/DEBUG   (  120): Tombstone written to: /data/tombstones/tombstone_01
04-19 23:21:37.190 E/eglCodecCommon(  528): writeFully: failed: Broken pipe
04-19 23:21:37.200 W/SurfaceComposerClient(  541): ComposerService remote (surfaceflinger) died [0xf6652140]
04-19 23:21:37.200 E/EGL_emulation(  541): tid 544: swapBuffers(288): error 0x3003 (EGL_BAD_ALLOC)
04-19 23:21:37.200 D/BootAnimation(  541): SurfaceFlinger died, exiting...
04-19 23:21:37.211 D/local_opengl( 1621): Starting local_opengl
04-19 23:21:37.211 D/local_opengl( 1621): Getting player version
04-19 23:21:37.259 I/ServiceManager(  471): service 'SurfaceFlinger' died
04-19 23:21:37.259 I/ServiceManager(  471): service 'Genyd' died
04-19 23:21:37.259 I/ServiceManager(  471): service 'telecom' died
04-19 23:21:37.259 I/ServiceManager(  471): service 'SystemPatcher' died
04-19 23:21:37.340 I/mediaserver( 1626): ServiceManager: 0xf6116d40
04-19 23:21:37.340 I/AudioFlinger( 1626): Using default 3000 mSec as standby time.
04-19 23:21:37.341 E/ServiceManager(  471): add_service('media.audio_flinger',5) uid=1013 - ALREADY REGISTERED, OVERRIDE
04-19 23:21:37.341 I/ServiceManager(  471): service 'media.audio_flinger' died
04-19 23:21:37.343 E/ServiceManager(  471): add_service('media.player',2) uid=1013 - ALREADY REGISTERED, OVERRIDE
04-19 23:21:37.343 I/ServiceManager(  471): service 'media.player' died
04-19 23:21:37.343 I/CameraService( 1626): CameraService started (pid=1626)
04-19 23:21:37.425 V/EmulatedCamera_GenyCamera( 1626): Initialize:
04-19 23:21:37.425 V/EmulatedCamera_GenyCamera( 1626):    initializing back camera on local srv port 24801
04-19 23:21:37.425 V/EmulatedCamera_GenyDevice( 1626): Initialize: Connected to the emulated camera service 'back'
04-19 23:21:37.425 V/EmulatedCamera_Device( 1626): initializeWhiteBalanceModes with auto, 1.000000, 1.000000
04-19 23:21:37.425 V/EmulatedCamera_Device( 1626): initializeWhiteBalanceModes with incandescent, 1.380000, 0.600000
04-19 23:21:37.425 V/EmulatedCamera_Device( 1626): initializeWhiteBalanceModes with daylight, 1.090000, 0.920000
04-19 23:21:37.425 V/EmulatedCamera_Device( 1626): initializeWhiteBalanceModes with twilight, 0.920000, 1.220000
04-19 23:21:37.425 V/EmulatedCamera_Device( 1626): setWhiteBalanceMode with white balance auto
04-19 23:21:37.425 V/EmulatedCamera_GenyCamera( 1626): getCameraOrientation: camera orientation set to 90
04-19 23:21:37.425 V/EmulatedCamera_GenyCamera( 1626): Initialize: Geny camera back is initialized. Current frame is 640x480
04-19 23:21:37.425 V/EmulatedCamera_GenyCamera( 1626): Initialize:
04-19 23:21:37.425 V/EmulatedCamera_GenyCamera( 1626):    initializing front camera on local srv port 24811
04-19 23:21:37.426 V/EmulatedCamera_GenyDevice( 1626): Initialize: Connected to the emulated camera service 'front'
04-19 23:21:37.426 V/EmulatedCamera_Device( 1626): initializeWhiteBalanceModes with auto, 1.000000, 1.000000
04-19 23:21:37.426 V/EmulatedCamera_Device( 1626): initializeWhiteBalanceModes with incandescent, 1.380000, 0.600000
04-19 23:21:37.427 V/EmulatedCamera_Device( 1626): initializeWhiteBalanceModes with daylight, 1.090000, 0.920000
04-19 23:21:37.427 V/EmulatedCamera_Device( 1626): initializeWhiteBalanceModes with twilight, 0.920000, 1.220000
04-19 23:21:37.427 V/EmulatedCamera_Device( 1626): setWhiteBalanceMode with white balance auto
04-19 23:21:37.427 V/EmulatedCamera_GenyCamera( 1626): getCameraOrientation: camera orientation set to 90
04-19 23:21:37.427 V/EmulatedCamera_GenyCamera( 1626): Initialize: Geny camera front is initialized. Current frame is 640x480
04-19 23:21:37.427 I/CameraService( 1626): Loaded "Emulated Camera Module" camera module
04-19 23:21:37.428 E/ServiceManager(  471): add_service('media.camera',b) uid=1013 - ALREADY REGISTERED, OVERRIDE
04-19 23:21:37.428 I/ServiceManager(  471): service 'media.camera' died
04-19 23:21:37.428 I/AudioPolicyService( 1626): AudioPolicyService CSTOR in new mode
04-19 23:21:37.430 I/AudioPolicyManager( 1626): loadAudioPolicyConfig() loaded /system/etc/audio_policy.conf
04-19 23:21:37.434 I/AudioFlinger( 1626): loadHwModule() Loaded primary audio interface from Genymotion audio HW HAL (audio) handle 1
04-19 23:21:37.434 I/genymotion_audio( 1626): Starting pcm server
04-19 23:21:37.435 I/AudioFlinger( 1626): HAL output buffer size 512 frames, normal sink buffer size 1024 frames
04-19 23:21:37.437 I/genymotion_audio( 1626): out sampling rate 48000
04-19 23:21:37.437 E/genymotion_audio( 1626): Unable to start listening pcm server
04-19 23:21:37.440 I/AudioMixer( 1626): found effect "Multichannel Downmix To Stereo" from The Android Open Source Project
04-19 23:21:37.440 E/MonoPipe( 1626): Failed to fetch local time frequency when constructing a MonoPipe (res = -32).  getNextWriteTimestamp calls will be non-functional
04-19 23:21:37.441 W/AudioFlinger( 1626): Policy SCHED_FIFO priority 3 is unavailable for pid 1626 tid 1631; error -2147483646
04-19 23:21:37.441 I/AudioFlinger( 1626): Using module 1 has the primary audio interface
04-19 23:21:37.442 I/AudioFlinger( 1626): AudioFlinger's thread 0xf3701000 ready to run
04-19 23:21:37.444 E/AudioFlinger( 1626): no wake lock to update!
04-19 23:21:37.452 I/AudioFlinger( 1626): AudioFlinger's thread 0xf3783000 ready to run
04-19 23:21:37.456 E/ServiceManager(  471): add_service('media.audio_policy',c) uid=1013 - ALREADY REGISTERED, OVERRIDE
04-19 23:21:37.456 I/ServiceManager(  471): service 'media.audio_policy' died
04-19 23:21:37.456 E/SoundTriggerHwService( 1626): couldn't load sound trigger module sound_trigger.primary (No such file or directory)
04-19 23:21:37.456 E/ServiceManager(  471): add_service('media.sound_trigger_hw',3e) uid=1013 - ALREADY REGISTERED, OVERRIDE
04-19 23:21:37.456 I/ServiceManager(  471): service 'media.sound_trigger_hw' died
04-19 23:21:37.535 I/lowmemorykiller(  470): ActivityManager disconnected
04-19 23:21:37.535 I/lowmemorykiller(  470): Closing Activity Manager data connection
04-19 23:21:37.535 E/installd(  124): eof
04-19 23:21:37.535 E/installd(  124): failed to read size
04-19 23:21:37.535 I/installd(  124): closing connection
04-19 23:21:37.538 I/ServiceManager(  471): service 'lock_settings' died
04-19 23:21:37.538 I/ServiceManager(  471): service 'device_policy' died
04-19 23:21:37.538 I/ServiceManager(  471): service 'statusbar' died
04-19 23:21:37.538 I/ServiceManager(  471): service 'clipboard' died
04-19 23:21:37.538 I/ServiceManager(  471): service 'network_management' died
04-19 23:21:37.538 I/ServiceManager(  471): service 'textservices' died
04-19 23:21:37.538 I/ServiceManager(  471): service 'network_score' died
04-19 23:21:37.538 I/ServiceManager(  471): service 'netstats' died
04-19 23:21:37.538 I/ServiceManager(  471): service 'netpolicy' died
04-19 23:21:37.538 I/ServiceManager(  471): service 'wifi' died
04-19 23:21:37.538 I/ServiceManager(  471): service 'wifiscanner' died
04-19 23:21:37.538 I/ServiceManager(  471): service 'rttmanager' died
04-19 23:21:37.538 I/ServiceManager(  471): service 'usagestats' died
04-19 23:21:37.538 W/AudioFlinger( 1626): power manager service died !!!
04-19 23:21:37.538 I/ServiceManager(  471): service 'webviewupdate' died
04-19 23:21:37.539 I/ServiceManager(  471): service 'telephony.registry' died
04-19 23:21:37.539 I/ServiceManager(  471): service 'scheduling_policy' died
04-19 23:21:37.539 I/ServiceManager(  471): service 'entropy' died
04-19 23:21:37.539 I/ServiceManager(  471): service 'account' died
04-19 23:21:37.539 I/ServiceManager(  471): service 'activity' died
04-19 23:21:37.539 I/ServiceManager(  471): service 'user' died
04-19 23:21:37.539 I/ServiceManager(  471): service 'battery' died
04-19 23:21:37.539 I/ServiceManager(  471): service 'content' died
04-19 23:21:37.539 I/ServiceManager(  471): service 'vibrator' died
04-19 23:21:37.539 I/ServiceManager(  471): service 'consumer_ir' died
04-19 23:21:37.539 I/ServiceManager(  471): service 'alarm' died
04-19 23:21:37.539 I/ServiceManager(  471): service 'window' died
04-19 23:21:37.539 I/ServiceManager(  471): service 'input' died
04-19 23:21:37.539 I/ServiceManager(  471): service 'input_method' died
04-19 23:21:37.539 I/ServiceManager(  471): service 'accessibility' died
04-19 23:21:37.539 I/ServiceManager(  471): service 'mount' died
04-19 23:21:37.539 I/ServiceManager(  471): service 'procstats' died
04-19 23:21:37.539 I/ServiceManager(  471): service 'wifip2p' died
04-19 23:21:37.539 I/ServiceManager(  471): service 'meminfo' died
04-19 23:21:37.539 I/ServiceManager(  471): service 'gfxinfo' died
04-19 23:21:37.539 I/ServiceManager(  471): service 'dbinfo' died
04-19 23:21:37.539 I/ServiceManager(  471): service 'cpuinfo' died
04-19 23:21:37.539 I/ServiceManager(  471): service 'permission' died
04-19 23:21:37.539 I/ServiceManager(  471): service 'hardware' died
04-19 23:21:37.539 I/ServiceManager(  471): service 'package' died
04-19 23:21:37.539 I/ServiceManager(  471): service 'connectivity' died
04-19 23:21:37.539 I/ServiceManager(  471): service 'servicediscovery' died
04-19 23:21:37.539 I/ServiceManager(  471): service 'updatelock' died
04-19 23:21:37.539 I/ServiceManager(  471): service 'notification' died
04-19 23:21:37.539 I/ServiceManager(  471): service 'devicestoragemonitor' died
04-19 23:21:37.539 I/ServiceManager(  471): service 'location' died
04-19 23:21:37.539 I/ServiceManager(  471): service 'country_detector' died
04-19 23:21:37.539 I/ServiceManager(  471): service 'search' died
04-19 23:21:37.539 I/ServiceManager(  471): service 'dropbox' died
04-19 23:21:37.539 I/ServiceManager(  471): service 'wallpaper' died
04-19 23:21:37.539 I/ServiceManager(  471): service 'audio' died
04-19 23:21:37.539 I/ServiceManager(  471): service 'DockObserver' died
04-19 23:21:37.539 I/ServiceManager(  471): service 'usb' died
04-19 23:21:37.539 I/ServiceManager(  471): service 'serial' died
04-19 23:21:37.539 I/ServiceManager(  471): service 'uimode' died
04-19 23:21:37.539 I/ServiceManager(  471): service 'jobscheduler' died
04-19 23:21:37.539 I/ServiceManager(  471): service 'backup' died
04-19 23:21:37.539 I/ServiceManager(  471): service 'appwidget' died
04-19 23:21:37.539 I/ServiceManager(  471): service 'voiceinteraction' died
04-19 23:21:37.539 I/ServiceManager(  471): service 'diskstats' died
04-19 23:21:37.539 I/ServiceManager(  471): service 'samplingprofiler' died
04-19 23:21:37.539 I/ServiceManager(  471): service 'commontime_management' died
04-19 23:21:37.539 I/ServiceManager(  471): service 'dreams' died
04-19 23:21:37.539 I/ServiceManager(  471): service 'assetatlas' died
04-19 23:21:37.539 I/ServiceManager(  471): service 'print' died
04-19 23:21:37.539 I/ServiceManager(  471): service 'restrictions' died
04-19 23:21:37.539 I/ServiceManager(  471): service 'sensorservice' died
04-19 23:21:37.539 I/ServiceManager(  471): service 'media_session' died
04-19 23:21:37.539 I/ServiceManager(  471): service 'media_router' died
04-19 23:21:37.539 I/ServiceManager(  471): service 'trust' died
04-19 23:21:37.539 I/ServiceManager(  471): service 'fingerprint' died
04-19 23:21:37.539 I/ServiceManager(  471): service 'launcherapps' died
04-19 23:21:37.539 I/ServiceManager(  471): service 'media_projection' died
04-19 23:21:37.539 I/ServiceManager(  471): service 'imms' died
04-19 23:21:37.539 I/ServiceManager(  471): service 'batterystats' died
04-19 23:21:37.539 I/ServiceManager(  471): service 'appops' died
04-19 23:21:37.539 I/ServiceManager(  471): service 'power' died
04-19 23:21:37.539 I/ServiceManager(  471): service 'display' died
04-19 23:21:37.540 E/local_camera(  477): We have a problem with the hw connection 2 (No such file or directory)
04-19 23:21:37.541 E/local_camera(  476): We have a problem with the hw connection 104 (Connection reset by peer)
04-19 23:21:42.552 D/local_opengl( 1648): Starting local_opengl
04-19 23:21:42.554 D/local_opengl( 1648): Getting player version
04-19 23:21:42.557 I/Netd    ( 1647): Netd 1.0 starting
04-19 23:21:42.671 D/AndroidRuntime( 1649): 
04-19 23:21:42.671 D/AndroidRuntime( 1649): >>>>>> AndroidRuntime START com.android.internal.os.ZygoteInit <<<<<<
04-19 23:21:42.672 D/AndroidRuntime( 1649): CheckJNI is OFF
04-19 23:21:42.672 I/art     ( 1649): option[0]=-Xzygote
04-19 23:21:42.672 I/art     ( 1649): option[1]=-Xstacktracefile:/data/anr/traces.txt
04-19 23:21:42.672 I/art     ( 1649): option[2]=exit
04-19 23:21:42.672 I/art     ( 1649): option[3]=vfprintf
04-19 23:21:42.672 I/art     ( 1649): option[4]=sensitiveThread
04-19 23:21:42.672 I/art     ( 1649): option[5]=-verbose:gc
04-19 23:21:42.672 I/art     ( 1649): option[6]=-Xms8m
04-19 23:21:42.672 I/art     ( 1649): option[7]=-Xmx256m
04-19 23:21:42.672 I/art     ( 1649): option[8]=-XX:mainThreadStackSize=24K
04-19 23:21:42.672 I/art     ( 1649): option[9]=-XX:HeapGrowthLimit=96m
04-19 23:21:42.672 I/art     ( 1649): option[10]=-XX:HeapMinFree=512k
04-19 23:21:42.672 I/art     ( 1649): option[11]=-XX:HeapMaxFree=8m
04-19 23:21:42.672 I/art     ( 1649): option[12]=-XX:HeapTargetUtilization=0.75
04-19 23:21:42.672 I/art     ( 1649): option[13]=-agentlib:jdwp=transport=dt_android_adb,suspend=n,server=y
04-19 23:21:42.672 I/art     ( 1649): option[14]=-Xlockprofthreshold:500
04-19 23:21:42.672 I/art     ( 1649): option[15]=-Ximage-compiler-option
04-19 23:21:42.672 I/art     ( 1649): option[16]=--runtime-arg
04-19 23:21:42.672 I/art     ( 1649): option[17]=-Ximage-compiler-option
04-19 23:21:42.672 I/art     ( 1649): option[18]=-Xms64m
04-19 23:21:42.672 I/art     ( 1649): option[19]=-Ximage-compiler-option
04-19 23:21:42.672 I/art     ( 1649): option[20]=--runtime-arg
04-19 23:21:42.672 I/art     ( 1649): option[21]=-Ximage-compiler-option
04-19 23:21:42.672 I/art     ( 1649): option[22]=-Xmx64m
04-19 23:21:42.672 I/art     ( 1649): option[23]=-Ximage-compiler-option
04-19 23:21:42.672 I/art     ( 1649): option[24]=--image-classes-zip=/system/framework/framework.jar
04-19 23:21:42.672 I/art     ( 1649): option[25]=-Ximage-compiler-option
04-19 23:21:42.672 I/art     ( 1649): option[26]=--image-classes=preloaded-classes
04-19 23:21:42.673 I/art     ( 1649): option[27]=-Xcompiler-option
04-19 23:21:42.673 I/art     ( 1649): option[28]=--runtime-arg
04-19 23:21:42.673 I/art     ( 1649): option[29]=-Xcompiler-option
04-19 23:21:42.673 I/art     ( 1649): option[30]=-Xms64m
04-19 23:21:42.673 I/art     ( 1649): option[31]=-Xcompiler-option
04-19 23:21:42.673 I/art     ( 1649): option[32]=--runtime-arg
04-19 23:21:42.673 I/art     ( 1649): option[33]=-Xcompiler-option
04-19 23:21:42.673 I/art     ( 1649): option[34]=-Xmx512m
04-19 23:21:42.673 I/art     ( 1649): option[35]=-Duser.language=en
04-19 23:21:42.673 I/art     ( 1649): option[36]=-Duser.region=US
04-19 23:21:42.708 E/memtrack( 1649): Couldn't load memtrack module (No such file or directory)
04-19 23:21:42.708 E/android.os.Debug( 1649): failed to load memtrack module: -2
04-19 23:21:42.715 I/SamplingProfilerIntegration( 1649): Profiling disabled.
04-19 23:21:42.715 D/Zygote  ( 1649): begin preload
04-19 23:21:42.723 I/Zygote  ( 1649): Preloading classes...
04-19 23:21:42.725 I/art     ( 1649): Explicit concurrent mark sweep GC freed 992(55KB) AllocSpace objects, 0(0B) LOS objects, 93% free, 69KB/1093KB, paused 63us total 2.374ms
04-19 23:21:42.726 I/art     ( 1649): Counter: 1
04-19 23:21:42.740 I/art     ( 1649): Explicit concurrent mark sweep GC freed 548(33KB) AllocSpace objects, 0(0B) LOS objects, 91% free, 89KB/1113KB, paused 122us total 2.701ms
04-19 23:21:42.758 I/art     ( 1649): Explicit concurrent mark sweep GC freed 638(41KB) AllocSpace objects, 0(0B) LOS objects, 91% free, 97KB/1121KB, paused 42us total 1.319ms
04-19 23:21:42.790 I/art     ( 1649): Explicit concurrent mark sweep GC freed 397(25KB) AllocSpace objects, 0(0B) LOS objects, 89% free, 120KB/1144KB, paused 58us total 982us
04-19 23:21:42.794 E/Minikin ( 1649): addFont failed to create font /system/fonts/NotoSansGujarati-Regular.ttf
04-19 23:21:42.794 E/Minikin ( 1649): addFont failed to create font /system/fonts/NotoSansGujarati-Bold.ttf
04-19 23:21:42.794 E/Minikin ( 1649): addFont failed to create font /system/fonts/NotoSansGujaratiUI-Regular.ttf
04-19 23:21:42.795 E/Minikin ( 1649): addFont failed to create font /system/fonts/NotoSansGujaratiUI-Bold.ttf
04-19 23:21:42.795 E/Minikin ( 1649): addFont failed to create font /system/fonts/NotoSansGurmukhi-Regular.ttf
04-19 23:21:42.795 E/Minikin ( 1649): addFont failed to create font /system/fonts/NotoSansGurmukhi-Bold.ttf
04-19 23:21:42.795 E/Minikin ( 1649): addFont failed to create font /system/fonts/NotoSansGurmukhiUI-Regular.ttf
04-19 23:21:42.795 E/Minikin ( 1649): addFont failed to create font /system/fonts/NotoSansGurmukhiUI-Bold.ttf
04-19 23:21:42.799 E/Minikin ( 1649): addFont failed to create font /system/fonts/NotoSansSinhala-Regular.ttf
04-19 23:21:42.799 E/Minikin ( 1649): addFont failed to create font /system/fonts/NotoSansSinhala-Bold.ttf
04-19 23:21:42.800 E/Minikin ( 1649): addFont failed to create font /system/fonts/NotoSansCherokee-Regular.ttf
04-19 23:21:42.800 E/Minikin ( 1649): addFont failed to create font /system/fonts/NotoSansCanadianAboriginal-Regular.ttf
04-19 23:21:42.800 E/Minikin ( 1649): addFont failed to create font /system/fonts/NotoSansYi-Regular.ttf
04-19 23:21:42.800 E/Minikin ( 1649): addFont failed to create font /system/fonts/NotoSansHans-Regular.otf
04-19 23:21:42.800 E/Minikin ( 1649): addFont failed to create font /system/fonts/NotoSansHant-Regular.otf
04-19 23:21:42.800 E/Minikin ( 1649): addFont failed to create font /system/fonts/NotoSansJP-Regular.otf
04-19 23:21:42.800 E/Minikin ( 1649): addFont failed to create font /system/fonts/NotoSansKR-Regular.otf
04-19 23:21:42.835 I/art     ( 1649): Explicit concurrent mark sweep GC freed 1471(107KB) AllocSpace objects, 0(0B) LOS objects, 88% free, 130KB/1154KB, paused 109us total 4.049ms
04-19 23:21:42.843 I/art     ( 1649): Explicit concurrent mark sweep GC freed 1954(93KB) AllocSpace objects, 0(0B) LOS objects, 85% free, 175KB/1199KB, paused 73us total 2.802ms
04-19 23:21:42.854 I/art     ( 1649): Explicit concurrent mark sweep GC freed 1982(88KB) AllocSpace objects, 0(0B) LOS objects, 82% free, 212KB/1236KB, paused 55us total 2.276ms
04-19 23:21:42.858 I/art     ( 1649): Explicit concurrent mark sweep GC freed 410(29KB) AllocSpace objects, 0(0B) LOS objects, 80% free, 248KB/1272KB, paused 54us total 2.945ms
04-19 23:21:42.875 I/art     ( 1649): Thread[1,tid=1649,WaitingForJniOnLoad,Thread*=0xf4406800,peer=0x12c330e0,"main"] recursive attempt to load library "/system/lib/libmedia_jni.so"
04-19 23:21:42.875 D/MtpDeviceJNI( 1649): register_android_mtp_MtpDevice
04-19 23:21:42.875 I/art     ( 1649): Thread[1,tid=1649,WaitingForJniOnLoad,Thread*=0xf4406800,peer=0x12c330e0,"main"] recursive attempt to load library "/system/lib/libmedia_jni.so"
04-19 23:21:42.875 I/art     ( 1649): Thread[1,tid=1649,WaitingForJniOnLoad,Thread*=0xf4406800,peer=0x12c330e0,"main"] recursive attempt to load library "/system/lib/libmedia_jni.so"
04-19 23:21:42.877 W/linker  ( 1649): libswresample.so has text relocations. This is wasting memory and prevents security hardening. Please fix.
04-19 23:21:42.878 W/linker  ( 1649): libavcodec.so has text relocations. This is wasting memory and prevents security hardening. Please fix.
04-19 23:21:42.890 I/art     ( 1649): Explicit concurrent mark sweep GC freed 668(38KB) AllocSpace objects, 0(0B) LOS objects, 79% free, 259KB/1283KB, paused 77us total 2.642ms
04-19 23:21:42.907 I/art     ( 1649): Explicit concurrent mark sweep GC freed 520(26KB) AllocSpace objects, 0(0B) LOS objects, 78% free, 287KB/1311KB, paused 78us total 4.193ms
04-19 23:21:42.921 I/art     ( 1649): Explicit concurrent mark sweep GC freed 554(31KB) AllocSpace objects, 0(0B) LOS objects, 76% free, 314KB/1338KB, paused 57us total 8.482ms
04-19 23:21:42.941 I/art     ( 1649): Explicit concurrent mark sweep GC freed 1858(109KB) AllocSpace objects, 0(0B) LOS objects, 68% free, 480KB/1504KB, paused 56us total 1.715ms
04-19 23:21:42.943 E/EmojiFactory_jni( 1649): Failed to load libemoji.so: dlopen failed: library "libemoji.so" not found
04-19 23:21:42.966 I/art     ( 1649): Explicit concurrent mark sweep GC freed 361(46KB) AllocSpace objects, 0(0B) LOS objects, 56% free, 778KB/1802KB, paused 179us total 6.293ms
04-19 23:21:42.978 I/art     ( 1649): Explicit concurrent mark sweep GC freed 440(30KB) AllocSpace objects, 0(0B) LOS objects, 56% free, 797KB/1821KB, paused 398us total 2.482ms
04-19 23:21:42.991 I/art     ( 1649): Explicit concurrent mark sweep GC freed 778(49KB) AllocSpace objects, 0(0B) LOS objects, 56% free, 797KB/1821KB, paused 122us total 2.359ms
04-19 23:21:43.018 I/iptables( 1647): iptables v1.4.20: can't initialize iptables table `nat': Table does not exist (do you need to insmod?)
04-19 23:21:43.018 I/iptables( 1647): Perhaps iptables or your kernel needs to be upgraded.
04-19 23:21:43.018 I/iptables( 1647): iptables terminated by exit(3)
04-19 23:21:43.018 E/Netd    ( 1647): exec() res=0, status=768 for /system/bin/iptables -t nat -N oem_nat_pre 
04-19 23:21:43.020 I/art     ( 1649): Explicit concurrent mark sweep GC freed 875(101KB) AllocSpace objects, 0(0B) LOS objects, 55% free, 825KB/1849KB, paused 70us total 8.074ms
04-19 23:21:43.021 I/iptables( 1647): iptables v1.4.20: can't initialize iptables table `nat': Table does not exist (do you need to insmod?)
04-19 23:21:43.021 I/iptables( 1647): Perhaps iptables or your kernel needs to be upgraded.
04-19 23:21:43.021 I/iptables( 1647): iptables terminated by exit(3)
04-19 23:21:43.021 E/Netd    ( 1647): exec() res=0, status=768 for /system/bin/iptables -t nat -A PREROUTING -j oem_nat_pre 
04-19 23:21:43.025 I/art     ( 1649): Explicit concurrent mark sweep GC freed 623(44KB) AllocSpace objects, 0(0B) LOS objects, 55% free, 829KB/1853KB, paused 63us total 1.934ms
04-19 23:21:43.027 I/iptables( 1647): iptables v1.4.20: can't initialize iptables table `nat': Table does not exist (do you need to insmod?)
04-19 23:21:43.027 I/iptables( 1647): Perhaps iptables or your kernel needs to be upgraded.
04-19 23:21:43.027 I/iptables( 1647): iptables terminated by exit(3)
04-19 23:21:43.027 E/Netd    ( 1647): exec() res=0, status=768 for /system/bin/iptables -t nat -N natctrl_nat_POSTROUTING 
04-19 23:21:43.031 I/iptables( 1647): iptables v1.4.20: can't initialize iptables table `nat': Table does not exist (do you need to insmod?)
04-19 23:21:43.031 I/iptables( 1647): Perhaps iptables or your kernel needs to be upgraded.
04-19 23:21:43.031 I/iptables( 1647): iptables terminated by exit(3)
04-19 23:21:43.031 E/Netd    ( 1647): exec() res=0, status=768 for /system/bin/iptables -t nat -A POSTROUTING -j natctrl_nat_POSTROUTING 
04-19 23:21:43.039 V/NatController( 1647): runCmd(/system/bin/iptables -F natctrl_FORWARD) res=0
04-19 23:21:43.040 I/art     ( 1649): Explicit concurrent mark sweep GC freed 259(20KB) AllocSpace objects, 0(0B) LOS objects, 54% free, 858KB/1882KB, paused 56us total 4.069ms
04-19 23:21:43.041 V/NatController( 1647): runCmd(/system/bin/iptables -A natctrl_FORWARD -j DROP) res=0
04-19 23:21:43.042 V/NatController( 1647): runCmd(/system/bin/iptables -t nat -F natctrl_nat_POSTROUTING) res=3
04-19 23:21:43.060 I/art     ( 1649): Explicit concurrent mark sweep GC freed 31(1312B) AllocSpace objects, 0(0B) LOS objects, 45% free, 1242KB/2MB, paused 80us total 2.710ms
04-19 23:21:43.070 I/art     ( 1649): Explicit concurrent mark sweep GC freed 586(34KB) AllocSpace objects, 0(0B) LOS objects, 44% free, 1257KB/2MB, paused 57us total 3.829ms
04-19 23:21:43.075 I/art     ( 1649): Explicit concurrent mark sweep GC freed 744(44KB) AllocSpace objects, 0(0B) LOS objects, 44% free, 1262KB/2MB, paused 62us total 2.045ms
04-19 23:21:43.102 I/System  ( 1649): Loaded time zone names for "" in 27ms (26ms in ICU)
04-19 23:21:43.118 I/System  ( 1649): Loaded time zone names for "en_US" in 16ms (14ms in ICU)
04-19 23:21:43.121 I/art     ( 1649): Explicit concurrent mark sweep GC freed 2400(181KB) AllocSpace objects, 0(0B) LOS objects, 41% free, 1420KB/2MB, paused 59us total 2.946ms
04-19 23:21:43.127 I/art     ( 1649): Explicit concurrent mark sweep GC freed 136(12KB) AllocSpace objects, 0(0B) LOS objects, 40% free, 1485KB/2MB, paused 83us total 2.301ms
04-19 23:21:43.140 I/art     ( 1649): Explicit concurrent mark sweep GC freed 289(24KB) AllocSpace objects, 0(0B) LOS objects, 39% free, 1537KB/2MB, paused 58us total 3.578ms
04-19 23:21:43.150 I/art     ( 1649): Explicit concurrent mark sweep GC freed 678(47KB) AllocSpace objects, 0(0B) LOS objects, 39% free, 1539KB/2MB, paused 138us total 6.636ms
04-19 23:21:43.152 I/Zygote  ( 1649): ...preloaded 3005 classes in 429ms.
04-19 23:21:43.153 I/art     ( 1649): VMRuntime.preloadDexCaches starting
04-19 23:21:43.172 I/iptables( 1647): iptables: No chain/target/match by that name.
04-19 23:21:43.172 I/iptables( 1647): iptables terminated by exit(1)
04-19 23:21:43.172 E/BandwidthController( 1647): runIptablesCmd(): res=1 status=256 failed /system/bin/iptables -A bw_INPUT -m owner --socket-exists
04-19 23:21:43.174 I/ip6tables( 1647): ip6tables: No chain/target/match by that name.
04-19 23:21:43.174 I/ip6tables( 1647): ip6tables terminated by exit(1)
04-19 23:21:43.174 E/BandwidthController( 1647): runIptablesCmd(): res=1 status=256 failed /system/bin/ip6tables -A bw_INPUT -m owner --socket-exists
04-19 23:21:43.181 E/Netd    ( 1647): Unable to create netlink socket: Protocol not supported
04-19 23:21:43.181 E/Netd    ( 1647): Unable to open quota2 logging socket
04-19 23:21:43.181 D/MDnsDS  ( 1647): MDnsSdListener::Hander starting up
04-19 23:21:43.182 D/MDnsDS  ( 1647): MDnsSdListener starting to monitor
04-19 23:21:43.182 D/MDnsDS  ( 1647): Going to poll with pollCount 1
04-19 23:21:43.189 I/art     ( 1649): VMRuntime.preloadDexCaches strings total=211396 before=38222 after=38222
04-19 23:21:43.189 I/art     ( 1649): VMRuntime.preloadDexCaches types total=18189 before=6353 after=6387
04-19 23:21:43.189 I/art     ( 1649): VMRuntime.preloadDexCaches fields total=84633 before=32015 after=32340
04-19 23:21:43.189 I/art     ( 1649): VMRuntime.preloadDexCaches methods total=149739 before=65971 after=66848
04-19 23:21:43.189 I/art     ( 1649): VMRuntime.preloadDexCaches finished
04-19 23:21:43.189 I/art     ( 1649): Counter: 0
04-19 23:21:43.189 I/art     ( 1649): Counter: 1
04-19 23:21:43.193 I/art     ( 1649): Explicit concurrent mark sweep GC freed 71(16KB) AllocSpace objects, 0(0B) LOS objects, 40% free, 1524KB/2MB, paused 81us total 3.447ms
04-19 23:21:43.206 D/idmap   ( 1889): error: no read access to /vendor/overlay: No such file or directory
04-19 23:21:43.207 I/Zygote  ( 1649): Preloading resources...
04-19 23:21:43.209 W/Resources( 1649): Preloaded drawable resource #0x1080096 (android:drawable/toast_frame) that varies with configuration!!
04-19 23:21:43.216 I/art     ( 1649): Explicit concurrent mark sweep GC freed 61(2688B) AllocSpace objects, 0(0B) LOS objects, 39% free, 1683KB/2MB, paused 2.075ms total 6.381ms
04-19 23:21:43.217 W/Resources( 1649): Preloaded drawable resource #0x1080111 (android:drawable/btn_check_on_pressed_holo_light) that varies with configuration!!
04-19 23:21:43.224 I/art     ( 1649): Explicit concurrent mark sweep GC freed 38(209KB) AllocSpace objects, 0(0B) LOS objects, 39% free, 1540KB/2MB, paused 58us total 6.389ms
04-19 23:21:43.224 W/Resources( 1649): Preloaded drawable resource #0x1080110 (android:drawable/btn_check_on_pressed_holo_dark) that varies with configuration!!
04-19 23:21:43.227 I/art     ( 1649): Explicit concurrent mark sweep GC freed 32(65KB) AllocSpace objects, 0(0B) LOS objects, 39% free, 1540KB/2MB, paused 68us total 2.387ms
04-19 23:21:43.228 W/Resources( 1649): Preloaded drawable resource #0x108010d (android:drawable/btn_check_on_holo_light) that varies with configuration!!
04-19 23:21:43.236 I/art     ( 1649): Explicit concurrent mark sweep GC freed 32(65KB) AllocSpace objects, 0(0B) LOS objects, 39% free, 1540KB/2MB, paused 89us total 7.669ms
04-19 23:21:43.238 W/Resources( 1649): Preloaded drawable resource #0x108010c (android:drawable/btn_check_on_holo_dark) that varies with configuration!!
04-19 23:21:43.240 I/art     ( 1649): Explicit concurrent mark sweep GC freed 32(65KB) AllocSpace objects, 0(0B) LOS objects, 39% free, 1540KB/2MB, paused 58us total 2.153ms
04-19 23:21:43.241 W/Resources( 1649): Preloaded drawable resource #0x108010a (android:drawable/btn_check_on_focused_holo_light) that varies with configuration!!
04-19 23:21:43.243 I/art     ( 1649): Explicit concurrent mark sweep GC freed 32(65KB) AllocSpace objects, 0(0B) LOS objects, 40% free, 1540KB/2MB, paused 92us total 2.379ms
04-19 23:21:43.246 W/Resources( 1649): Preloaded drawable resource #0x1080109 (android:drawable/btn_check_on_focused_holo_dark) that varies with configuration!!
04-19 23:21:43.253 I/art     ( 1649): Explicit concurrent mark sweep GC freed 32(65KB) AllocSpace objects, 0(0B) LOS objects, 39% free, 1540KB/2MB, paused 60us total 6.676ms
04-19 23:21:43.254 W/Resources( 1649): Preloaded drawable resource #0x1080108 (android:drawable/btn_check_on_disabled_holo_light) that varies with configuration!!
04-19 23:21:43.256 I/art     ( 1649): Explicit concurrent mark sweep GC freed 32(65KB) AllocSpace objects, 0(0B) LOS objects, 40% free, 1541KB/2MB, paused 59us total 2.037ms
04-19 23:21:43.257 W/Resources( 1649): Preloaded drawable resource #0x1080107 (android:drawable/btn_check_on_disabled_holo_dark) that varies with configuration!!
04-19 23:21:43.259 I/art     ( 1649): Explicit concurrent mark sweep GC freed 32(65KB) AllocSpace objects, 0(0B) LOS objects, 39% free, 1541KB/2MB, paused 77us total 1.888ms
04-19 23:21:43.259 W/Resources( 1649): Preloaded drawable resource #0x1080106 (android:drawable/btn_check_on_disabled_focused_holo_light) that varies with configuration!!
04-19 23:21:43.265 I/art     ( 1649): Explicit concurrent mark sweep GC freed 32(65KB) AllocSpace objects, 0(0B) LOS objects, 39% free, 1541KB/2MB, paused 62us total 5.840ms
04-19 23:21:43.268 W/Resources( 1649): Preloaded drawable resource #0x1080105 (android:drawable/btn_check_on_disabled_focused_holo_dark) that varies with configuration!!
04-19 23:21:43.273 I/art     ( 1649): Explicit concurrent mark sweep GC freed 32(65KB) AllocSpace objects, 0(0B) LOS objects, 40% free, 1541KB/2MB, paused 60us total 5.072ms
04-19 23:21:43.273 W/Resources( 1649): Preloaded drawable resource #0x10800fd (android:drawable/btn_check_off_pressed_holo_light) that varies with configuration!!
04-19 23:21:43.276 I/art     ( 1649): Explicit concurrent mark sweep GC freed 32(65KB) AllocSpace objects, 0(0B) LOS objects, 39% free, 1541KB/2MB, paused 58us total 2.255ms
04-19 23:21:43.276 W/Resources( 1649): Preloaded drawable resource #0x10800fc (android:drawable/btn_check_off_pressed_holo_dark) that varies with configuration!!
04-19 23:21:43.284 I/art     ( 1649): Explicit concurrent mark sweep GC freed 32(65KB) AllocSpace objects, 0(0B) LOS objects, 40% free, 1541KB/2MB, paused 334us total 7.427ms
04-19 23:21:43.285 W/Resources( 1649): Preloaded drawable resource #0x10800f7 (android:drawable/btn_check_off_holo_light) that varies with configuration!!
04-19 23:21:43.288 I/art     ( 1649): Explicit concurrent mark sweep GC freed 34(65KB) AllocSpace objects, 0(0B) LOS objects, 40% free, 1542KB/2MB, paused 95us total 2.973ms
04-19 23:21:43.289 W/Resources( 1649): Preloaded drawable resource #0x10800f6 (android:drawable/btn_check_off_holo_dark) that varies with configuration!!
04-19 23:21:43.291 I/art     ( 1649): Explicit concurrent mark sweep GC freed 32(65KB) AllocSpace objects, 0(0B) LOS objects, 40% free, 1542KB/2MB, paused 57us total 2.189ms
04-19 23:21:43.292 W/Resources( 1649): Preloaded drawable resource #0x10800f4 (android:drawable/btn_check_off_focused_holo_light) that varies with configuration!!
04-19 23:21:43.297 I/art     ( 1649): Explicit concurrent mark sweep GC freed 32(65KB) AllocSpace objects, 0(0B) LOS objects, 39% free, 1542KB/2MB, paused 145us total 4.423ms
04-19 23:21:43.300 W/Resources( 1649): Preloaded drawable resource #0x10800f3 (android:drawable/btn_check_off_focused_holo_dark) that varies with configuration!!
04-19 23:21:43.308 I/art     ( 1649): Explicit concurrent mark sweep GC freed 32(65KB) AllocSpace objects, 0(0B) LOS objects, 40% free, 1542KB/2MB, paused 59us total 8.038ms
04-19 23:21:43.309 W/Resources( 1649): Preloaded drawable resource #0x10800f2 (android:drawable/btn_check_off_disabled_holo_light) that varies with configuration!!
04-19 23:21:43.315 I/art     ( 1649): Explicit concurrent mark sweep GC freed 32(65KB) AllocSpace objects, 0(0B) LOS objects, 39% free, 1542KB/2MB, paused 941us total 6.164ms
04-19 23:21:43.318 W/Resources( 1649): Preloaded drawable resource #0x10800f1 (android:drawable/btn_check_off_disabled_holo_dark) that varies with configuration!!
04-19 23:21:43.327 I/art     ( 1649): Explicit concurrent mark sweep GC freed 32(65KB) AllocSpace objects, 0(0B) LOS objects, 39% free, 1542KB/2MB, paused 73us total 7.162ms
04-19 23:21:43.328 W/Resources( 1649): Preloaded drawable resource #0x10800f0 (android:drawable/btn_check_off_disabled_focused_holo_light) that varies with configuration!!
04-19 23:21:43.336 I/art     ( 1649): Explicit concurrent mark sweep GC freed 32(65KB) AllocSpace objects, 0(0B) LOS objects, 39% free, 1543KB/2MB, paused 142us total 7.126ms
04-19 23:21:43.336 W/Resources( 1649): Preloaded drawable resource #0x10800ef (android:drawable/btn_check_off_disabled_focused_holo_dark) that varies with configuration!!
04-19 23:21:43.349 I/art     ( 1649): Explicit concurrent mark sweep GC freed 32(65KB) AllocSpace objects, 0(0B) LOS objects, 39% free, 1543KB/2MB, paused 93us total 11.914ms
04-19 23:21:43.351 W/Resources( 1649): Preloaded drawable resource #0x108010d (android:drawable/btn_check_on_holo_light) that varies with configuration!!
04-19 23:21:43.352 W/Resources( 1649): Preloaded drawable resource #0x10800f7 (android:drawable/btn_check_off_holo_light) that varies with configuration!!
04-19 23:21:43.353 W/Resources( 1649): Preloaded drawable resource #0x1080111 (android:drawable/btn_check_on_pressed_holo_light) that varies with configuration!!
04-19 23:21:43.354 W/Resources( 1649): Preloaded drawable resource #0x10800fd (android:drawable/btn_check_off_pressed_holo_light) that varies with configuration!!
04-19 23:21:43.355 W/Resources( 1649): Preloaded drawable resource #0x108010a (android:drawable/btn_check_on_focused_holo_light) that varies with configuration!!
04-19 23:21:43.355 W/Resources( 1649): Preloaded drawable resource #0x10800f4 (android:drawable/btn_check_off_focused_holo_light) that varies with configuration!!
04-19 23:21:43.356 W/Resources( 1649): Preloaded drawable resource #0x10800f7 (android:drawable/btn_check_off_holo_light) that varies with configuration!!
04-19 23:21:43.357 W/Resources( 1649): Preloaded drawable resource #0x108010d (android:drawable/btn_check_on_holo_light) that varies with configuration!!
04-19 23:21:43.358 W/Resources( 1649): Preloaded drawable resource #0x1080108 (android:drawable/btn_check_on_disabled_holo_light) that varies with configuration!!
04-19 23:21:43.358 W/Resources( 1649): Preloaded drawable resource #0x10800f2 (android:drawable/btn_check_off_disabled_holo_light) that varies with configuration!!
04-19 23:21:43.359 W/Resources( 1649): Preloaded drawable resource #0x1080106 (android:drawable/btn_check_on_disabled_focused_holo_light) that varies with configuration!!
04-19 23:21:43.360 W/Resources( 1649): Preloaded drawable resource #0x10800f0 (android:drawable/btn_check_off_disabled_focused_holo_light) that varies with configuration!!
04-19 23:21:43.360 W/Resources( 1649): Preloaded drawable resource #0x10800f2 (android:drawable/btn_check_off_disabled_holo_light) that varies with configuration!!
04-19 23:21:43.367 W/Resources( 1649): Preloaded drawable resource #0x1080108 (android:drawable/btn_check_on_disabled_holo_light) that varies with configuration!!
04-19 23:21:43.367 W/Resources( 1649): Preloaded drawable resource #0x10800e5 (android:drawable/btn_check_holo_light) that varies with configuration!!
04-19 23:21:43.381 I/art     ( 1649): WaitForGcToComplete blocked for 13.541ms for cause Explicit
04-19 23:21:43.390 I/art     ( 1649): Explicit concurrent mark sweep GC freed 118(901KB) AllocSpace objects, 0(0B) LOS objects, 40% free, 1546KB/2MB, paused 97us total 8.857ms
04-19 23:21:43.392 W/Resources( 1649): Preloaded drawable resource #0x108010c (android:drawable/btn_check_on_holo_dark) that varies with configuration!!
04-19 23:21:43.392 W/Resources( 1649): Preloaded drawable resource #0x10800f6 (android:drawable/btn_check_off_holo_dark) that varies with configuration!!
04-19 23:21:43.393 W/Resources( 1649): Preloaded drawable resource #0x1080110 (android:drawable/btn_check_on_pressed_holo_dark) that varies with configuration!!
04-19 23:21:43.393 W/Resources( 1649): Preloaded drawable resource #0x10800fc (android:drawable/btn_check_off_pressed_holo_dark) that varies with configuration!!
04-19 23:21:43.396 W/Resources( 1649): Preloaded drawable resource #0x1080109 (android:drawable/btn_check_on_focused_holo_dark) that varies with configuration!!
04-19 23:21:43.396 W/Resources( 1649): Preloaded drawable resource #0x10800f3 (android:drawable/btn_check_off_focused_holo_dark) that varies with configuration!!
04-19 23:21:43.397 W/Resources( 1649): Preloaded drawable resource #0x10800f6 (android:drawable/btn_check_off_holo_dark) that varies with configuration!!
04-19 23:21:43.402 W/Resources( 1649): Preloaded drawable resource #0x108010c (android:drawable/btn_check_on_holo_dark) that varies with configuration!!
04-19 23:21:43.402 W/Resources( 1649): Preloaded drawable resource #0x1080107 (android:drawable/btn_check_on_disabled_holo_dark) that varies with configuration!!
04-19 23:21:43.403 W/Resources( 1649): Preloaded drawable resource #0x10800f1 (android:drawable/btn_check_off_disabled_holo_dark) that varies with configuration!!
04-19 23:21:43.404 W/Resources( 1649): Preloaded drawable resource #0x1080105 (android:drawable/btn_check_on_disabled_focused_holo_dark) that varies with configuration!!
04-19 23:21:43.405 W/Resources( 1649): Preloaded drawable resource #0x10800ef (android:drawable/btn_check_off_disabled_focused_holo_dark) that varies with configuration!!
04-19 23:21:43.406 W/Resources( 1649): Preloaded drawable resource #0x10800f1 (android:drawable/btn_check_off_disabled_holo_dark) that varies with configuration!!
04-19 23:21:43.406 W/Resources( 1649): Preloaded drawable resource #0x1080107 (android:drawable/btn_check_on_disabled_holo_dark) that varies with configuration!!
04-19 23:21:43.407 W/Resources( 1649): Preloaded drawable resource #0x10800e4 (android:drawable/btn_check_holo_dark) that varies with configuration!!
04-19 23:21:43.413 I/art     ( 1649): WaitForGcToComplete blocked for 5.150ms for cause Explicit
04-19 23:21:43.425 I/art     ( 1649): Explicit concurrent mark sweep GC freed 118(901KB) AllocSpace objects, 0(0B) LOS objects, 39% free, 1547KB/2MB, paused 471us total 11.544ms
04-19 23:21:43.427 W/Resources( 1649): Preloaded drawable resource #0x10801c3 (android:drawable/btn_radio_on_pressed_holo_light) that varies with configuration!!
04-19 23:21:43.439 I/art     ( 1649): Explicit concurrent mark sweep GC freed 86(68KB) AllocSpace objects, 0(0B) LOS objects, 39% free, 1544KB/2MB, paused 556us total 10.855ms
04-19 23:21:43.440 W/Resources( 1649): Preloaded drawable resource #0x10801c2 (android:drawable/btn_radio_on_pressed_holo_dark) that varies with configuration!!
04-19 23:21:43.442 I/art     ( 1649): Explicit concurrent mark sweep GC freed 32(65KB) AllocSpace objects, 0(0B) LOS objects, 39% free, 1544KB/2MB, paused 123us total 2.368ms
04-19 23:21:43.443 W/Resources( 1649): Preloaded drawable resource #0x10801bf (android:drawable/btn_radio_on_holo_light) that varies with configuration!!
04-19 23:21:43.454 I/art     ( 1649): Explicit concurrent mark sweep GC freed 32(65KB) AllocSpace objects, 0(0B) LOS objects, 39% free, 1545KB/2MB, paused 900us total 10.883ms
04-19 23:21:43.455 W/Resources( 1649): Preloaded drawable resource #0x10801be (android:drawable/btn_radio_on_holo_dark) that varies with configuration!!
04-19 23:21:43.457 I/art     ( 1649): Explicit concurrent mark sweep GC freed 32(65KB) AllocSpace objects, 0(0B) LOS objects, 39% free, 1545KB/2MB, paused 63us total 1.961ms
04-19 23:21:43.458 W/Resources( 1649): Preloaded drawable resource #0x10801bc (android:drawable/btn_radio_on_focused_holo_light) that varies with configuration!!
04-19 23:21:43.464 I/art     ( 1649): Explicit concurrent mark sweep GC freed 32(65KB) AllocSpace objects, 0(0B) LOS objects, 40% free, 1545KB/2MB, paused 113us total 5.325ms
04-19 23:21:43.468 W/Resources( 1649): Preloaded drawable resource #0x10801bb (android:drawable/btn_radio_on_focused_holo_dark) that varies with configuration!!
04-19 23:21:43.473 I/art     ( 1649): Explicit concurrent mark sweep GC freed 32(65KB) AllocSpace objects, 0(0B) LOS objects, 39% free, 1545KB/2MB, paused 82us total 4.953ms
04-19 23:21:43.474 W/Resources( 1649): Preloaded drawable resource #0x10801ba (android:drawable/btn_radio_on_disabled_holo_light) that varies with configuration!!
04-19 23:21:43.476 I/art     ( 1649): Explicit concurrent mark sweep GC freed 34(66KB) AllocSpace objects, 0(0B) LOS objects, 39% free, 1545KB/2MB, paused 58us total 2.052ms
04-19 23:21:43.477 W/Resources( 1649): Preloaded drawable resource #0x10801b9 (android:drawable/btn_radio_on_disabled_holo_dark) that varies with configuration!!
04-19 23:21:43.484 I/art     ( 1649): Explicit concurrent mark sweep GC freed 32(65KB) AllocSpace objects, 0(0B) LOS objects, 39% free, 1546KB/2MB, paused 98us total 7.595ms
04-19 23:21:43.486 W/Resources( 1649): Preloaded drawable resource #0x10801b8 (android:drawable/btn_radio_on_disabled_focused_holo_light) that varies with configuration!!
04-19 23:21:43.491 I/art     ( 1649): Explicit concurrent mark sweep GC freed 32(65KB) AllocSpace objects, 0(0B) LOS objects, 39% free, 1546KB/2MB, paused 77us total 4.189ms
04-19 23:21:43.492 W/Resources( 1649): Preloaded drawable resource #0x10801b7 (android:drawable/btn_radio_on_disabled_focused_holo_dark) that varies with configuration!!
04-19 23:21:43.494 I/art     ( 1649): Explicit concurrent mark sweep GC freed 32(65KB) AllocSpace objects, 0(0B) LOS objects, 39% free, 1546KB/2MB, paused 61us total 2.414ms
04-19 23:21:43.497 W/Resources( 1649): Preloaded drawable resource #0x10801b3 (android:drawable/btn_radio_off_pressed_holo_light) that varies with configuration!!
04-19 23:21:43.506 I/art     ( 1649): Explicit concurrent mark sweep GC freed 32(65KB) AllocSpace objects, 0(0B) LOS objects, 40% free, 1546KB/2MB, paused 98us total 8.364ms
04-19 23:21:43.506 W/Resources( 1649): Preloaded drawable resource #0x10801b2 (android:drawable/btn_radio_off_pressed_holo_dark) that varies with configuration!!
04-19 23:21:43.508 I/art     ( 1649): Explicit concurrent mark sweep GC freed 32(65KB) AllocSpace objects, 0(0B) LOS objects, 39% free, 1546KB/2MB, paused 62us total 2.333ms
04-19 23:21:43.509 W/Resources( 1649): Preloaded drawable resource #0x10801af (android:drawable/btn_radio_off_holo_light) that varies with configuration!!
04-19 23:21:43.515 I/art     ( 1649): Explicit concurrent mark sweep GC freed 32(65KB) AllocSpace objects, 0(0B) LOS objects, 39% free, 1546KB/2MB, paused 1.276ms total 6.083ms
