04-19 23:21:09.745 D/MountService(  546): addVolumeLocked() StorageVolume:
04-19 23:21:09.745 D/MountService(  546):     mStorageId=65537 mPath=/storage/emulated/0 mDescriptionId=17040782 
04-19 23:21:09.745 D/MountService(  546):     mPrimary=true mRemovable=false mEmulated=true mMtpReserveSpace=100 
04-19 23:21:09.745 D/MountService(  546):     mAllowMassStorage=false mMaxFileSize=0 mOwner=UserHandle{0} mUuid=null 
04-19 23:21:09.745 D/MountService(  546):     mUserLabel=null mState=null 
04-19 23:21:09.747 I/SystemServer(  546): LockSettingsService
04-19 23:21:09.748 I/SystemServiceManager(  546): Starting com.android.server.devicepolicy.DevicePolicyManagerService$Lifecycle
04-19 23:21:09.759 I/SystemServer(  546): Status Bar
04-19 23:21:09.764 I/SystemServer(  546): Clipboard Service
04-19 23:21:09.765 I/SystemServer(  546): NetworkManagement Service
04-19 23:21:09.770 I/SystemServer(  546): Text Service Manager Service
04-19 23:21:09.775 I/PackageManager(  546): No secure containers found
04-19 23:21:09.775 W/PackageManager(  546): Unknown permission com.google.android.googleapps.permission.GOOGLE_AUTH.mail in package com.android.calendar
04-19 23:21:09.775 W/PackageManager(  546): Unknown permission com.cyanogenmod.filemanager.permissions.READ_THEME in package com.cyanogenmod.filemanager
04-19 23:21:09.775 W/PackageManager(  546): Unknown permission com.google.android.gallery3d.permission.PICASA_STORE in package com.android.dreams.phototable
04-19 23:21:09.775 W/PackageManager(  546): Not granting permission android.permission.ACCESS_ALL_EXTERNAL_STORAGE to package tv.danmaku.bili (protectionLevel=2 flags=0x183e44)
04-19 23:21:09.775 W/PackageManager(  546): Not granting permission android.permission.WRITE_MEDIA_STORAGE to package tv.danmaku.bili (protectionLevel=18 flags=0x183e44)
04-19 23:21:09.775 W/PackageManager(  546): Unknown permission android.permission.REQUEST_INSTALL_PACKAGES in package tv.danmaku.bili
04-19 23:21:09.775 W/PackageManager(  546): Unknown permission android.permission.FOREGROUND_SERVICE in package tv.danmaku.bili
04-19 23:21:09.775 W/PackageManager(  546): Not granting permission android.permission.ACCESS_DOWNLOAD_MANAGER to package tv.danmaku.bili (protectionLevel=18 flags=0x183e44)
04-19 23:21:09.775 W/PackageManager(  546): Unknown permission com.bilibili.bplus.im.binder in package tv.danmaku.bili
04-19 23:21:09.775 W/PackageManager(  546): Unknown permission com.coloros.mcs.permission.RECIEVE_MCS_MESSAGE in package tv.danmaku.bili
04-19 23:21:09.775 W/PackageManager(  546): Unknown permission com.asus.msa.SupplementaryDID.ACCESS in package tv.danmaku.bili
04-19 23:21:09.776 W/PackageManager(  546): Not granting permission android.permission.READ_LOGS to package tv.danmaku.bili (protectionLevel=50 flags=0x183e44)
04-19 23:21:09.776 W/PackageManager(  546): Unknown permission com.google.android.apps.photos.permission.GOOGLE_PHOTOS in package tv.danmaku.bili
04-19 23:21:09.776 W/PackageManager(  546): Not granting permission android.permission.MOUNT_UNMOUNT_FILESYSTEMS to package tv.danmaku.bili (protectionLevel=18 flags=0x183e44)
04-19 23:21:09.776 W/PackageManager(  546): Unknown permission android.permission.RECEIVE_USER_PRESENT in package tv.danmaku.bili
04-19 23:21:09.776 W/PackageManager(  546): Unknown permission com.meizu.c2dm.permission.RECEIVE in package tv.danmaku.bili
04-19 23:21:09.776 W/PackageManager(  546): Unknown permission com.google.android.googleapps.permission.GOOGLE_AUTH in package com.android.settings
04-19 23:21:09.776 W/PackageManager(  546): Unknown permission com.android.launcher.permission.READ_SETTINGS in package com.android.settings
04-19 23:21:09.776 W/PackageManager(  546): Unknown permission com.android.launcher.permission.WRITE_SETTINGS in package com.android.settings
04-19 23:21:09.776 W/PackageManager(  546): Not granting permission android.permission.DELETE_PACKAGES to package com.svox.pico (protectionLevel=18 flags=0x8be45)
04-19 23:21:09.776 W/PackageManager(  546): Not granting permission android.permission.BIND_WALLPAPER to package com.android.camera2 (protectionLevel=18 flags=0x58bc45)
04-19 23:21:09.776 W/PackageManager(  546): Unknown permission com.google.android.gallery3d.permission.GALLERY_PROVIDER in package com.android.bluetooth
04-19 23:21:09.776 W/PackageManager(  546): Unknown permission com.android.launcher.permission.READ_SETTINGS in package com.android.onetimeinitializer
04-19 23:21:09.776 W/PackageManager(  546): Unknown permission com.android.launcher.permission.WRITE_SETTINGS in package com.android.onetimeinitializer
04-19 23:21:09.776 W/PackageManager(  546): Not granting permission android.permission.BIND_APPWIDGET to package com.android.launcher3 (protectionLevel=18 flags=0x483e45)
04-19 23:21:09.776 W/PackageManager(  546): Unknown permission com.android.launcher.permission.READ_SETTINGS in package com.android.launcher3
04-19 23:21:09.776 W/PackageManager(  546): Unknown permission com.android.launcher.permission.WRITE_SETTINGS in package com.android.launcher3
04-19 23:21:09.776 W/PackageManager(  546): Not granting permission android.permission.DEVICE_POWER to package com.android.deskclock (protectionLevel=2 flags=0x48be45)
04-19 23:21:09.776 W/PackageManager(  546): Not granting permission android.permission.GLOBAL_SEARCH to package com.android.quicksearchbox (protectionLevel=18 flags=0x8be45)
04-19 23:21:09.776 W/PackageManager(  546): Unknown permission com.google.android.googleapps.permission.GOOGLE_AUTH in package com.android.providers.calendar
04-19 23:21:09.776 W/PackageManager(  546): Unknown permission com.google.android.googleapps.permission.GOOGLE_AUTH.cl in package com.android.providers.calendar
04-19 23:21:09.776 W/PackageManager(  546): Unknown permission android.permission.INSTALL_DRM in package com.android.mms
04-19 23:21:09.776 W/PackageManager(  546): Not granting permission android.permission.ACCESS_DOWNLOAD_MANAGER to package com.android.browser (protectionLevel=18 flags=0x9be45)
04-19 23:21:09.776 W/PackageManager(  546): Not granting permission android.permission.SEND_DOWNLOAD_COMPLETED_INTENTS to package com.android.browser (protectionLevel=2 flags=0x9be45)
04-19 23:21:09.776 W/PackageManager(  546): Unknown permission com.google.android.googleapps.permission.ACCESS_GOOGLE_PASSWORD in package com.android.development
04-19 23:21:09.776 W/PackageManager(  546): Unknown permission com.google.android.googleapps.permission.GOOGLE_AUTH in package com.android.development
04-19 23:21:09.776 W/PackageManager(  546): Unknown permission com.google.android.googleapps.permission.GOOGLE_AUTH.ALL_SERVICES in package com.android.development
04-19 23:21:09.776 W/PackageManager(  546): Unknown permission com.google.android.googleapps.permission.GOOGLE_AUTH.YouTubeUser in package com.android.development
04-19 23:21:09.779 I/SystemServer(  546): Network Score Service
04-19 23:21:09.794 I/SystemServer(  546): NetworkStats Service
04-19 23:21:09.808 I/SystemServer(  546): NetworkPolicy Service
04-19 23:21:09.818 I/SystemServiceManager(  546): Starting com.android.server.wifi.p2p.WifiP2pService
04-19 23:21:09.848 I/WifiP2pService(  546): Registering wifip2p
04-19 23:21:09.849 I/SystemServiceManager(  546): Starting com.android.server.wifi.WifiService
04-19 23:21:09.960 E/WifiConfigStore(  546): associatedPartialScanPeriodMilli set to 20000
04-19 23:21:09.967 D/WifiController(  546): isAirplaneModeOn = false, isWifiEnabled = true, isScanningAvailable = false
04-19 23:21:09.968 I/WifiService(  546): Registering wifi
04-19 23:21:09.971 I/SystemServiceManager(  546): Starting com.android.server.wifi.WifiScanningService
04-19 23:21:09.971 I/WifiScanningService(  546): Creating wifiscanner
04-19 23:21:09.972 I/WifiScanningService(  546): Starting wifiscanner
04-19 23:21:09.975 I/SystemServiceManager(  546): Starting com.android.server.wifi.RttService
04-19 23:21:09.975 I/RttService(  546): Creating rttmanager
04-19 23:21:09.975 I/RttService(  546): Starting rttmanager
04-19 23:21:09.976 I/SystemServer(  546): Connectivity Service
04-19 23:21:09.978 D/ConnectivityService(  546): ConnectivityService starting up
04-19 23:21:09.997 D/ConnectivityService(  546): wifiOnly=false
04-19 23:21:10.011 I/SystemServer(  546): Network Service Discovery Service
04-19 23:21:10.013 D/NsdService(  546): Network service discovery enabled true
04-19 23:21:10.014 I/SystemServer(  546): UpdateLock Service
04-19 23:21:10.035 I/SystemServiceManager(  546): Starting com.android.server.notification.NotificationManagerService
04-19 23:21:10.050 I/SystemServiceManager(  546): Starting com.android.server.storage.DeviceStorageMonitorService
04-19 23:21:10.054 I/SystemServer(  546): Location Manager
04-19 23:21:10.064 I/SystemServer(  546): Country Detector
04-19 23:21:10.068 I/SystemServer(  546): Search Service
04-19 23:21:10.075 I/SystemServer(  546): DropBox Service
04-19 23:21:10.079 I/SystemServer(  546): Wallpaper Service
04-19 23:21:10.093 I/SystemServer(  546): Audio Service
04-19 23:21:10.113 I/ServiceManager(  546): Waiting for service media.audio_policy...
04-19 23:21:10.114 W/TelecomManager(  546): Telecom Service not found.
04-19 23:21:10.242 I/AudioFlinger(  123): Using module 1 has the primary audio interface
04-19 23:21:10.242 I/AudioFlinger(  123): AudioFlinger's thread 0xf3701000 ready to run
04-19 23:21:10.245 I/AudioFlinger(  123): AudioFlinger's thread 0xf3783000 ready to run
04-19 23:21:10.246 E/SoundTriggerHwService(  123): couldn't load sound trigger module sound_trigger.primary (No such file or directory)
04-19 23:21:11.407 I/SystemServiceManager(  546): Starting com.android.server.DockObserver
04-19 23:21:11.408 W/DockObserver(  546): This kernel does not have dock station support
04-19 23:21:11.409 I/SystemServer(  546): Wired Accessory Manager
04-19 23:21:11.411 W/WiredAccessoryManager(  546): This kernel does not have wired headset support
04-19 23:21:11.411 W/WiredAccessoryManager(  546): This kernel does not have usb audio support
04-19 23:21:11.411 W/WiredAccessoryManager(  546): This kernel does not have HDMI audio support
04-19 23:21:11.411 I/SystemServiceManager(  546): Starting com.android.server.usb.UsbService$Lifecycle
04-19 23:21:11.412 I/SystemServer(  546): Serial Service
04-19 23:21:11.413 I/SystemServiceManager(  546): Starting com.android.server.twilight.TwilightService
04-19 23:21:11.414 I/SystemServiceManager(  546): Starting com.android.server.UiModeManagerService
04-19 23:21:11.415 I/SystemServiceManager(  546): Starting com.android.server.job.JobSchedulerService
04-19 23:21:11.416 I/SystemServiceManager(  546): Starting com.android.server.backup.BackupManagerService$Lifecycle
04-19 23:21:11.425 V/BackupManagerService(  546): No ancestral data
04-19 23:21:11.426 D/BackupManagerService(  546): Now staging backup of com.android.calendar
04-19 23:21:11.428 D/BackupManagerService(  546): Now staging backup of com.android.dialer
04-19 23:21:11.429 D/BackupManagerService(  546): Now staging backup of com.android.providers.userdictionary
04-19 23:21:11.430 D/BackupManagerService(  546): Now staging backup of com.android.sharedstoragebackup
04-19 23:21:11.431 D/BackupManagerService(  546): Now staging backup of com.android.providers.settings
04-19 23:21:11.433 D/BackupManagerService(  546): Now staging backup of android
04-19 23:21:11.447 D/BackupManagerService(  546): Now staging backup of com.android.browser
04-19 23:21:11.449 V/BackupManagerService(  546): Starting with transport android/com.android.internal.backup.LocalTransport
04-19 23:21:11.449 V/BackupManagerService(  546): Found transports: 1
04-19 23:21:11.449 I/BackupManagerService(  546): Binding to transport host ComponentInfo{android/com.android.internal.backup.LocalTransportService}
04-19 23:21:11.451 I/BackupManagerService(  546): Found stale backup journal, scheduling
04-19 23:21:11.452 I/SystemServiceManager(  546): Starting com.android.server.appwidget.AppWidgetService
04-19 23:21:11.459 I/SystemServiceManager(  546): Starting com.android.server.voiceinteraction.VoiceInteractionManagerService
04-19 23:21:11.462 W/SoundTriggerHelper(  546): listModules status=0, # of modules=0
04-19 23:21:11.462 I/SystemServer(  546): DiskStats Service
04-19 23:21:11.462 I/SystemServer(  546): SamplingProfiler Service
04-19 23:21:11.464 I/SystemServer(  546): NetworkTimeUpdateService
04-19 23:21:11.464 I/SystemServer(  546): CommonTimeManagementService
04-19 23:21:11.465 I/SystemServer(  546): CertBlacklister
04-19 23:21:11.465 I/SystemServiceManager(  546): Starting com.android.server.dreams.DreamManagerService
04-19 23:21:11.466 I/SystemServer(  546): Assets Atlas Service
04-19 23:21:11.466 I/SystemServiceManager(  546): Starting com.android.server.print.PrintManagerService
04-19 23:21:11.467 I/SystemServiceManager(  546): Starting com.android.server.restrictions.RestrictionsManagerService
04-19 23:21:11.471 I/SystemServiceManager(  546): Starting com.android.server.media.MediaSessionService
04-19 23:21:11.472 D/Atlas   (  546): Loaded configuration: SliceMinArea (768x768) flags=0x2 count=2
04-19 23:21:11.472 D/        (  528): HostConnection::get() New Host Connection established 0xf6c0e120, tid 529
04-19 23:21:11.480 I/SystemServer(  546): Media Router Service
04-19 23:21:11.480 I/SystemServiceManager(  546): Starting com.android.server.trust.TrustManagerService
04-19 23:21:11.481 I/SystemServiceManager(  546): Starting com.android.server.fingerprint.FingerprintService
04-19 23:21:11.481 V/Fingerprint-JNI(  546): nativeInit()
04-19 23:21:11.481 V/Fingerprint-JNI(  546): nativeOpenHal()
04-19 23:21:11.481 E/Fingerprint-JNI(  546): Can't open fingerprint HW Module, error: -2
04-19 23:21:11.481 I/SystemServer(  546): BackgroundDexOptService
04-19 23:21:11.482 I/SystemServiceManager(  546): Starting com.android.server.pm.LauncherAppsService
04-19 23:21:11.491 I/SystemServiceManager(  546): Starting com.android.server.media.projection.MediaProjectionManagerService
04-19 23:21:11.497 I/WindowManager(  546): SAFE MODE not enabled
04-19 23:21:11.498 I/SystemServiceManager(  546): Starting com.android.server.MmsServiceBroker
04-19 23:21:11.501 E/SQLiteLog(  546): (283) recovered 16 frames from WAL file /data/system/locksettings.db-wal
04-19 23:21:11.510 I/SystemServiceManager(  546): Starting phase 480
04-19 23:21:11.512 I/SystemServiceManager(  546): Starting phase 500
04-19 23:21:11.512 I/WifiService(  546): WifiService starting up with Wi-Fi enabled
04-19 23:21:11.513 D/WifiService(  546): setWifiEnabled: true pid=546, uid=1000
04-19 23:21:11.513 E/WifiService(  546): Invoking mWifiStateMachine.setWifiEnabled
04-19 23:21:11.513 D/WifiController(  546): WifiController msg { when=0 what=155656 target=com.android.internal.util.StateMachine$SmHandler } deferred for 500ms
04-19 23:21:11.778 D/WifiService(  546): New client listening to asynchronous messages
04-19 23:21:11.778 I/WifiScanningService(  546): Registering wifiscanner
04-19 23:21:11.779 D/WifiScanningService(  546): New client, channel: null messenger: null
04-19 23:21:11.780 I/RttService(  546): Registering rttmanager
04-19 23:21:11.780 D/WifiChangeStateMachine(  546): Entering IdleState
04-19 23:21:11.780 D/WifiScanningService(  546): DefaultState
04-19 23:21:11.781 I/ActivityManager(  546): Config changes=200 {1.0 ?mcc?mnc en_US ldltr sw360dp w360dp h615dp 640dpi nrml long port -touch qwerty/v/v -nav/h s.5}
04-19 23:21:11.831 I/DisplayManagerService(  546): Display device changed: DisplayDeviceInfo{"Built-in Screen": 1440 x 2560, 60.000004 fps, supportedRefreshRates [60.000004], density 640, 640.0 x 640.0 dpi, appVsyncOff 0, presDeadline 17666666, touch INTERNAL, rotation 0, type BUILT_IN, state ON, FLAG_DEFAULT_DISPLAY, FLAG_ROTATES_WITH_CONTENT, FLAG_SECURE, FLAG_SUPPORTS_PROTECTED_BUFFERS}
04-19 23:21:11.832 D/SurfaceFlinger(  528): Set power mode=2, type=0 flinger=0xf705e000
04-19 23:21:11.832 D/SurfaceFlinger(  528): Screen type=0 is already mode=2
04-19 23:21:11.845 I/AppOps  (  546): Pruning old package media/1013: new uid=-1
04-19 23:21:11.845 I/ActivityManager(  546): System now ready
04-19 23:21:11.847 I/SystemServer(  546): Making services ready
04-19 23:21:11.847 I/SystemServiceManager(  546): Starting phase 550
04-19 23:21:11.848 I/SystemServer(  546): WebViewFactory preparation
04-19 23:21:11.861 I/Zygote  (  546): Process: zygote socket opened, supported ABIS: x86
04-19 23:21:11.883 E/libprocessgroup(  648): failed to make and chown /acct/uid_1037: Read-only file system
04-19 23:21:11.883 W/Zygote  (  648): createProcessGroup failed, kernel missing CONFIG_CGROUP_CPUACCT?
04-19 23:21:11.895 I/ActivityManager(  546): Start proc WebViewLoader-x86 [android.webkit.WebViewFactory$RelroFileCreator] for : pid=648 uid=1037 gids={} abi=x86
04-19 23:21:11.901 V/WebViewFactory(  648): RelroFileCreator (64bit = false),  32-bit lib: /system/app/webview/lib/x86/libwebviewchromium.so, 64-bit lib: 
04-19 23:21:11.917 E/libprocessgroup(  666): failed to make and chown /acct/uid_10013: Read-only file system
04-19 23:21:11.917 W/Zygote  (  666): createProcessGroup failed, kernel missing CONFIG_CGROUP_CPUACCT?
04-19 23:21:11.934 I/ActivityManager(  546): Start proc com.android.systemui for service com.android.systemui/.SystemUIService: pid=666 uid=10013 gids={50013, 9997, 1028, 1015, 1035, 3002, 3001, 3006} abi=x86
04-19 23:21:11.934 D/NetworkManagementService(  546): not enabling bandwidth control
04-19 23:21:11.934 W/MountService(  546): Duplicate state transition (mounted -> mounted) for /storage/emulated/0
04-19 23:21:11.978 W/NetworkStats(  546): bandwidth controls disabled, unable to track stats
04-19 23:21:11.978 W/NetworkPolicy(  546): bandwidth controls disabled, unable to enforce policy
04-19 23:21:11.989 I/art     (  648): System.exit called, status: 0
04-19 23:21:11.989 I/AndroidRuntime(  648): VM exiting with result code 0, cleanup skipped.
04-19 23:21:12.000 D/PermissionMonitor(  546): Monitoring
04-19 23:21:12.001 D/PermissionMonitor(  546): Users: 1, Apps: 62
04-19 23:21:12.007 I/SystemServiceManager(  546): Starting phase 600
04-19 23:21:12.007 E/BluetoothAdapter(  546): Bluetooth binder is null
04-19 23:21:12.007 E/BluetoothAdapter(  546): Bluetooth binder is null
04-19 23:21:12.008 D/ConditionProviders(  546): onServiceAdded ManagedServiceInfo[component=ComponentInfo{android/com.android.server.notification.CountdownConditionProvider},userid=0,isSystem=true,targetSdkVersion=21,connection=null,service=android.service.notification.ConditionProviderService$Provider@a0778e4]
04-19 23:21:12.008 D/ConditionProviders(  546): onServiceAdded ManagedServiceInfo[component=ComponentInfo{android/com.android.server.notification.DowntimeConditionProvider},userid=0,isSystem=true,targetSdkVersion=21,connection=null,service=android.service.notification.ConditionProviderService$Provider@305c214d]
04-19 23:21:12.009 I/BackupManagerService(  546): Backup enabled => false
04-19 23:21:12.009 I/BackupManagerService(  546): Opting out of backup
04-19 23:21:12.023 D/WifiController(  546): DEFERRED_TOGGLE handled
04-19 23:21:12.023 W/linker  (  123): libswresample.so has text relocations. This is wasting memory and prevents security hardening. Please fix.
04-19 23:21:12.023 W/linker  (  123): libavcodec.so has text relocations. This is wasting memory and prevents security hardening. Please fix.
04-19 23:21:12.027 E/WifiStateMachine(  546): Failed to reload STA firmware java.lang.IllegalArgumentException: command '12 softap fwreload eth1 STA' failed with '501 12 SoftAP command has failed'
04-19 23:21:12.028 D/CommandListener(  119): Setting iface cfg
04-19 23:21:12.028 D/CommandListener(  119): Trying to bring down eth1
04-19 23:21:12.029 E/InputMethodManagerService(  546): Ignoring setImeWindowStatus due to an invalid token. uid:1000 token:null
04-19 23:21:12.032 D/CommandListener(  119): Clearing all IP addresses on eth1
04-19 23:21:12.034 E/WVMExtractor(  123): Failed to open libwvm.so: dlopen failed: library "libwvm.so" not found
04-19 23:21:12.034 V/FFmpegExtractor(  123): SniffFFMPEG
04-19 23:21:12.034 I/FFmpegExtractor(  123): android-source:0xf1405040
04-19 23:21:12.050 E/libprocessgroup(  704): failed to make and chown /acct/uid_10038: Read-only file system
04-19 23:21:12.050 W/Zygote  (  704): createProcessGroup failed, kernel missing CONFIG_CGROUP_CPUACCT?
04-19 23:21:12.051 I/ActivityManager(  546): Start proc com.android.inputmethod.latin for service com.android.inputmethod.latin/.LatinIME: pid=704 uid=10038 gids={50038, 9997, 1028, 1015} abi=x86
04-19 23:21:12.051 V/InputMethodManagerService(  546): Adding window token: android.os.Binder@1d60aa57
04-19 23:21:12.054 V/SystemUIService(  666): Starting SystemUI services.
04-19 23:21:12.093 V/FingerprintService(  546): startListening(android.service.fingerprint.IFingerprintServiceReceiver$Stub$Proxy@20e29c5e)
04-19 23:21:12.097 D/FFMPEG  (  123): android source begin open
04-19 23:21:12.097 D/FFMPEG  (  123): android open, url: android-source:0xf1405040
04-19 23:21:12.097 D/FFMPEG  (  123): ffmpeg open android data source success, source ptr: 0xf1405040
04-19 23:21:12.097 D/FFMPEG  (  123): android source open success
04-19 23:21:12.131 V/FFmpegExtractor(  123): SniffFFMPEG
04-19 23:21:12.131 I/FFmpegExtractor(  123): android-source:0xf1005040
04-19 23:21:12.131 D/FFMPEG  (  123): android source begin open
04-19 23:21:12.131 D/FFMPEG  (  123): android open, url: android-source:0xf1005040
04-19 23:21:12.131 D/FFMPEG  (  123): ffmpeg open android data source success, source ptr: 0xf1005040
04-19 23:21:12.131 D/FFMPEG  (  123): android source open success
04-19 23:21:12.145 I/FFMPEG  (  123): Input #0, ogg, from 'android-source:0xf1405040':
04-19 23:21:12.145 I/FFMPEG  (  123):   Duration: 00:00:00.09, start: 0.000000, bitrate: 437 kb/s
04-19 23:21:12.145 I/FFMPEG  (  123):     Stream #0:0: Audio: vorbis, 48000 Hz, stereo, fltp, 96 kb/s
04-19 23:21:12.145 I/FFmpegExtractor(  123): FFmpegExtrator, url: android-source:0xf1405040, format_name: ogg, format_long_name: Ogg
04-19 23:21:12.145 I/FFmpegExtractor(  123): list the formats suppoted by ffmpeg: 
04-19 23:21:12.145 I/FFmpegExtractor(  123): ========================================
04-19 23:21:12.145 V/FFmpegExtractor(  123): format_names[00]: mpeg
04-19 23:21:12.145 V/FFmpegExtractor(  123): format_names[01]: mpegts
04-19 23:21:12.145 V/FFmpegExtractor(  123): format_names[02]: mov,mp4,m4a,3gp,3g2,mj2
04-19 23:21:12.145 V/FFmpegExtractor(  123): format_names[03]: matroska,webm
04-19 23:21:12.145 V/FFmpegExtractor(  123): format_names[04]: asf
04-19 23:21:12.145 V/FFmpegExtractor(  123): format_names[05]: rm
04-19 23:21:12.145 V/FFmpegExtractor(  123): format_names[06]: flv
04-19 23:21:12.145 V/FFmpegExtractor(  123): format_names[07]: swf
04-19 23:21:12.145 V/FFmpegExtractor(  123): format_names[08]: avi
04-19 23:21:12.145 V/FFmpegExtractor(  123): format_names[09]: ape
04-19 23:21:12.145 V/FFmpegExtractor(  123): format_names[10]: dts
04-19 23:21:12.145 V/FFmpegExtractor(  123): format_names[11]: flac
04-19 23:21:12.145 V/FFmpegExtractor(  123): format_names[12]: ac3
04-19 23:21:12.145 V/FFmpegExtractor(  123): format_names[13]: wav
04-19 23:21:12.145 V/FFmpegExtractor(  123): format_names[14]: ogg
04-19 23:21:12.145 V/FFmpegExtractor(  123): format_names[15]: vc1
04-19 23:21:12.145 V/FFmpegExtractor(  123): format_names[16]: hevc
04-19 23:21:12.145 I/FFmpegExtractor(  123): ========================================
04-19 23:21:12.145 I/FFmpegExtractor(  123): adjust mime(application/ogg -> audio/vorbis)
04-19 23:21:12.145 D/FFmpegExtractor(  123): suppoted codec(vorbis) by official Stagefright
04-19 23:21:12.145 D/FFMPEG  (  123): android source close
04-19 23:21:12.145 I/FFmpegExtractor(  123): sniff through BetterSniffFFMPEG success
04-19 23:21:12.145 D/FFmpegExtractor(  123): ffmpeg detected media content as 'audio/vorbis' with confidence 0.08
04-19 23:21:12.146 I/FFMPEG  (  123): Input #0, ogg, from 'android-source:0xf1005040':
04-19 23:21:12.146 I/FFMPEG  (  123):   Duration: 00:00:00.23, start: 0.000000, bitrate: 293 kb/s
04-19 23:21:12.146 I/FFMPEG  (  123):     Stream #0:0: Audio: vorbis, 44100 Hz, stereo, fltp, 160 kb/s
04-19 23:21:12.146 I/FFmpegExtractor(  123): FFmpegExtrator, url: android-source:0xf1005040, format_name: ogg, format_long_name: Ogg
04-19 23:21:12.146 I/FFmpegExtractor(  123): list the formats suppoted by ffmpeg: 
04-19 23:21:12.146 I/FFmpegExtractor(  123): ========================================
04-19 23:21:12.146 V/FFmpegExtractor(  123): format_names[00]: mpeg
04-19 23:21:12.146 V/FFmpegExtractor(  123): format_names[01]: mpegts
04-19 23:21:12.146 V/FFmpegExtractor(  123): format_names[02]: mov,mp4,m4a,3gp,3g2,mj2
04-19 23:21:12.146 V/FFmpegExtractor(  123): format_names[03]: matroska,webm
04-19 23:21:12.146 V/FFmpegExtractor(  123): format_names[04]: asf
04-19 23:21:12.146 V/FFmpegExtractor(  123): format_names[05]: rm
04-19 23:21:12.146 V/FFmpegExtractor(  123): format_names[06]: flv
04-19 23:21:12.146 V/FFmpegExtractor(  123): format_names[07]: swf
04-19 23:21:12.146 V/FFmpegExtractor(  123): format_names[08]: avi
04-19 23:21:12.146 V/FFmpegExtractor(  123): format_names[09]: ape
04-19 23:21:12.146 V/FFmpegExtractor(  123): format_names[10]: dts
04-19 23:21:12.146 V/FFmpegExtractor(  123): format_names[11]: flac
04-19 23:21:12.146 V/FFmpegExtractor(  123): format_names[12]: ac3
04-19 23:21:12.146 V/FFmpegExtractor(  123): format_names[13]: wav
04-19 23:21:12.146 V/FFmpegExtractor(  123): format_names[14]: ogg
04-19 23:21:12.146 V/FFmpegExtractor(  123): format_names[15]: vc1
04-19 23:21:12.146 V/FFmpegExtractor(  123): format_names[16]: hevc
04-19 23:21:12.146 I/FFmpegExtractor(  123): ========================================
04-19 23:21:12.146 I/FFmpegExtractor(  123): adjust mime(application/ogg -> audio/vorbis)
04-19 23:21:12.146 D/FFmpegExtractor(  123): suppoted codec(vorbis) by official Stagefright
04-19 23:21:12.146 D/FFMPEG  (  123): android source close
04-19 23:21:12.146 I/FFmpegExtractor(  123): sniff through BetterSniffFFMPEG success
04-19 23:21:12.146 D/FFmpegExtractor(  123): ffmpeg detected media content as 'audio/vorbis' with confidence 0.08
04-19 23:21:12.149 D/NuPlayerDriver(  123): start(0xf2c0c040)
04-19 23:21:12.149 I/GenericSource(  123): start
04-19 23:21:12.151 D/NuPlayerDriver(  123): start(0xf2e17040)
04-19 23:21:12.151 I/GenericSource(  123): start
04-19 23:21:12.161 D/SoftFFmpegAudio(  123): SoftFFmpegAudio component: OMX.ffmpeg.wma.decoder mMode: 4
04-19 23:21:12.161 E/OMXNodeInstance(  123): getParameter(100663311) ERROR: 0x8000101a
04-19 23:21:12.161 E/OMXNodeInstance(  123): getParameter(100663297) ERROR: 0x8000101a
04-19 23:21:12.162 V/SoftFFmpegAudio(  123): ~SoftFFmpegAudio
04-19 23:21:12.162 D/SoftFFmpegAudio(  123): SoftFFmpegAudio component: OMX.ffmpeg.ra.decoder mMode: 5
04-19 23:21:12.162 E/OMXNodeInstance(  123): getParameter(100663311) ERROR: 0x8000101a
04-19 23:21:12.162 E/OMXNodeInstance(  123): getParameter(100663297) ERROR: 0x8000101a
04-19 23:21:12.162 V/SoftFFmpegAudio(  123): ~SoftFFmpegAudio
04-19 23:21:12.163 D/SoftFFmpegAudio(  123): SoftFFmpegAudio component: OMX.ffmpeg.flac.decoder mMode: 6
04-19 23:21:12.163 E/OMXNodeInstance(  123): getParameter(100663311) ERROR: 0x8000101a
04-19 23:21:12.163 E/OMXNodeInstance(  123): getParameter(100663297) ERROR: 0x8000101a
04-19 23:21:12.163 V/SoftFFmpegAudio(  123): ~SoftFFmpegAudio
04-19 23:21:12.164 D/SoftFFmpegAudio(  123): SoftFFmpegAudio component: OMX.ffmpeg.mp2.decoder mMode: 7
04-19 23:21:12.164 E/OMXNodeInstance(  123): getParameter(100663311) ERROR: 0x8000101a
04-19 23:21:12.164 E/OMXNodeInstance(  123): getParameter(100663297) ERROR: 0x8000101a
04-19 23:21:12.164 V/SoftFFmpegAudio(  123): ~SoftFFmpegAudio
04-19 23:21:12.164 D/SoftFFmpegAudio(  123): SoftFFmpegAudio component: OMX.ffmpeg.ac3.decoder mMode: 8
04-19 23:21:12.164 E/OMXNodeInstance(  123): getParameter(100663311) ERROR: 0x8000101a
04-19 23:21:12.164 E/OMXNodeInstance(  123): getParameter(100663297) ERROR: 0x8000101a
04-19 23:21:12.165 V/SoftFFmpegAudio(  123): ~SoftFFmpegAudio
04-19 23:21:12.170 D/SoftFFmpegAudio(  123): SoftFFmpegAudio component: OMX.ffmpeg.ape.decoder mMode: 9
04-19 23:21:12.171 D/gps_vbox86(  546): gps_get_extension not implemented
04-19 23:21:12.172 D/gps_vbox86(  546): gps_get_extension not implemented
04-19 23:21:12.172 D/gps_vbox86(  546): gps_get_extension not implemented
04-19 23:21:12.172 D/gps_vbox86(  546): gps_get_extension not implemented
04-19 23:21:12.172 D/gps_vbox86(  546): gps_get_extension not implemented
04-19 23:21:12.172 D/gps_vbox86(  546): gps_get_extension not implemented
04-19 23:21:12.172 D/gps_vbox86(  546): gps_get_extension not implemented
04-19 23:21:12.172 D/gps_vbox86(  546): gps_get_extension not implemented
04-19 23:21:12.172 D/gps_vbox86(  546): gps_get_extension not implemented
04-19 23:21:12.174 D/GpsLocationProvider(  546): Reset GPS properties, previous size = 0
04-19 23:21:12.174 D/GpsLocationProvider(  546): GpsParamsResource: SUPL_HOST=supl.google.com
04-19 23:21:12.174 D/GpsLocationProvider(  546): GpsParamsResource: SUPL_PORT=7275
04-19 23:21:12.174 D/GpsLocationProvider(  546): GpsParamsResource: NTP_SERVER=north-america.pool.ntp.org
04-19 23:21:12.174 D/GpsLocationProvider(  546): GpsParamsResource: SUPL_VER=0x20000
04-19 23:21:12.174 D/GpsLocationProvider(  546): GpsParamsResource: SUPL_MODE=1
04-19 23:21:12.174 E/OMXNodeInstance(  123): getParameter(100663311) ERROR: 0x8000101a
04-19 23:21:12.174 E/OMXNodeInstance(  123): getParameter(100663297) ERROR: 0x8000101a
04-19 23:21:12.174 V/SoftFFmpegAudio(  123): ~SoftFFmpegAudio
04-19 23:21:12.175 D/GpsLocationProvider(  546): GPS properties reloaded, size = 8
04-19 23:21:12.175 E/GpsLocationProvider(  546): no AGPS interface in set_agps_server
04-19 23:21:12.175 E/GpsLocationProvider(  546): no GPS configuration interface in configuraiton_update
04-19 23:21:12.175 D/GpsLocationProvider(  546): final config = #Sun Apr 19 23:21:12 GMT+08:00 2020
04-19 23:21:12.175 D/GpsLocationProvider(  546): SUPL_VER=0x20000
04-19 23:21:12.175 D/GpsLocationProvider(  546): SUPL_HOST=supl.google.com
04-19 23:21:12.175 D/GpsLocationProvider(  546): XTRA_SERVER_3=http\://xtra3.gpsonextra.net/xtra.bin
04-19 23:21:12.175 D/GpsLocationProvider(  546): XTRA_SERVER_1=http\://xtra1.gpsonextra.net/xtra.bin
04-19 23:21:12.175 D/GpsLocationProvider(  546): SUPL_PORT=7276
04-19 23:21:12.175 D/GpsLocationProvider(  546): XTRA_SERVER_2=http\://xtra2.gpsonextra.net/xtra.bin
04-19 23:21:12.175 D/GpsLocationProvider(  546): NTP_SERVER=north-america.pool.ntp.org
04-19 23:21:12.175 D/GpsLocationProvider(  546): SUPL_MODE=1
04-19 23:21:12.176 W/ServiceWatcher(  546): com.google.android.gms not found
04-19 23:21:12.176 W/ServiceWatcher(  546): com.google.android.gms not found
04-19 23:21:12.176 W/LocationManagerService(  546): no network location provider found
04-19 23:21:12.176 W/ServiceWatcher(  546): com.google.android.gms not found
04-19 23:21:12.177 W/ServiceWatcher(  546): com.google.android.gms not found
04-19 23:21:12.177 E/LocationManagerService(  546): no geocoder provider found
04-19 23:21:12.177 E/FlpHardwareProvider(  546): Error hw_get_module 'flp': -2
04-19 23:21:12.177 E/LocationManagerService(  546): FLP HAL not supported
04-19 23:21:12.177 W/ServiceWatcher(  546): com.google.android.gms not found
04-19 23:21:12.177 E/LocationManagerService(  546): Unable to bind FLP Geofence proxy.
04-19 23:21:12.177 E/ActivityRecognitionHardware(  546): Error hw_get_module: -2
04-19 23:21:12.177 E/LocationManagerService(  546): Hardware Activity-Recognition not supported.
04-19 23:21:12.179 I/CommonTimeManagementService(  546): No common time service detected on this platform.  Common time services will be unavailable.
04-19 23:21:12.180 D/gps_vbox86(  546): Redis Gps read thread is starting ...
04-19 23:21:12.181 I/InputReader(  546): Reconfiguring input devices.  changes=0x00000020
04-19 23:21:12.181 D/SoftFFmpegAudio(  123): SoftFFmpegAudio component: OMX.ffmpeg.dts.decoder mMode: 10
04-19 23:21:12.182 E/OMXNodeInstance(  123): getParameter(100663311) ERROR: 0x8000101a
04-19 23:21:12.182 E/OMXNodeInstance(  123): getParameter(100663297) ERROR: 0x8000101a
04-19 23:21:12.182 I/MmsServiceBroker(  546): Connecting to MmsService
04-19 23:21:12.182 W/ContextImpl(  546): Calling a method in the system process without a qualified user: android.app.ContextImpl.bindService:1758 com.android.server.MmsServiceBroker.tryConnecting:134 com.android.server.MmsServiceBroker.systemRunning:121 com.android.server.SystemServer$2.run:1180 com.android.server.am.ActivityManagerService.systemReady:11326 
04-19 23:21:12.182 I/InputReader(  546): Reconfiguring input devices.  changes=0x00000010
04-19 23:21:12.183 V/SoftFFmpegAudio(  123): ~SoftFFmpegAudio
04-19 23:21:12.184 D/SoftFFmpegAudio(  123): SoftFFmpegAudio component: OMX.ffmpeg.pcm.decoder mMode: 12
04-19 23:21:12.184 E/OMXNodeInstance(  123): getParameter(100663311) ERROR: 0x8000101a
04-19 23:21:12.184 E/OMXNodeInstance(  123): getParameter(100663297) ERROR: 0x8000101a
04-19 23:21:12.184 V/SoftFFmpegAudio(  123): ~SoftFFmpegAudio
04-19 23:21:12.189 D/SoftFFmpegAudio(  123): SoftFFmpegAudio component: OMX.ffmpeg.atrial.decoder mMode: 11
04-19 23:21:12.190 E/OMXNodeInstance(  123): getParameter(100663311) ERROR: 0x8000101a
04-19 23:21:12.190 E/OMXNodeInstance(  123): getParameter(100663297) ERROR: 0x8000101a
04-19 23:21:12.190 V/SoftFFmpegAudio(  123): ~SoftFFmpegAudio
04-19 23:21:12.195 E/GpsLocationProvider(  546): no AGPS interface in set_agps_server
04-19 23:21:12.197 W/gps_vbox86(  546): Redis message not properly formated
04-19 23:21:12.198 W/linker  (  123): libswscale.so has text relocations. This is wasting memory and prevents security hardening. Please fix.
04-19 23:21:12.212 D/SoftFFmpegVideo(  123): SoftFFmpegVideo component: OMX.ffmpeg.mpeg2v.decoder mMode: 0 appData: 0xf0a13380
04-19 23:21:12.212 E/SoftFFmpegVideo(  123): unsupported role: video_decoder.mpeg2
04-19 23:21:12.212 E/OMXNodeInstance(  123): setParameter(16777239) ERROR: 0x80001001
04-19 23:21:12.212 W/OMXCodec(  123): Failed to set standard component role 'video_decoder.mpeg2'.
04-19 23:21:12.212 E/OMXNodeInstance(  123): getParameter(100663311) ERROR: 0x8000101a
04-19 23:21:12.212 E/OMXNodeInstance(  123): getParameter(100663297) ERROR: 0x8000100e
04-19 23:21:12.212 E/OMXNodeInstance(  123): OMX_GetExtensionIndex OMX.google.android.index.storeMetaDataInBuffers failed
04-19 23:21:12.212 W/OMXNodeInstance(  123): OMX_GetExtensionIndex OMX.google.android.index.prepareForAdaptivePlayback failed
04-19 23:21:12.212 V/SoftFFmpegVideo(  123): ~SoftFFmpegVideo
04-19 23:21:12.213 W/linker  (  123): libswscale.so has text relocations. This is wasting memory and prevents security hardening. Please fix.
04-19 23:21:12.213 D/SoftFFmpegVideo(  123): SoftFFmpegVideo component: OMX.ffmpeg.wmv.decoder mMode: 0 appData: 0xf0a133c0
04-19 23:21:12.213 E/OMXNodeInstance(  123): getParameter(100663311) ERROR: 0x8000101a
04-19 23:21:12.213 E/OMXNodeInstance(  123): getParameter(100663297) ERROR: 0x8000100e
04-19 23:21:12.213 E/OMXNodeInstance(  123): OMX_GetExtensionIndex OMX.google.android.index.storeMetaDataInBuffers failed
04-19 23:21:12.213 W/OMXNodeInstance(  123): OMX_GetExtensionIndex OMX.google.android.index.prepareForAdaptivePlayback failed
04-19 23:21:12.213 V/SoftFFmpegVideo(  123): ~SoftFFmpegVideo
04-19 23:21:12.214 W/linker  (  123): libswscale.so has text relocations. This is wasting memory and prevents security hardening. Please fix.
04-19 23:21:12.214 D/SoftFFmpegVideo(  123): SoftFFmpegVideo component: OMX.ffmpeg.rv.decoder mMode: 0 appData: 0xf0a13400
04-19 23:21:12.214 E/OMXNodeInstance(  123): getParameter(100663311) ERROR: 0x8000101a
04-19 23:21:12.214 E/OMXNodeInstance(  123): getParameter(100663297) ERROR: 0x8000100e
04-19 23:21:12.214 E/OMXNodeInstance(  123): OMX_GetExtensionIndex OMX.google.android.index.storeMetaDataInBuffers failed
04-19 23:21:12.214 W/OMXNodeInstance(  123): OMX_GetExtensionIndex OMX.google.android.index.prepareForAdaptivePlayback failed
04-19 23:21:12.214 V/SoftFFmpegVideo(  123): ~SoftFFmpegVideo
04-19 23:21:12.214 W/linker  (  123): libswscale.so has text relocations. This is wasting memory and prevents security hardening. Please fix.
04-19 23:21:12.215 D/SoftFFmpegVideo(  123): SoftFFmpegVideo component: OMX.ffmpeg.vc1.decoder mMode: 0 appData: 0xf0a13440
04-19 23:21:12.215 E/OMXNodeInstance(  123): getParameter(100663311) ERROR: 0x8000101a
04-19 23:21:12.215 E/OMXNodeInstance(  123): getParameter(100663297) ERROR: 0x8000100e
04-19 23:21:12.215 E/OMXNodeInstance(  123): OMX_GetExtensionIndex OMX.google.android.index.storeMetaDataInBuffers failed
04-19 23:21:12.215 W/OMXNodeInstance(  123): OMX_GetExtensionIndex OMX.google.android.index.prepareForAdaptivePlayback failed
04-19 23:21:12.215 V/SoftFFmpegVideo(  123): ~SoftFFmpegVideo
04-19 23:21:12.215 E/libprocessgroup(  763): failed to make and chown /acct/uid_1001: Read-only file system
04-19 23:21:12.215 W/Zygote  (  763): createProcessGroup failed, kernel missing CONFIG_CGROUP_CPUACCT?
04-19 23:21:12.216 W/linker  (  123): libswscale.so has text relocations. This is wasting memory and prevents security hardening. Please fix.
04-19 23:21:12.216 D/SoftFFmpegVideo(  123): SoftFFmpegVideo component: OMX.ffmpeg.flv1.decoder mMode: 0 appData: 0xf0a13480
04-19 23:21:12.216 E/OMXNodeInstance(  123): getParameter(100663311) ERROR: 0x8000101a
04-19 23:21:12.216 E/OMXNodeInstance(  123): getParameter(100663297) ERROR: 0x8000100e
04-19 23:21:12.216 E/OMXNodeInstance(  123): OMX_GetExtensionIndex OMX.google.android.index.storeMetaDataInBuffers failed
04-19 23:21:12.216 W/OMXNodeInstance(  123): OMX_GetExtensionIndex OMX.google.android.index.prepareForAdaptivePlayback failed
04-19 23:21:12.216 V/SoftFFmpegVideo(  123): ~SoftFFmpegVideo
04-19 23:21:12.216 W/linker  (  123): libswscale.so has text relocations. This is wasting memory and prevents security hardening. Please fix.
04-19 23:21:12.217 D/SoftFFmpegVideo(  123): SoftFFmpegVideo component: OMX.ffmpeg.divx.decoder mMode: 0 appData: 0xf0a13180
04-19 23:21:12.217 E/OMXNodeInstance(  123): getParameter(100663311) ERROR: 0x8000101a
04-19 23:21:12.217 E/OMXNodeInstance(  123): getParameter(100663297) ERROR: 0x8000100e
04-19 23:21:12.217 E/OMXNodeInstance(  123): OMX_GetExtensionIndex OMX.google.android.index.storeMetaDataInBuffers failed
04-19 23:21:12.217 W/OMXNodeInstance(  123): OMX_GetExtensionIndex OMX.google.android.index.prepareForAdaptivePlayback failed
04-19 23:21:12.218 V/SoftFFmpegVideo(  123): ~SoftFFmpegVideo
04-19 23:21:12.220 W/linker  (  123): libswscale.so has text relocations. This is wasting memory and prevents security hardening. Please fix.
04-19 23:21:12.222 I/ActivityManager(  546): Start proc com.android.phone for service com.android.mms.service/.MmsService: pid=763 uid=1001 gids={41001, 9997, 3002, 3001, 3003, 1028, 1015} abi=x86
04-19 23:21:12.223 D/SoftFFmpegVideo(  123): SoftFFmpegVideo component: OMX.ffmpeg.vtrial.decoder mMode: 0 appData: 0xf0a13540
04-19 23:21:12.223 W/VoiceInteractionManagerService(  546): no available voice interaction services found for user 0
04-19 23:21:12.223 W/VoiceInteractionManagerService(  546): no available voice recognition services found for user 0
04-19 23:21:12.224 E/OMXNodeInstance(  123): getParameter(100663311) ERROR: 0x8000101a
04-19 23:21:12.224 E/OMXNodeInstance(  123): getParameter(100663297) ERROR: 0x8000100e
04-19 23:21:12.224 E/OMXNodeInstance(  123): OMX_GetExtensionIndex OMX.google.android.index.storeMetaDataInBuffers failed
04-19 23:21:12.224 W/OMXNodeInstance(  123): OMX_GetExtensionIndex OMX.google.android.index.prepareForAdaptivePlayback failed
04-19 23:21:12.224 V/SoftFFmpegVideo(  123): ~SoftFFmpegVideo
04-19 23:21:12.231 E/OMXNodeInstance(  123): getParameter(100663311) ERROR: 0x8000101a
04-19 23:21:12.231 E/OMXNodeInstance(  123): getParameter(100663297) ERROR: 0x8000101a
04-19 23:21:12.237 E/OMXNodeInstance(  123): getParameter(100663311) ERROR: 0x8000101a
04-19 23:21:12.237 E/OMXNodeInstance(  123): getParameter(100663297) ERROR: 0x8000101a
04-19 23:21:12.241 E/OMXNodeInstance(  123): getParameter(100663311) ERROR: 0x8000101a
04-19 23:21:12.241 E/OMXNodeInstance(  123): getParameter(100663297) ERROR: 0x8000101a
04-19 23:21:12.251 E/OMXNodeInstance(  123): getParameter(100663311) ERROR: 0x8000101a
04-19 23:21:12.252 E/OMXNodeInstance(  123): getParameter(100663297) ERROR: 0x8000101a
04-19 23:21:12.264 E/OMXNodeInstance(  123): getParameter(100663311) ERROR: 0x8000101a
04-19 23:21:12.264 E/OMXNodeInstance(  123): getParameter(100663297) ERROR: 0x8000101a
04-19 23:21:12.264 E/OMXNodeInstance(  123): getParameter(100663311) ERROR: 0x8000101a
04-19 23:21:12.264 E/OMXNodeInstance(  123): getParameter(100663297) ERROR: 0x8000101a
04-19 23:21:12.265 E/libprocessgroup(  799): failed to make and chown /acct/uid_1000: Read-only file system
04-19 23:21:12.265 W/Zygote  (  799): createProcessGroup failed, kernel missing CONFIG_CGROUP_CPUACCT?
04-19 23:21:12.266 E/OMXNodeInstance(  123): getParameter(100663311) ERROR: 0x8000101a
04-19 23:21:12.266 E/OMXNodeInstance(  123): getParameter(100663297) ERROR: 0x8000101a
04-19 23:21:12.270 E/OMXNodeInstance(  123): getParameter(100663311) ERROR: 0x8000101a
04-19 23:21:12.270 E/OMXNodeInstance(  123): getParameter(100663297) ERROR: 0x8000101a
04-19 23:21:12.276 I/ActivityManager(  546): Start proc com.genymotion.systempatcher for added application com.genymotion.systempatcher: pid=799 uid=1000 gids={41000, 9997, 1028, 1015, 3002, 3001, 3003} abi=x86
04-19 23:21:12.277 E/OMXNodeInstance(  123): getParameter(100663311) ERROR: 0x8000101a
04-19 23:21:12.277 E/OMXNodeInstance(  123): getParameter(100663297) ERROR: 0x8000101a
04-19 23:21:12.278 E/OMXNodeInstance(  123): getParameter(100663311) ERROR: 0x8000101a
04-19 23:21:12.278 E/OMXNodeInstance(  123): getParameter(100663297) ERROR: 0x8000101a
04-19 23:21:12.283 E/OMXNodeInstance(  123): getParameter(100663311) ERROR: 0x8000100e
04-19 23:21:12.283 E/OMXNodeInstance(  123): getParameter(100663297) ERROR: 0x8000100e
04-19 23:21:12.283 E/OMXNodeInstance(  123): OMX_GetExtensionIndex OMX.google.android.index.storeMetaDataInBuffers failed
04-19 23:21:12.284 E/OMXNodeInstance(  123): getParameter(100663311) ERROR: 0x8000100e
04-19 23:21:12.284 E/OMXNodeInstance(  123): getParameter(100663297) ERROR: 0x8000100e
04-19 23:21:12.284 E/OMXNodeInstance(  123): OMX_GetExtensionIndex OMX.google.android.index.storeMetaDataInBuffers failed
04-19 23:21:12.293 E/OMXNodeInstance(  123): getParameter(100663311) ERROR: 0x8000100e
04-19 23:21:12.293 E/OMXNodeInstance(  123): getParameter(100663297) ERROR: 0x8000100e
04-19 23:21:12.293 E/OMXNodeInstance(  123): OMX_GetExtensionIndex OMX.google.android.index.storeMetaDataInBuffers failed
04-19 23:21:12.306 E/OMXNodeInstance(  123): getParameter(100663311) ERROR: 0x8000100e
04-19 23:21:12.306 E/OMXNodeInstance(  123): getParameter(100663297) ERROR: 0x8000100e
04-19 23:21:12.306 E/OMXNodeInstance(  123): OMX_GetExtensionIndex OMX.google.android.index.storeMetaDataInBuffers failed
04-19 23:21:12.312 E/OMXNodeInstance(  123): getParameter(100663311) ERROR: 0x8000100e
04-19 23:21:12.312 E/OMXNodeInstance(  123): getParameter(100663297) ERROR: 0x8000100e
04-19 23:21:12.312 E/OMXNodeInstance(  123): OMX_GetExtensionIndex OMX.google.android.index.storeMetaDataInBuffers failed
04-19 23:21:12.313 E/libprocessgroup(  840): failed to make and chown /acct/uid_1001: Read-only file system
04-19 23:21:12.313 W/Zygote  (  840): createProcessGroup failed, kernel missing CONFIG_CGROUP_CPUACCT?
04-19 23:21:12.315 I/ActivityManager(  546): Start proc com.android.server.telecom for added application com.android.server.telecom: pid=840 uid=1001 gids={41001, 9997, 3002, 3001, 3003, 1028, 1015} abi=x86
04-19 23:21:12.321 D/SoftHEVC(  123): Number of CPU cores: 4
04-19 23:21:12.321 D/SoftHEVC(  123): Initializing decoder
04-19 23:21:12.321 D/SoftHEVC(  123): Set number of cores to 4
04-19 23:21:12.321 D/SoftHEVC(  123): Ittiam decoder version number: @(#)Id:HEVCDEC_production Ver:04.01 Released by ITTIAM Build: Jul 15 2019 @ 21:14:38
04-19 23:21:12.322 E/OMXNodeInstance(  123): getParameter(100663311) ERROR: 0x8000100e
04-19 23:21:12.322 E/OMXNodeInstance(  123): getParameter(100663297) ERROR: 0x8000100e
04-19 23:21:12.322 E/OMXNodeInstance(  123): OMX_GetExtensionIndex OMX.google.android.index.storeMetaDataInBuffers failed
04-19 23:21:12.322 D/SoftHEVC(  123): Freeing codec memory
04-19 23:21:12.322 D/SoftHEVC(  123): Number of CPU cores: 4
04-19 23:21:12.322 D/SoftHEVC(  123): Initializing decoder
04-19 23:21:12.327 D/SoftHEVC(  123): Set number of cores to 4
04-19 23:21:12.327 D/SoftHEVC(  123): Ittiam decoder version number: @(#)Id:HEVCDEC_production Ver:04.01 Released by ITTIAM Build: Jul 15 2019 @ 21:14:38
04-19 23:21:12.327 D/SoftHEVC(  123): In SoftHEVC::~SoftHEVC
04-19 23:21:12.327 D/SoftHEVC(  123): Freeing codec memory
04-19 23:21:12.336 E/OMXNodeInstance(  123): getParameter(100663311) ERROR: 0x8000101a
04-19 23:21:12.336 E/OMXNodeInstance(  123): getParameter(100663297) ERROR: 0x8000101a
04-19 23:21:12.343 E/OMXNodeInstance(  123): getParameter(100663311) ERROR: 0x8000101a
04-19 23:21:12.343 E/OMXNodeInstance(  123): getParameter(100663297) ERROR: 0x8000101a
04-19 23:21:12.351 E/libprocessgroup(  866): failed to make and chown /acct/uid_1000: Read-only file system
04-19 23:21:12.351 W/Zygote  (  866): createProcessGroup failed, kernel missing CONFIG_CGROUP_CPUACCT?
04-19 23:21:12.351 E/OMXNodeInstance(  123): getParameter(100663311) ERROR: 0x8000101a
04-19 23:21:12.351 E/OMXNodeInstance(  123): getParameter(100663297) ERROR: 0x8000101a
04-19 23:21:12.359 I/SoftMPEG4Encoder(  123): Construct SoftMPEG4Encoder
04-19 23:21:12.359 E/OMXNodeInstance(  123): getParameter(100663311) ERROR: 0x8000100e
04-19 23:21:12.359 W/ACodec  (  123): do not know color format 0x7f000789 = 2130708361
04-19 23:21:12.359 E/OMXNodeInstance(  123): getParameter(100663297) ERROR: 0x8000100e
04-19 23:21:12.359 I/ActivityManager(  546): Start proc com.genymotion.genyd for added application com.genymotion.genyd: pid=866 uid=1000 gids={41000, 9997, 1028, 1015, 3002, 3001, 3003} abi=x86
04-19 23:21:12.363 E/OMXNodeInstance(  123): getParameter(100663311) ERROR: 0x8000100e
04-19 23:21:12.363 W/ACodec  (  123): do not know color format 0x7f000789 = 2130708361
04-19 23:21:12.363 E/OMXNodeInstance(  123): getParameter(100663297) ERROR: 0x8000100e
04-19 23:21:12.364 I/SoftMPEG4Encoder(  123): Construct SoftMPEG4Encoder
04-19 23:21:12.366 E/OMXNodeInstance(  123): getParameter(100663311) ERROR: 0x8000100e
04-19 23:21:12.366 W/ACodec  (  123): do not know color format 0x7f000789 = 2130708361
04-19 23:21:12.366 E/OMXNodeInstance(  123): getParameter(100663297) ERROR: 0x8000100e
04-19 23:21:12.371 E/OMXNodeInstance(  123): getParameter(100663311) ERROR: 0x8000101a
04-19 23:21:12.371 E/OMXNodeInstance(  123): getParameter(100663297) ERROR: 0x8000101a
04-19 23:21:12.377 E/OMXNodeInstance(  123): getParameter(100663311) ERROR: 0x8000100e
04-19 23:21:12.378 W/ACodec  (  123): do not know color format 0x7f000789 = 2130708361
04-19 23:21:12.378 E/OMXNodeInstance(  123): getParameter(100663297) ERROR: 0x8000100e
04-19 23:21:12.384 E/libprocessgroup(  896): failed to make and chown /acct/uid_1001: Read-only file system
04-19 23:21:12.384 W/Zygote  (  896): createProcessGroup failed, kernel missing CONFIG_CGROUP_CPUACCT?
04-19 23:21:12.387 I/ActivityManager(  546): Start proc com.android.phone for added application com.android.phone: pid=896 uid=1001 gids={41001, 9997, 3002, 3001, 3003, 1028, 1015} abi=x86
04-19 23:21:12.388 I/ActivityManager(  546): START u0 {act=android.intent.action.MAIN cat=[android.intent.category.HOME] flg=0x10000000 cmp=com.android.launcher3/.Launcher} from uid 0 on display 0
04-19 23:21:12.393 D/NuPlayerDriver(  123): reset(0xf2e17040)
04-19 23:21:12.401 I/wpa_supplicant(  733): Successfully initialized wpa_supplicant
04-19 23:21:12.405 I/art     (  128): Explicit concurrent mark sweep GC freed 706(30KB) AllocSpace objects, 0(0B) LOS objects, 90% free, 110KB/1134KB, paused 94us total 12.192ms
04-19 23:21:12.409 D/NuPlayerDriver(  123): notifyResetComplete(0xf2e17040)
04-19 23:21:12.410 I/art     (  128): Explicit concurrent mark sweep GC freed 5(160B) AllocSpace objects, 0(0B) LOS objects, 90% free, 110KB/1134KB, paused 64us total 3.867ms
04-19 23:21:12.412 D/NuPlayerDriver(  123): reset(0xf2c0c040)
04-19 23:21:12.414 I/art     (  128): Explicit concurrent mark sweep GC freed 5(160B) AllocSpace objects, 0(0B) LOS objects, 90% free, 110KB/1134KB, paused 74us total 3.719ms
04-19 23:21:12.416 D/NuPlayerDriver(  123): notifyResetComplete(0xf2c0c040)
04-19 23:21:12.417 V/FFmpegExtractor(  123): SniffFFMPEG
04-19 23:21:12.417 I/FFmpegExtractor(  123): android-source:0xf144c040
04-19 23:21:12.418 D/FFMPEG  (  123): android source begin open
04-19 23:21:12.418 D/FFMPEG  (  123): android open, url: android-source:0xf144c040
04-19 23:21:12.418 D/FFMPEG  (  123): ffmpeg open android data source success, source ptr: 0xf144c040
04-19 23:21:12.418 D/FFMPEG  (  123): android source open success
04-19 23:21:12.421 I/FFMPEG  (  123): Input #0, ogg, from 'android-source:0xf144c040':
04-19 23:21:12.421 I/FFMPEG  (  123):   Duration: 00:00:00.11, start: 0.000000, bitrate: 431 kb/s
