04-19 23:21:16.682 I/ActivityManager(  546): Start proc tv.danmaku.bili for broadcast tv.danmaku.bili/cn.jpush.android.service.PushReceiver: pid=1205 uid=10059 gids={50059, 9997, 1028, 3003, 1015, 3002} abi=x86
04-19 23:21:16.815 D/AlarmManagerService(  546): Setting time of day to sec=1587309678
04-19 23:21:18.990 D/Tinker.TinkerLoader( 1205): tryLoad test test
04-19 23:21:18.993 W/Tinker.TinkerLoader( 1205): tryLoadPatchFiles:patch dir not exist:/data/data/tv.danmaku.bili/tinker
04-19 23:21:19.008 W/art     ( 1205): Suspending all threads took: 7.274ms
04-19 23:21:19.011 D/Tinker.DefaultAppLike( 1205): onBaseContextAttached:
04-19 23:21:19.011 E/performance( 1205): BaseBiliApplication attachBaseContext start
04-19 23:21:19.062 E/performance( 1205): BaseBiliApplication currentApp start
04-19 23:21:19.069 E/performance( 1205): BaseBiliApplication currentApp end
04-19 23:21:19.070 E/performance( 1205): process = tv.danmaku.bili
04-19 23:21:19.071 E/performance( 1205): MainBiliAppProc onApplicationAttach start
04-19 23:21:19.080 E/performance( 1205): BaseAppProc onApplicationAttach start
04-19 23:21:19.083 I/MultiDex( 1205): VM with version 2.1.0 has multidex support
04-19 23:21:19.084 I/MultiDex( 1205): Installing application
04-19 23:21:19.084 I/MultiDex( 1205): VM has multidex support, MultiDex support library is disabled.
04-19 23:21:19.171 E/TinkerLoaderLibraryHelper( 1205): failed to get current patch version.
04-19 23:21:19.171 I/HotfixManager( 1205): don not need to hook install native library
04-19 23:21:19.173 E/performance( 1205): BaseAppProc onApplicationAttach end
04-19 23:21:19.186 E/performance( 1205): MainBiliAppProc onApplicationAttach end
04-19 23:21:19.186 E/performance( 1205): BaseBiliApplication attachBaseContext end
04-19 23:21:19.328 D/SoLoader( 1205): init start
04-19 23:21:19.328 D/SoLoader( 1205): adding system library source: /vendor/lib
04-19 23:21:19.335 D/SoLoader( 1205): adding system library source: /system/lib
04-19 23:21:19.342 D/SoLoader( 1205): adding application source: com.facebook.soloader.c[root = /data/app/tv.danmaku.bili-1/lib/x86 flags = 0]
04-19 23:21:19.342 D/SoLoader( 1205): adding backup source from : com.facebook.soloader.a[root = /data/data/tv.danmaku.bili/lib-main flags = 1]
04-19 23:21:19.342 D/SoLoader( 1205): Preparing SO source: com.facebook.soloader.c[root = /system/lib flags = 2]
04-19 23:21:19.342 D/SoLoader( 1205): Preparing SO source: com.facebook.soloader.c[root = /system/vendor/lib flags = 2]
04-19 23:21:19.342 D/SoLoader( 1205): Preparing SO source: com.facebook.soloader.c[root = /data/app/tv.danmaku.bili-1/lib/x86 flags = 0]
04-19 23:21:19.342 D/SoLoader( 1205): Preparing SO source: com.facebook.soloader.a[root = /data/data/tv.danmaku.bili/lib-main flags = 1]
04-19 23:21:19.346 V/fb-UnpackingSoSource( 1205): locked dso store /data/data/tv.danmaku.bili/lib-main
04-19 23:21:19.351 I/fb-UnpackingSoSource( 1205): dso store is up-to-date: /data/data/tv.danmaku.bili/lib-main
04-19 23:21:19.351 V/fb-UnpackingSoSource( 1205): releasing dso store lock for /data/data/tv.danmaku.bili/lib-main
04-19 23:21:19.351 D/SoLoader( 1205): init finish: 4 SO sources prepared
04-19 23:21:19.351 D/SoLoader( 1205): init exiting
04-19 23:21:19.646 W/art     ( 1205): Suspending all threads took: 57.269ms
04-19 23:21:19.690 W/art     ( 1205): Suspending all threads took: 23.056ms
04-19 23:21:19.936 W/art     ( 1205): Suspending all threads took: 6.582ms
04-19 23:21:20.009 I/Tinker.ComponentHotplug( 1205): method install() is not invoked, ignore ensuring operations.
04-19 23:21:20.009 D/Tinker.DefaultAppLike( 1205): onCreate
04-19 23:21:20.009 E/performance( 1205): BaseBiliApplication onCreate start
04-19 23:21:20.010 E/performance( 1205): BaseAppProc onApplicationCreate start
04-19 23:21:20.202 E/performance( 1205): BaseAppProc onApplicationCreate end
04-19 23:21:20.202 E/performance( 1205): MainBiliAppProc onApplicationCreate start
04-19 23:21:20.212 I/moss.traceservice.app( 1205): Disable trace service for blog in tv.danmaku.bili.
04-19 23:21:20.217 D/BLOG-EVENT-Network( 1205): network changed: 3=>1
04-19 23:21:20.610 D/SplashHelper( 1205): Schedule a task to preload splash data async.
04-19 23:21:20.636 D/SplashHelper( 1205): Begin preload splash data async.
04-19 23:21:20.763 W/art     ( 1205): Suspending all threads took: 5.675ms
04-19 23:21:21.094 D/SoLoader( 1205): init exiting
04-19 23:21:21.176 E/libprocessgroup( 1251): failed to make and chown /acct/uid_10059: Read-only file system
04-19 23:21:21.176 W/Zygote  ( 1251): createProcessGroup failed, kernel missing CONFIG_CGROUP_CPUACCT?
04-19 23:21:21.178 I/ActivityManager(  546): Start proc tv.danmaku.bili:push for service tv.danmaku.bili/com.bilibili.comm.bbc.service.BbcClientManagerService: pid=1251 uid=10059 gids={50059, 9997, 1028, 3003, 1015, 3002} abi=x86
04-19 23:21:21.221 W/ModResourceProvider( 1205): query: mod manager params is null or not been init in attach process
04-19 23:21:21.295 D/Tinker.TinkerLoader( 1251): tryLoad test test
04-19 23:21:21.297 W/Tinker.TinkerLoader( 1251): tryLoadPatchFiles:patch dir not exist:/data/data/tv.danmaku.bili/tinker
04-19 23:21:21.303 D/Tinker.DefaultAppLike( 1251): onBaseContextAttached:
04-19 23:21:21.303 E/performance( 1251): BaseBiliApplication attachBaseContext start
04-19 23:21:21.320 E/performance( 1251): BaseBiliApplication currentApp start
04-19 23:21:21.321 E/performance( 1251): BaseBiliApplication currentApp end
04-19 23:21:21.322 E/performance( 1251): process = tv.danmaku.bili:push
04-19 23:21:21.324 E/performance( 1251): BaseAppProc onApplicationAttach start
04-19 23:21:21.325 I/MultiDex( 1251): VM with version 2.1.0 has multidex support
04-19 23:21:21.325 I/MultiDex( 1251): Installing application
04-19 23:21:21.325 I/MultiDex( 1251): VM has multidex support, MultiDex support library is disabled.
04-19 23:21:21.344 E/TinkerLoaderLibraryHelper( 1251): failed to get current patch version.
04-19 23:21:21.344 I/HotfixManager( 1251): don not need to hook install native library
04-19 23:21:21.344 E/performance( 1251): BaseAppProc onApplicationAttach end
04-19 23:21:21.344 E/performance( 1251): IMPushProc onApplicationAttach start
04-19 23:21:21.376 I/moss.traceservice.app( 1251): Disable trace service for blog in tv.danmaku.bili:push.
04-19 23:21:21.378 E/performance( 1251): IMPushProc onApplicationAttach start
04-19 23:21:21.378 E/performance( 1251): BaseBiliApplication attachBaseContext end
04-19 23:21:21.380 I/Tinker.ComponentHotplug( 1251): method install() is not invoked, ignore ensuring operations.
04-19 23:21:21.380 D/Tinker.DefaultAppLike( 1251): onCreate
04-19 23:21:21.381 E/performance( 1251): BaseBiliApplication onCreate start
04-19 23:21:21.381 E/performance( 1251): BaseAppProc onApplicationCreate start
04-19 23:21:21.423 E/performance( 1251): BaseAppProc onApplicationCreate end
04-19 23:21:21.423 E/performance( 1251): IMPushProc onApplicationCreate start
04-19 23:21:21.426 D/BLOG-EVENT-Network( 1251): network changed: 3=>1
04-19 23:21:22.094 W/art     ( 1205): Suspending all threads took: 138.780ms
04-19 23:21:22.119 W/art     ( 1205): No such thread id for suspend: 31
04-19 23:21:22.119 W/art     ( 1205): No such thread id for suspend: 31
04-19 23:21:22.120 W/art     ( 1205): No such thread id for suspend: 31
04-19 23:21:22.193 E/performance( 1251): IMPushProc onApplicationCreate end
04-19 23:21:22.194 E/performance( 1251): BaseBiliApplication onCreate end
04-19 23:21:22.271 D/WifiService(  546): New client listening to asynchronous messages
04-19 23:21:22.436 I/art     ( 1205): Rejecting re-init on previously-failed class java.lang.Class<com.tmall.wireless.tangram.dataparser.concrete.PojoDataParser$3>
04-19 23:21:22.436 I/art     ( 1205): Rejecting re-init on previously-failed class java.lang.Class<com.tmall.wireless.tangram.dataparser.concrete.PojoDataParser$3>
04-19 23:21:22.436 I/art     ( 1205): Rejecting re-init on previously-failed class java.lang.Class<com.tmall.wireless.tangram.dataparser.concrete.PojoDataParser$2>
04-19 23:21:22.436 I/art     ( 1205): Rejecting re-init on previously-failed class java.lang.Class<com.tmall.wireless.tangram.dataparser.concrete.PojoDataParser$2>
04-19 23:21:22.436 I/art     ( 1205): Rejecting re-init on previously-failed class java.lang.Class<com.tmall.wireless.tangram.dataparser.concrete.PojoDataParser$5>
04-19 23:21:22.436 I/art     ( 1205): Rejecting re-init on previously-failed class java.lang.Class<com.tmall.wireless.tangram.dataparser.concrete.PojoDataParser$5>
04-19 23:21:22.437 I/art     ( 1205): Rejecting re-init on previously-failed class java.lang.Class<com.tmall.wireless.tangram.dataparser.concrete.PojoDataParser$4>
04-19 23:21:22.437 I/art     ( 1205): Rejecting re-init on previously-failed class java.lang.Class<com.tmall.wireless.tangram.dataparser.concrete.PojoDataParser$4>
04-19 23:21:22.449 I/art     ( 1205): Rejecting re-init on previously-failed class java.lang.Class<com.tmall.wireless.tangram.BaseTangramEngine$3>
04-19 23:21:22.449 I/art     ( 1205): Rejecting re-init on previously-failed class java.lang.Class<com.tmall.wireless.tangram.BaseTangramEngine$3>
04-19 23:21:22.449 I/art     ( 1205): Rejecting re-init on previously-failed class java.lang.Class<com.tmall.wireless.tangram.BaseTangramEngine$4>
04-19 23:21:22.449 I/art     ( 1205): Rejecting re-init on previously-failed class java.lang.Class<com.tmall.wireless.tangram.BaseTangramEngine$4>
04-19 23:21:22.449 W/art     ( 1205): Before Android 4.1, method int com.alibaba.android.vlayout.extend.InnerRecycledViewPool.size() would have incorrectly overridden the package-private method in android.support.v7.widget.RecyclerView$n
04-19 23:21:22.450 I/art     ( 1205): Rejecting re-init on previously-failed class java.lang.Class<com.tmall.wireless.tangram.BaseTangramEngine$2>
04-19 23:21:22.450 I/art     ( 1205): Rejecting re-init on previously-failed class java.lang.Class<com.tmall.wireless.tangram.BaseTangramEngine$2>
04-19 23:21:22.461 I/art     ( 1205): Rejecting re-init on previously-failed class java.lang.Class<com.tmall.wireless.tangram.TangramEngine$8>
04-19 23:21:22.461 I/art     ( 1205): Rejecting re-init on previously-failed class java.lang.Class<com.tmall.wireless.tangram.TangramEngine$8>
04-19 23:21:22.461 I/art     ( 1205): Rejecting re-init on previously-failed class java.lang.Class<com.tmall.wireless.tangram.TangramEngine$9>
04-19 23:21:22.461 I/art     ( 1205): Rejecting re-init on previously-failed class java.lang.Class<com.tmall.wireless.tangram.TangramEngine$9>
04-19 23:21:22.461 I/art     ( 1205): Rejecting re-init on previously-failed class java.lang.Class<com.tmall.wireless.tangram.TangramEngine$4>
04-19 23:21:22.461 I/art     ( 1205): Rejecting re-init on previously-failed class java.lang.Class<com.tmall.wireless.tangram.TangramEngine$4>
04-19 23:21:22.461 I/art     ( 1205): Rejecting re-init on previously-failed class java.lang.Class<com.tmall.wireless.tangram.TangramEngine$5>
04-19 23:21:22.462 I/art     ( 1205): Rejecting re-init on previously-failed class java.lang.Class<com.tmall.wireless.tangram.TangramEngine$5>
04-19 23:21:22.462 I/art     ( 1205): Rejecting re-init on previously-failed class java.lang.Class<com.tmall.wireless.tangram.TangramEngine$6>
04-19 23:21:22.462 I/art     ( 1205): Rejecting re-init on previously-failed class java.lang.Class<com.tmall.wireless.tangram.TangramEngine$6>
04-19 23:21:22.462 I/art     ( 1205): Rejecting re-init on previously-failed class java.lang.Class<com.tmall.wireless.tangram.TangramEngine$7>
04-19 23:21:22.463 I/art     ( 1205): Rejecting re-init on previously-failed class java.lang.Class<com.tmall.wireless.tangram.TangramEngine$7>
04-19 23:21:22.469 I/art     ( 1205): Rejecting re-init on previously-failed class java.lang.Class<com.tmall.wireless.tangram.TangramEngine$11>
04-19 23:21:22.469 I/art     ( 1205): Rejecting re-init on previously-failed class java.lang.Class<com.tmall.wireless.tangram.TangramEngine$11>
04-19 23:21:22.469 I/art     ( 1205): Rejecting re-init on previously-failed class java.lang.Class<com.tmall.wireless.tangram.TangramEngine$10>
04-19 23:21:22.470 I/art     ( 1205): Rejecting re-init on previously-failed class java.lang.Class<com.tmall.wireless.tangram.TangramEngine$10>
04-19 23:21:22.470 I/art     ( 1205): Rejecting re-init on previously-failed class java.lang.Class<com.tmall.wireless.tangram.TangramEngine$13>
04-19 23:21:22.470 I/art     ( 1205): Rejecting re-init on previously-failed class java.lang.Class<com.tmall.wireless.tangram.TangramEngine$13>
04-19 23:21:22.487 I/art     ( 1205): Rejecting re-init on previously-failed class java.lang.Class<com.tmall.wireless.tangram.TangramEngine$12>
04-19 23:21:22.487 I/art     ( 1205): Rejecting re-init on previously-failed class java.lang.Class<com.tmall.wireless.tangram.TangramEngine$12>
04-19 23:21:22.488 I/art     ( 1205): Rejecting re-init on previously-failed class java.lang.Class<com.tmall.wireless.tangram.TangramEngine$14>
04-19 23:21:22.488 I/art     ( 1205): Rejecting re-init on previously-failed class java.lang.Class<com.tmall.wireless.tangram.TangramEngine$14>
04-19 23:21:22.488 I/art     ( 1205): Rejecting re-init on previously-failed class java.lang.Class<com.tmall.wireless.tangram.TangramEngine$16>
04-19 23:21:22.488 I/art     ( 1205): Rejecting re-init on previously-failed class java.lang.Class<com.tmall.wireless.tangram.TangramEngine$16>
04-19 23:21:22.488 I/art     ( 1205): Rejecting re-init on previously-failed class java.lang.Class<com.tmall.wireless.tangram.TangramEngine$15>
04-19 23:21:22.488 I/art     ( 1205): Rejecting re-init on previously-failed class java.lang.Class<com.tmall.wireless.tangram.TangramEngine$15>
04-19 23:21:22.488 I/art     ( 1205): Rejecting re-init on previously-failed class java.lang.Class<com.tmall.wireless.tangram.TangramEngine$17>
04-19 23:21:22.488 I/art     ( 1205): Rejecting re-init on previously-failed class java.lang.Class<com.tmall.wireless.tangram.TangramEngine$17>
04-19 23:21:22.510 E/performance( 1251): IMPushProc onApplicationCreated start
04-19 23:21:22.510 E/performance( 1251): IMPushProc onApplicationCreated start
04-19 23:21:22.703 E/ModResourceProvider( 1205): update: mod manager params is null or not been init in attach process
04-19 23:21:22.761 D/WifiService(  546): New client listening to asynchronous messages
04-19 23:21:22.802 I/WebViewFactory( 1205): Loading com.android.webview version 37 (392-x86) (code 100007)
04-19 23:21:22.844 I/LibraryLoader( 1205): Loading: webviewchromium
04-19 23:21:22.912 W/ModResourceProvider( 1205): query: mod manager params is null or not been init in attach process
04-19 23:21:22.922 W/ModResourceProvider( 1205): query: mod manager params is null or not been init in attach process
04-19 23:21:22.935 D/SoLoader( 1205): Prepending to SO sources: com.facebook.soloader.c[root = /data/data/tv.danmaku.bili/app_mod_resource/cache/pink/x86so/6-0/x86 flags = 2]
04-19 23:21:22.935 D/SoLoader( 1205): Prepended to SO sources: com.facebook.soloader.c[root = /data/data/tv.danmaku.bili/app_mod_resource/cache/pink/x86so/6-0/x86 flags = 2]
04-19 23:21:23.057 I/LibraryLoader( 1205): Time to load native libraries: 212 ms (timestamps 7799-8011)
04-19 23:21:23.057 I/LibraryLoader( 1205): Expected native library version number "",actual native library version number ""
04-19 23:21:23.086 E/performance( 1205): MainBiliAppProc onApplicationCreate end
04-19 23:21:23.086 E/performance( 1205): BaseBiliApplication onCreate end
04-19 23:21:23.102 V/WebViewChromiumFactoryProvider( 1205): Binding Chromium to main looper Looper (main, tid 1) {3ff7704d}
04-19 23:21:23.115 E/BluetoothAdapter( 1205): Bluetooth binder is null
04-19 23:21:23.118 E/biliid.bluetooth( 1205): [thread_background] adapter must not be null
04-19 23:21:23.711 E/libprocessgroup( 1326): failed to make and chown /acct/uid_10059: Read-only file system
04-19 23:21:23.711 W/Zygote  ( 1326): createProcessGroup failed, kernel missing CONFIG_CGROUP_CPUACCT?
04-19 23:21:23.715 I/ActivityManager(  546): Start proc tv.danmaku.bili:stats for service tv.danmaku.bili/com.bilibili.lib.infoeyes.InfoEyesRemoteService: pid=1326 uid=10059 gids={50059, 9997, 1028, 3003, 1015, 3002} abi=x86
04-19 23:21:23.812 D/Tinker.TinkerLoader( 1326): tryLoad test test
04-19 23:21:23.814 W/Tinker.TinkerLoader( 1326): tryLoadPatchFiles:patch dir not exist:/data/data/tv.danmaku.bili/tinker
04-19 23:21:23.821 D/Tinker.DefaultAppLike( 1326): onBaseContextAttached:
04-19 23:21:23.821 E/performance( 1326): BaseBiliApplication attachBaseContext start
04-19 23:21:23.834 E/performance( 1326): BaseBiliApplication currentApp start
04-19 23:21:23.835 E/performance( 1326): BaseBiliApplication currentApp end
04-19 23:21:23.836 E/performance( 1326): process = tv.danmaku.bili:stats
04-19 23:21:23.837 E/performance( 1326): BaseAppProc onApplicationAttach start
04-19 23:21:23.837 I/MultiDex( 1326): VM with version 2.1.0 has multidex support
04-19 23:21:23.837 I/MultiDex( 1326): Installing application
04-19 23:21:23.837 I/MultiDex( 1326): VM has multidex support, MultiDex support library is disabled.
04-19 23:21:23.858 E/TinkerLoaderLibraryHelper( 1326): failed to get current patch version.
04-19 23:21:23.858 I/HotfixManager( 1326): don not need to hook install native library
04-19 23:21:23.858 E/performance( 1326): BaseAppProc onApplicationAttach end
04-19 23:21:23.858 E/performance( 1326): StatsProc onApplicationAttach start
04-19 23:21:23.886 I/moss.traceservice.app( 1326): Disable trace service for blog in tv.danmaku.bili:stats.
04-19 23:21:23.892 E/performance( 1326): StatsProc onApplicationAttach start
04-19 23:21:23.892 E/performance( 1326): BaseBiliApplication attachBaseContext end
04-19 23:21:23.893 I/Tinker.ComponentHotplug( 1326): method install() is not invoked, ignore ensuring operations.
04-19 23:21:23.893 D/Tinker.DefaultAppLike( 1326): onCreate
04-19 23:21:23.893 E/performance( 1326): BaseBiliApplication onCreate start
04-19 23:21:23.894 E/performance( 1326): BaseAppProc onApplicationCreate start
04-19 23:21:23.925 E/performance( 1326): BaseAppProc onApplicationCreate end
04-19 23:21:23.925 E/performance( 1326): StatsProc onApplicationCreate start
04-19 23:21:23.928 D/BLOG-EVENT-Network( 1326): network changed: 3=>1
04-19 23:21:24.036 E/performance( 1326): StatsProc onApplicationCreate end
04-19 23:21:24.037 E/performance( 1326): BaseBiliApplication onCreate end
04-19 23:21:24.043 D/WifiService(  546): New client listening to asynchronous messages
04-19 23:21:24.089 E/performance( 1326): StatsProc onApplicationCreated start
04-19 23:21:24.089 E/performance( 1326): StatsProc onApplicationCreated start
04-19 23:21:24.538 V/KeyguardServiceDelegate(  546): *** Keyguard started
04-19 23:21:24.538 W/KeyguardServiceDelegate(  546): onScreenTurnedOn(): no keyguard service!
04-19 23:21:24.538 D/Sensors (  546): batch handle 1, but there is no batch sensor in genymotion
04-19 23:21:25.487 E/EmulatedCamera_GenyClient(  123): receiveMessage: Unable to obtain payload size: Try again
04-19 23:21:25.487 E/EmulatedCamera_GenyClient(  123): doQuery Response to query 'connect' has failed: Try again
04-19 23:21:25.487 E/EmulatedCamera_GenyClient(  123): queryConnect: Query failed: No error message
04-19 23:21:25.487 E/EmulatedCamera_GenyDevice(  123): connectDevice: Connection to device 'back' failed
04-19 23:21:25.487 E/CameraClient(  123): Could not open camera 0: -19
04-19 23:21:25.487 E/CameraClient(  123): initialize: Camera 0: unable to initialize device: No such device (-19)
04-19 23:21:25.487 I/CameraClient(  123): Destroying camera 0
04-19 23:21:25.487 D/NuPlayerDriver(  123): reset(0xf300c0a0)
04-19 23:21:25.487 D/NuPlayerDriver(  123): notifyResetComplete(0xf300c0a0)
04-19 23:21:25.488 D/NuPlayerDriver(  123): reset(0xf2e17160)
04-19 23:21:25.489 D/NuPlayerDriver(  123): notifyResetComplete(0xf2e17160)
04-19 23:21:25.490 W/CameraManager(  666): Error querying camera device 0 for listing.
04-19 23:21:25.490 V/EmulatedCamera_Camera(  123): getCameraInfo
04-19 23:21:25.490 V/EmulatedCamera_BaseCamera(  123): getCameraInfo
04-19 23:21:25.490 I/CameraService(  123): getCameraCharacteristics: Switching to HAL1 shim implementation...
04-19 23:21:25.490 V/EmulatedCamera_Camera(  123): getCameraInfo
04-19 23:21:25.490 V/EmulatedCamera_BaseCamera(  123): getCameraInfo
04-19 23:21:25.491 V/EmulatedCamera_Camera(  123): getCameraInfo
04-19 23:21:25.491 V/EmulatedCamera_BaseCamera(  123): getCameraInfo
04-19 23:21:25.492 V/FFmpegExtractor(  123): SniffFFMPEG
04-19 23:21:25.492 I/FFmpegExtractor(  123): android-source:0xf144c040
04-19 23:21:25.492 D/FFMPEG  (  123): android source begin open
04-19 23:21:25.492 D/FFMPEG  (  123): android open, url: android-source:0xf144c040
04-19 23:21:25.492 D/FFMPEG  (  123): ffmpeg open android data source success, source ptr: 0xf144c040
04-19 23:21:25.492 D/FFMPEG  (  123): android source open success
04-19 23:21:25.493 E/biliid.camera( 1205): [thread_background] java.lang.NullPointerException: Attempt to write to field 'android.hardware.ICameraService android.hardware.camera2.CameraManager.mCameraService' on a null object reference
04-19 23:21:25.493 W/art     ( 1205): Long monitor contention event with owner method=boolean android.os.BinderProxy.transactNative(int, android.os.Parcel, android.os.Parcel, int) from Binder.java:4294967294 waiters=0 for 2.368s
04-19 23:21:25.493 W/art     ( 1205): Long monitor contention event with owner method=boolean android.os.BinderProxy.transactNative(int, android.os.Parcel, android.os.Parcel, int) from Binder.java:4294967294 waiters=1 for 2.365s
04-19 23:21:25.493 W/art     ( 1205): Long monitor contention event with owner method=boolean android.os.BinderProxy.transactNative(int, android.os.Parcel, android.os.Parcel, int) from Binder.java:4294967294 waiters=2 for 2.341s
04-19 23:21:25.494 I/bilid.native( 1205): <Log.cpp:42::readFile> Read file: /proc/cpuinfo.
04-19 23:21:25.494 I/FFMPEG  (  123): Input #0, ogg, from 'android-source:0xf144c040':
04-19 23:21:25.494 I/FFMPEG  (  123):   Duration: 00:00:00.42, start: 0.000000, bitrate: 113 kb/s
04-19 23:21:25.494 I/FFMPEG  (  123):     Stream #0:0: Audio: vorbis, 48000 Hz, mono, fltp, 48 kb/s
04-19 23:21:25.494 I/FFMPEG  (  123):     Metadata:
04-19 23:21:25.494 I/FFMPEG  (  123):       TITLE           : Camera Shutter
04-19 23:21:25.494 I/FFMPEG  (  123):       ARTIST          : (c) 2012 Android Open Source Project
04-19 23:21:25.494 I/FFmpegExtractor(  123): FFmpegExtrator, url: android-source:0xf144c040, format_name: ogg, format_long_name: Ogg
04-19 23:21:25.494 I/FFmpegExtractor(  123): list the formats suppoted by ffmpeg: 
04-19 23:21:25.494 I/FFmpegExtractor(  123): ========================================
04-19 23:21:25.494 V/FFmpegExtractor(  123): format_names[00]: mpeg
04-19 23:21:25.494 V/FFmpegExtractor(  123): format_names[01]: mpegts
04-19 23:21:25.494 V/FFmpegExtractor(  123): format_names[02]: mov,mp4,m4a,3gp,3g2,mj2
04-19 23:21:25.494 V/FFmpegExtractor(  123): format_names[03]: matroska,webm
04-19 23:21:25.494 V/FFmpegExtractor(  123): format_names[04]: asf
04-19 23:21:25.494 V/FFmpegExtractor(  123): format_names[05]: rm
04-19 23:21:25.494 V/FFmpegExtractor(  123): format_names[06]: flv
04-19 23:21:25.494 V/FFmpegExtractor(  123): format_names[07]: swf
04-19 23:21:25.494 V/FFmpegExtractor(  123): format_names[08]: avi
04-19 23:21:25.494 V/FFmpegExtractor(  123): format_names[09]: ape
04-19 23:21:25.494 V/FFmpegExtractor(  123): format_names[10]: dts
04-19 23:21:25.494 V/FFmpegExtractor(  123): format_names[11]: flac
04-19 23:21:25.494 V/FFmpegExtractor(  123): format_names[12]: ac3
04-19 23:21:25.494 V/FFmpegExtractor(  123): format_names[13]: wav
04-19 23:21:25.494 V/FFmpegExtractor(  123): format_names[14]: ogg
04-19 23:21:25.494 V/FFmpegExtractor(  123): format_names[15]: vc1
04-19 23:21:25.494 V/FFmpegExtractor(  123): format_names[16]: hevc
04-19 23:21:25.494 I/FFmpegExtractor(  123): ========================================
04-19 23:21:25.494 I/FFmpegExtractor(  123): adjust mime(application/ogg -> audio/vorbis)
04-19 23:21:25.494 D/FFmpegExtractor(  123): suppoted codec(vorbis) by official Stagefright
04-19 23:21:25.494 D/FFMPEG  (  123): android source close
04-19 23:21:25.494 I/FFmpegExtractor(  123): sniff through BetterSniffFFMPEG success
04-19 23:21:25.494 D/FFmpegExtractor(  123): ffmpeg detected media content as 'audio/vorbis' with confidence 0.08
04-19 23:21:25.500 V/FFmpegExtractor(  123): SniffFFMPEG
04-19 23:21:25.500 I/FFmpegExtractor(  123): android-source:0xf1032040
04-19 23:21:25.500 D/FFMPEG  (  123): android source begin open
04-19 23:21:25.500 D/FFMPEG  (  123): android open, url: android-source:0xf1032040
04-19 23:21:25.500 D/FFMPEG  (  123): ffmpeg open android data source success, source ptr: 0xf1032040
04-19 23:21:25.500 D/FFMPEG  (  123): android source open success
04-19 23:21:25.502 I/FFMPEG  (  123): Input #0, ogg, from 'android-source:0xf1032040':
04-19 23:21:25.502 I/FFMPEG  (  123):   Duration: 00:00:00.54, start: 0.000000, bitrate: 95 kb/s
04-19 23:21:25.502 I/FFMPEG  (  123):     Stream #0:0: Audio: vorbis, 48000 Hz, mono, fltp, 48 kb/s
04-19 23:21:25.502 I/FFMPEG  (  123):     Metadata:
04-19 23:21:25.502 I/FFMPEG  (  123):       TITLE           : Video Record
04-19 23:21:25.502 I/FFMPEG  (  123):       ARTIST          : (c) 2012 Android Open Source Project
04-19 23:21:25.502 I/FFmpegExtractor(  123): FFmpegExtrator, url: android-source:0xf1032040, format_name: ogg, format_long_name: Ogg
04-19 23:21:25.502 I/FFmpegExtractor(  123): list the formats suppoted by ffmpeg: 
04-19 23:21:25.502 I/FFmpegExtractor(  123): ========================================
04-19 23:21:25.502 V/FFmpegExtractor(  123): format_names[00]: mpeg
04-19 23:21:25.502 V/FFmpegExtractor(  123): format_names[01]: mpegts
04-19 23:21:25.502 V/FFmpegExtractor(  123): format_names[02]: mov,mp4,m4a,3gp,3g2,mj2
04-19 23:21:25.502 V/FFmpegExtractor(  123): format_names[03]: matroska,webm
04-19 23:21:25.502 V/FFmpegExtractor(  123): format_names[04]: asf
04-19 23:21:25.502 V/FFmpegExtractor(  123): format_names[05]: rm
04-19 23:21:25.502 V/FFmpegExtractor(  123): format_names[06]: flv
04-19 23:21:25.502 V/FFmpegExtractor(  123): format_names[07]: swf
04-19 23:21:25.502 V/FFmpegExtractor(  123): format_names[08]: avi
04-19 23:21:25.502 V/FFmpegExtractor(  123): format_names[09]: ape
04-19 23:21:25.502 V/FFmpegExtractor(  123): format_names[10]: dts
04-19 23:21:25.502 V/FFmpegExtractor(  123): format_names[11]: flac
04-19 23:21:25.502 V/FFmpegExtractor(  123): format_names[12]: ac3
04-19 23:21:25.502 V/FFmpegExtractor(  123): format_names[13]: wav
04-19 23:21:25.502 V/FFmpegExtractor(  123): format_names[14]: ogg
04-19 23:21:25.502 V/FFmpegExtractor(  123): format_names[15]: vc1
04-19 23:21:25.502 V/FFmpegExtractor(  123): format_names[16]: hevc
04-19 23:21:25.502 I/FFmpegExtractor(  123): ========================================
04-19 23:21:25.502 I/FFmpegExtractor(  123): adjust mime(application/ogg -> audio/vorbis)
04-19 23:21:25.502 D/FFmpegExtractor(  123): suppoted codec(vorbis) by official Stagefright
04-19 23:21:25.502 D/FFMPEG  (  123): android source close
04-19 23:21:25.502 I/FFmpegExtractor(  123): sniff through BetterSniffFFMPEG success
04-19 23:21:25.502 D/FFmpegExtractor(  123): ffmpeg detected media content as 'audio/vorbis' with confidence 0.08
04-19 23:21:25.507 I/CameraClient(  123): Opening camera 1
04-19 23:21:25.507 V/EmulatedCamera_Camera(  123): getCameraInfo
04-19 23:21:25.507 V/EmulatedCamera_BaseCamera(  123): getCameraInfo
04-19 23:21:25.507 V/EmulatedCamera_Camera(  123): connectCamera
04-19 23:21:25.507 V/EmulatedCamera_GenyDevice(  123): connectDevice
04-19 23:21:25.520 I/bilid.native( 1205): <Log.cpp:42::readFile> Read file: /sys/devices/system/cpu/cpu0/cpufreq/cpuinfo_max_freq.
04-19 23:21:25.520 I/bilid.native( 1205): <Log.cpp:42::readFile> Read file: /sys/devices/system/cpu/cpu0/cpufreq/cpuinfo_min_freq.
04-19 23:21:25.540 W/WindowManager(  546): Timeout waiting for drawn: undrawn=[Window{163e98b0 u0 com.android.launcher3/com.android.launcher3.Launcher}]
04-19 23:21:25.586 D/NetworkMonitorNetworkAgentInfo [WIFI () - null](  546): Probably not a portal: exception java.net.ConnectException: failed to connect to clients3.google.com/2404:6800:4012:1::200e (port 80) after 10000ms: connect failed: ENETUNREACH (Network is unreachable)
04-19 23:21:25.645 D/ActionManager( 1205): addAction type:JPUSH,action:cn.jpush.android.helper.f
04-19 23:21:25.671 V/Mms     ( 1173): onStart: #1 mResultCode: -1 = Activity.RESULT_OK
04-19 23:21:25.688 D/EventBus( 1205): No subscribers registered for event class b.bjk
04-19 23:21:25.688 D/EventBus( 1205): No subscribers registered for event class org.greenrobot.eventbus.NoSubscriberEvent
04-19 23:21:25.688 D/EventBus( 1205): No subscribers registered for event class b.bjl
04-19 23:21:25.688 D/EventBus( 1205): No subscribers registered for event class org.greenrobot.eventbus.NoSubscriberEvent
04-19 23:21:25.692 E/libprocessgroup( 1391): failed to make and chown /acct/uid_10021: Read-only file system
04-19 23:21:25.692 W/Zygote  ( 1391): createProcessGroup failed, kernel missing CONFIG_CGROUP_CPUACCT?
04-19 23:21:25.694 I/ActivityManager(  546): Start proc com.android.calendar for broadcast com.android.calendar/.widget.CalendarAppWidgetService$CalendarFactory: pid=1391 uid=10021 gids={50021, 9997, 3003} abi=x86
04-19 23:21:25.740 D/MmsSmsDatabaseHelper(  896): [MmsSmsDb] tableName: threads hasAutoIncrement: CREATE TABLE threads (_id INTEGER PRIMARY KEY AUTOINCREMENT,date INTEGER DEFAULT 0,message_count INTEGER DEFAULT 0,recipient_ids TEXT,snippet TEXT,snippet_cs INTEGER DEFAULT 0,read INTEGER DEFAULT 1,archived INTEGER DEFAULT 0,type INTEGER DEFAULT 0,error INTEGER DEFAULT 0,has_attachment INTEGER DEFAULT 0) result: true
04-19 23:21:25.740 D/MmsSmsDatabaseHelper(  896): [MmsSmsDb] tableName: canonical_addresses hasAutoIncrement: CREATE TABLE canonical_addresses (_id INTEGER PRIMARY KEY AUTOINCREMENT,address TEXT) result: true
04-19 23:21:25.740 D/MmsSmsDatabaseHelper(  896): [MmsSmsDb] tableName: part hasAutoIncrement: CREATE TABLE part (_id INTEGER PRIMARY KEY AUTOINCREMENT,mid INTEGER,seq INTEGER DEFAULT 0,ct TEXT,name TEXT,chset INTEGER,cd TEXT,fn TEXT,cid TEXT,cl TEXT,ctt_s INTEGER,ctt_t TEXT,_data TEXT,text TEXT) result: true
04-19 23:21:25.741 D/MmsSmsDatabaseHelper(  896): [MmsSmsDb] tableName: pdu hasAutoIncrement: CREATE TABLE pdu (_id INTEGER PRIMARY KEY AUTOINCREMENT,thread_id INTEGER,date INTEGER,date_sent INTEGER DEFAULT 0,msg_box INTEGER,read INTEGER DEFAULT 0,m_id TEXT,sub TEXT,sub_cs INTEGER,ct_t TEXT,ct_l TEXT,exp INTEGER,m_cls TEXT,m_type INTEGER,v INTEGER,m_size INTEGER,pri INTEGER,rr INTEGER,rpt_a INTEGER,resp_st INTEGER,st INTEGER,tr_id TEXT,retr_st INTEGER,retr_txt TEXT,retr_txt_cs INTEGER,read_status INTEGER,ct_cls INTEGER,resp_txt TEXT,d_tm INTEGER,d_rpt INTEGER,locked INTEGER DEFAULT 0,sub_id INTEGER DEFAULT -1, seen INTEGER DEFAULT 0,creator TEXT,text_only INTEGER DEFAULT 0) result: true
04-19 23:21:25.741 D/MmsSmsDatabaseHelper(  896): [getWritableDatabase] hasAutoIncrementThreads: true hasAutoIncrementAddresses: true hasAutoIncrementPart: true hasAutoIncrementPdu: true
04-19 23:21:25.774 E/libprocessgroup( 1410): failed to make and chown /acct/uid_10059: Read-only file system
04-19 23:21:25.774 W/Zygote  ( 1410): createProcessGroup failed, kernel missing CONFIG_CGROUP_CPUACCT?
04-19 23:21:25.787 I/ActivityManager(  546): Start proc tv.danmaku.bili:pushservice for service tv.danmaku.bili/cn.jpush.client.JPushService: pid=1410 uid=10059 gids={50059, 9997, 1028, 3003, 1015, 3002} abi=x86
04-19 23:21:25.796 I/art     (  128): Explicit concurrent mark sweep GC freed 709(30KB) AllocSpace objects, 0(0B) LOS objects, 90% free, 110KB/1134KB, paused 63us total 9.259ms
04-19 23:21:25.802 I/LibraryLoader( 1205): Expected native library version number "",actual native library version number ""
04-19 23:21:25.804 I/art     (  128): Explicit concurrent mark sweep GC freed 5(160B) AllocSpace objects, 0(0B) LOS objects, 90% free, 110KB/1134KB, paused 202us total 6.473ms
04-19 23:21:25.810 I/chromium( 1205): [INFO:library_loader_hooks.cc(106)] Chromium logging enabled: level = 0, default verbosity = 0
04-19 23:21:25.811 I/art     (  128): Explicit concurrent mark sweep GC freed 5(160B) AllocSpace objects, 0(0B) LOS objects, 90% free, 110KB/1134KB, paused 60us total 5.802ms
04-19 23:21:25.819 I/BrowserStartupController( 1205): Initializing chromium process, renderers=0
04-19 23:21:25.828 W/art     ( 1205): Attempt to remove local handle scope entry from IRT, ignoring
04-19 23:21:25.848 D/ExtensionsFactory( 1391): No custom extensions.
04-19 23:21:25.875 E/biliid.httpposter( 1205): [thread_background] Sync buvidServer exception, message=.
04-19 23:21:25.904 E/libprocessgroup( 1440): failed to make and chown /acct/uid_10027: Read-only file system
04-19 23:21:25.904 W/Zygote  ( 1440): createProcessGroup failed, kernel missing CONFIG_CGROUP_CPUACCT?
04-19 23:21:25.907 I/ActivityManager(  546): Start proc com.android.deskclock for broadcast com.android.deskclock/.AlarmInitReceiver: pid=1440 uid=10027 gids={50027, 9997, 1028} abi=x86
04-19 23:21:25.910 D/Tinker.TinkerLoader( 1410): tryLoad test test
04-19 23:21:25.911 W/chromium( 1205): [WARNING:resource_bundle.cc(315)] locale_file_path.empty()
04-19 23:21:25.911 I/chromium( 1205): [INFO:aw_browser_main_parts.cc(63)] Load from apk succesful, fd=83 off=46092 len=2953
04-19 23:21:25.913 I/chromium( 1205): [INFO:aw_browser_main_parts.cc(78)] Loading webviewchromium.pak from, fd:84 off:228796 len:643667
04-19 23:21:25.926 E/libprocessgroup( 1456): failed to make and chown /acct/uid_10001: Read-only file system
04-19 23:21:25.926 W/Zygote  ( 1456): createProcessGroup failed, kernel missing CONFIG_CGROUP_CPUACCT?
04-19 23:21:25.927 E/BluetoothAdapter( 1205): Bluetooth binder is null
04-19 23:21:25.928 I/ActivityManager(  546): Start proc com.android.providers.calendar for content provider com.android.providers.calendar/.CalendarProvider2: pid=1456 uid=10001 gids={50001, 9997, 3003, 1028, 1015} abi=x86
04-19 23:21:25.929 W/Tinker.TinkerLoader( 1410): tryLoadPatchFiles:patch dir not exist:/data/data/tv.danmaku.bili/tinker
04-19 23:21:25.941 D/Tinker.DefaultAppLike( 1410): onBaseContextAttached:
04-19 23:21:25.941 E/performance( 1410): BaseBiliApplication attachBaseContext start
04-19 23:21:25.957 D/libEGL  ( 1205): loaded /system/lib/egl/libEGL_emulation.so
04-19 23:21:25.957 D/libEGL  ( 1205): loaded /system/lib/egl/libGLESv1_CM_emulation.so
04-19 23:21:25.962 E/performance( 1410): BaseBiliApplication currentApp start
04-19 23:21:25.962 D/libEGL  ( 1205): loaded /system/lib/egl/libGLESv2_emulation.so
04-19 23:21:25.963 E/performance( 1410): BaseBiliApplication currentApp end
04-19 23:21:25.963 E/performance( 1410): process = tv.danmaku.bili:pushservice
04-19 23:21:25.965 E/performance( 1410): BaseAppProc onApplicationAttach start
04-19 23:21:25.967 I/MultiDex( 1410): VM with version 2.1.0 has multidex support
04-19 23:21:25.967 I/MultiDex( 1410): Installing application
04-19 23:21:25.967 I/MultiDex( 1410): VM has multidex support, MultiDex support library is disabled.
04-19 23:21:25.971 V/AlarmClock( 1440): AlarmInitReceiver android.intent.action.TIME_SET
04-19 23:21:25.979 D/        ( 1205): HostConnection::get() New Host Connection established 0xd2d65ba0, tid 1205
04-19 23:21:25.984 W/ResourcesManager( 1456): Asset path '/system/framework/android.test.runner.jar' does not exist or contains no resources.
04-19 23:21:25.993 E/TinkerLoaderLibraryHelper( 1410): failed to get current patch version.
04-19 23:21:25.993 I/HotfixManager( 1410): don not need to hook install native library
04-19 23:21:25.993 E/performance( 1410): BaseAppProc onApplicationAttach end
04-19 23:21:25.993 E/performance( 1410): BaseBiliApplication attachBaseContext end
04-19 23:21:26.002 I/Tinker.ComponentHotplug( 1410): method install() is not invoked, ignore ensuring operations.
04-19 23:21:26.002 D/Tinker.DefaultAppLike( 1410): onCreate
04-19 23:21:26.002 E/performance( 1410): BaseBiliApplication onCreate start
04-19 23:21:26.002 E/performance( 1410): BaseAppProc onApplicationCreate start
04-19 23:21:26.026 V/AlarmClock( 1440): AlarmInitReceiver finished
04-19 23:21:26.034 E/performance( 1410): BaseAppProc onApplicationCreate end
04-19 23:21:26.034 E/performance( 1410): BaseBiliApplication onCreate end
04-19 23:21:26.037 D/WifiService(  546): New client listening to asynchronous messages
04-19 23:21:26.061 I/CalendarProvider2( 1456): Created com.android.providers.calendar.CalendarAlarmManager@16658480(com.android.providers.calendar.CalendarProvider2@32989ab9)
04-19 23:21:26.109 D/ActionManager( 1410): addAction type:JPUSH,action:cn.jpush.android.helper.f
04-19 23:21:26.493 D/gps_vbox86(  546): gps_set_position_mode not implemented
04-19 23:21:26.493 D/gps_vbox86(  546): Gps navigation has started
04-19 23:21:26.500 D/gps_vbox86(  546): Gps navigation has stopped
04-19 23:21:26.540 W/WindowManager(  546): Window freeze timeout expired.
04-19 23:21:26.540 W/WindowManager(  546): Force clearing orientation change: Window{163e98b0 u0 com.android.launcher3/com.android.launcher3.Launcher}
04-19 23:21:27.069 I/CalendarProvider2( 1456): Sending notification intent: Intent { act=android.intent.action.PROVIDER_CHANGED dat=content://com.android.calendar }
04-19 23:21:27.069 W/ContentResolver( 1456): Failed to get type for: content://com.android.calendar (Unknown URL content://com.android.calendar)
04-19 23:21:30.215 I/ActivityManager(  546): Waited long enough for: ServiceRecord{2861a37c u0 com.android.music/.MediaPlaybackService}
04-19 23:21:30.251 W/ModResourceProvider( 1205): query: mod manager params is null or not been init in attach process
04-19 23:21:30.266 W/ModResourceProvider( 1205): query: mod manager params is null or not been init in attach process
04-19 23:21:30.268 E/ModResourceProvider( 1205): update: mod manager params is null or not been init in attach process
04-19 23:21:30.269 W/ModResourceProvider( 1205): query: mod manager params is null or not been init in attach process
04-19 23:21:30.271 W/ModResourceProvider( 1205): query: mod manager params is null or not been init in attach process
04-19 23:21:30.272 E/ModResourceProvider( 1205): update: mod manager params is null or not been init in attach process
04-19 23:21:30.591 D/NetworkMonitorNetworkAgentInfo [WIFI () - null](  546): EvaluatingState{ when=-4ms what=532486 arg1=2 target=com.android.internal.util.StateMachine$SmHandler }
04-19 23:21:30.591 D/NetworkMonitorNetworkAgentInfo [WIFI () - null](  546): Checking http://clients3.google.com/generate_204 on "WiredSSID"
04-19 23:21:30.620 E/biliid.httpposter( 1205): [thread_background] Sync buvidServer exception, message=.
04-19 23:21:35.061 E/cutils-trace(  541): Error opening trace file: Permission denied (13)
04-19 23:21:35.064 D/        (  528): HostConnection::get() New Host Connection established 0xf540e0d0, tid 642
04-19 23:21:35.065 I/OpenGLRenderer(  934): Initialized EGL, version 1.4
04-19 23:21:35.069 W/OpenGLRenderer(  934): Failed to choose config with EGL_SWAP_BEHAVIOR_PRESERVED, retrying without...
04-19 23:21:35.105 E/EventHub(  546): could not get driver version for /dev/input/mouse0, Not a typewriter
04-19 23:21:35.128 D/        (  546): HostConnection::get() New Host Connection established 0xe2116d80, tid 635
04-19 23:21:35.205 V/EmulatedCamera_GenyDevice(  123): connectDevice: Connected to device 'front'
04-19 23:21:35.205 V/EmulatedCamera_CallbackNotifier(  123): setCallbacks: 0xf6ae3c00, 0xf6ae3fb0, 0xf6ae40c0, 0xf6ae45b0 (0xf2c0c280)
04-19 23:21:35.205 V/EmulatedCamera_CallbackNotifier(  123): enableMessage: msg_type = 0xc0d
04-19 23:21:35.205 V/EmulatedCamera_CallbackNotifier(  123):     CAMERA_MSG_ERROR
04-19 23:21:35.205 V/EmulatedCamera_CallbackNotifier(  123):     CAMERA_MSG_FOCUS
04-19 23:21:35.205 V/EmulatedCamera_CallbackNotifier(  123):     CAMERA_MSG_ZOOM
04-19 23:21:35.205 V/EmulatedCamera_CallbackNotifier(  123):     CAMERA_MSG_PREVIEW_METADATA
04-19 23:21:35.205 V/EmulatedCamera_CallbackNotifier(  123): **** Currently enabled messages:
04-19 23:21:35.205 V/EmulatedCamera_CallbackNotifier(  123):     CAMERA_MSG_ERROR
04-19 23:21:35.205 V/EmulatedCamera_CallbackNotifier(  123):     CAMERA_MSG_FOCUS
04-19 23:21:35.205 V/EmulatedCamera_CallbackNotifier(  123):     CAMERA_MSG_ZOOM
04-19 23:21:35.205 V/EmulatedCamera_CallbackNotifier(  123):     CAMERA_MSG_PREVIEW_METADATA
04-19 23:21:35.205 I/network_profile(  480): Redis PUB: network_profile state wifi up_rate:disabled:-1 down_rate:disabled:-1 up_delay:disabled:0 down_delay:disabled:0 up_pkt_loss:disabled:0.00 down_pkt_loss:disabled:0.00 dns_delay:disabled:0
04-19 23:21:35.205 E/network_profile_handler(  480): Error. network interface data NULL
04-19 23:21:35.205 V/EmulatedCamera_CallbackNotifier(  123): disableMessage: msg_type = 0xffff
04-19 23:21:35.205 V/EmulatedCamera_CallbackNotifier(  123):     CAMERA_MSG_ERROR
04-19 23:21:35.205 V/EmulatedCamera_CallbackNotifier(  123):     CAMERA_MSG_SHUTTER
04-19 23:21:35.205 V/EmulatedCamera_CallbackNotifier(  123):     CAMERA_MSG_FOCUS
04-19 23:21:35.205 V/EmulatedCamera_CallbackNotifier(  123):     CAMERA_MSG_ZOOM
04-19 23:21:35.205 V/EmulatedCamera_CallbackNotifier(  123):     CAMERA_MSG_PREVIEW_FRAME
04-19 23:21:35.205 V/EmulatedCamera_CallbackNotifier(  123):     CAMERA_MSG_VIDEO_FRAME
04-19 23:21:35.205 V/EmulatedCamera_CallbackNotifier(  123):     CAMERA_MSG_POSTVIEW_FRAME
04-19 23:21:35.205 V/EmulatedCamera_CallbackNotifier(  123):     CAMERA_MSG_RAW_IMAGE
04-19 23:21:35.205 V/EmulatedCamera_CallbackNotifier(  123):     CAMERA_MSG_COMPRESSED_IMAGE
04-19 23:21:35.205 V/EmulatedCamera_CallbackNotifier(  123):     CAMERA_MSG_RAW_IMAGE_NOTIFY
04-19 23:21:35.205 V/EmulatedCamera_CallbackNotifier(  123):     CAMERA_MSG_PREVIEW_METADATA
04-19 23:21:35.205 V/EmulatedCamera_CallbackNotifier(  123): **** Currently enabled messages:
04-19 23:21:35.205 V/EmulatedCamera_Camera(  123): doStopPreview
04-19 23:21:35.205 V/EmulatedCamera_Camera(  123): cancelPicture
04-19 23:21:35.205 V/EmulatedCamera_Camera(  123): releaseCamera
04-19 23:21:35.205 V/EmulatedCamera_Camera(  123): doStopPreview
04-19 23:21:35.205 V/EmulatedCamera_GenyDevice(  123): disconnectDevice
04-19 23:21:35.239 V/EmulatedCamera_GenyDevice(  123): disconnectDevice: Disonnected from device 'front'
04-19 23:21:35.239 I/CameraClient(  123): Destroying camera 1
04-19 23:21:35.239 V/EmulatedCamera_Camera(  123): closeCamera
04-19 23:21:35.239 V/EmulatedCamera_Camera(  123): doStopPreview
04-19 23:21:35.239 D/NuPlayerDriver(  123): reset(0xf2c0c040)
04-19 23:21:35.240 D/NuPlayerDriver(  123): notifyResetComplete(0xf2c0c040)
04-19 23:21:35.240 D/NuPlayerDriver(  123): reset(0xf2c0c1c0)
04-19 23:21:35.240 D/NuPlayerDriver(  123): notifyResetComplete(0xf2c0c1c0)
04-19 23:21:35.242 W/art     (  666): Long monitor contention event with owner method=boolean android.os.BinderProxy.transactNative(int, android.os.Parcel, android.os.Parcel, int) from Binder.java:4294967294 waiters=0 for 19.754s
04-19 23:21:35.242 V/EmulatedCamera_Camera(  123): getCameraInfo
04-19 23:21:35.242 V/EmulatedCamera_BaseCamera(  123): getCameraInfo
04-19 23:21:35.242 V/EmulatedCamera_Camera(  123): getCameraInfo
04-19 23:21:35.243 V/EmulatedCamera_BaseCamera(  123): getCameraInfo
04-19 23:21:35.259 W/EventHub(  546): Unable to disable kernel key repeat for /dev/input/event4: Function not implemented
04-19 23:21:35.259 I/EventHub(  546): Virtual keyboard mode is |0] [0]
04-19 23:21:35.259 I/EventHub(  546): Virtual keyboard is set to "Hardware keyboard"
04-19 23:21:35.259 I/EventHub(  546): New device: id=4, fd=177, path='/dev/input/event4', name='Genymotion Virtual Input', classes=0x17, configuration='/system/usr/idc/Genymotion_Virtual_Input.idc', keyLayout='/system/usr/keylayout/Genymotion_Virtual_Input.kl', keyCharacterMap='/system/usr/keychars/Genymotion_Virtual_Input.kcm', builtinKeyboard=false, wakeMechanism=EPOLLWAKEUP, usingClockIoctl=true
04-19 23:21:35.259 I/InputReader(  546): Device reconfigured: id=4, name='Genymotion Virtual Input', size 1440x2560, orientation 0, mode 1, display id 0
04-19 23:21:35.259 I/InputReader(  546): Device added: id=4, name='Genymotion Virtual Input', sources=0x00001103
04-19 23:21:35.260 I/ActivityManager(  546): Config changes=8 {1.0 ?mcc?mnc en_US ldltr sw360dp w360dp h615dp 640dpi nrml long port finger qwerty/v/v -nav/h s.6}
04-19 23:21:35.260 I/UsageStatsService(  546): User[0] Flushing usage stats to disk
04-19 23:21:35.262 D/Tinker.DefaultAppLike( 1251): onConfigurationChanged:{1.0 ?mcc?mnc en_US ldltr sw360dp w360dp h615dp 640dpi nrml long port finger qwerty/v/v -nav/h s.6}
04-19 23:21:35.262 D/Tinker.DefaultAppLike( 1326): onConfigurationChanged:{1.0 ?mcc?mnc en_US ldltr sw360dp w360dp h615dp 640dpi nrml long port finger qwerty/v/v -nav/h s.6}
04-19 23:21:35.265 D/Tinker.DefaultAppLike( 1410): onConfigurationChanged:{1.0 ?mcc?mnc en_US ldltr sw360dp w360dp h615dp 640dpi nrml long port finger qwerty/v/v -nav/h s.6}
04-19 23:21:35.287 I/UsageStatsDatabase(  546): Moving file /data/system/usagestats/0/daily/1586908805359 to /data/system/usagestats/0/daily/1586908807405
04-19 23:21:35.288 I/UsageStatsDatabase(  546): Moving file /data/system/usagestats/0/daily/1586995203178 to /data/system/usagestats/0/daily/1586995205224
04-19 23:21:35.288 I/UsageStatsDatabase(  546): Moving file /data/system/usagestats/0/daily/1587254400000 to /data/system/usagestats/0/daily/1587254402046
04-19 23:21:35.288 I/UsageStatsDatabase(  546): Moving file /data/system/usagestats/0/weekly/1586390405359 to /data/system/usagestats/0/weekly/1586390407405
04-19 23:21:35.288 I/UsageStatsDatabase(  546): Moving file /data/system/usagestats/0/weekly/1586995203178 to /data/system/usagestats/0/weekly/1586995205224
04-19 23:21:35.288 I/UsageStatsDatabase(  546): Moving file /data/system/usagestats/0/monthly/1586304005359 to /data/system/usagestats/0/monthly/1586304007405
04-19 23:21:35.288 I/UsageStatsDatabase(  546): Moving file /data/system/usagestats/0/yearly/1576800005359 to /data/system/usagestats/0/yearly/1576800007405
04-19 23:21:35.288 D/PermissionCache(  528): checking android.permission.READ_FRAME_BUFFER for uid=1000 => granted (48 us)
04-19 23:21:35.291 I/UsageStatsService(  546): User[0] Rollover scheduled @ 2020-04-20 08:00:00(1587340800000)
04-19 23:21:35.352 D/libEGL  (  546): loaded /system/lib/egl/libEGL_emulation.so
04-19 23:21:35.352 D/libEGL  (  546): loaded /system/lib/egl/libGLESv1_CM_emulation.so
04-19 23:21:35.362 D/libEGL  (  546): loaded /system/lib/egl/libGLESv2_emulation.so
04-19 23:21:35.528 D/OpenGLRenderer(  934): Enabling debug mode 0
04-19 23:21:35.528 D/        (  528): HostConnection::get() New Host Connection established 0xf6a13130, tid 531
04-19 23:21:35.694 E/EGL_emulation(  528): tid 528: eglCreateSyncKHR(1215): error 0x3004 (EGL_BAD_ATTRIBUTE)
04-19 23:21:35.765 W/art     (  546): Long monitor contention event with owner method=void com.android.server.am.ActivityManagerService.updateConfiguration(android.content.res.Configuration) from ActivityManagerService.java:16217 waiters=0 for 506ms
04-19 23:21:35.768 W/art     (  546): Long monitor contention event with owner method=void com.android.server.am.ActivityManagerService.updateConfiguration(android.content.res.Configuration) from ActivityManagerService.java:16217 waiters=1 for 508ms
04-19 23:21:35.775 W/art     (  546): Long monitor contention event with owner method=void com.android.server.am.ActivityManagerService.updateConfiguration(android.content.res.Configuration) from ActivityManagerService.java:16217 waiters=2 for 510ms
04-19 23:21:35.787 I/ValidateNoPeople(  546): skipping global notification
04-19 23:21:35.955 I/art     (  666): Background sticky concurrent mark sweep GC freed 12415(650KB) AllocSpace objects, 0(0B) LOS objects, 12% free, 5MB/6MB, paused 18.398ms total 114.711ms
04-19 23:21:36.020 I/Choreographer(  934): Skipped 1235 frames!  The application may be doing too much work on its main thread.
04-19 23:21:36.060 D/OpenGLRenderer(  666): Render dirty regions requested: true
04-19 23:21:36.125 W/JavaBinder( 1205): BinderProxy is being destroyed but the application did not call unlinkToDeath to unlink all of its death recipients beforehand.  Releasing leaked death recipient: android.hardware.camera2.CameraManager$CameraServiceDeathListener
04-19 23:21:36.177 W/chromium( 1205): [WARNING:mailbox_synchronizer.cc(36)] MailboxSync not supported due to missing EGL image/fence support
04-19 23:21:36.190 I/ActivityManager(  546): Waited long enough for: ServiceRecord{1c2072ed u0 tv.danmaku.bili/com.bilibili.comm.bbc.service.BbcClientManagerService}
04-19 23:21:36.270 D/PhoneStatusBar(  666): disable: < expand icons alerts system_info back home recent clock search >
04-19 23:21:36.396 W/art     ( 1205): Long monitor contention event with owner method=void com.android.webview.chromium.WebViewChromiumFactoryProvider$2.run() from WebViewChromiumFactoryProvider.java:181 waiters=1 for 10.595s
04-19 23:21:36.490 D/Atlas   (  546): Rendered atlas in 1137.97ms (0.05+1137.92ms)
04-19 23:21:36.490 E/BluetoothAdapter(  666): Bluetooth binder is null
04-19 23:21:36.491 D/        (  528): HostConnection::get() New Host Connection established 0xf52100e0, tid 643
